Component: ARM Compiler 5.06 update 4 (build 422) Tool: armlink [4d35d2]

==============================================================================

Section Cross References

    startup_stm32f10x_md.o(STACK) refers (Special) to stm32f10x_it.o(i.PendSV_Handler) for PendSV_Handler
    startup_stm32f10x_md.o(HEAP) refers (Special) to stm32f10x_it.o(i.PendSV_Handler) for PendSV_Handler
    startup_stm32f10x_md.o(RESET) refers (Special) to stm32f10x_it.o(i.PendSV_Handler) for PendSV_Handler
    startup_stm32f10x_md.o(RESET) refers to startup_stm32f10x_md.o(STACK) for __initial_sp
    startup_stm32f10x_md.o(RESET) refers to startup_stm32f10x_md.o(.text) for Reset_Handler
    startup_stm32f10x_md.o(RESET) refers to stm32f10x_it.o(i.NMI_Handler) for NMI_Handler
    startup_stm32f10x_md.o(RESET) refers to stm32f10x_it.o(i.HardFault_Handler) for HardFault_Handler
    startup_stm32f10x_md.o(RESET) refers to stm32f10x_it.o(i.MemManage_Handler) for MemManage_Handler
    startup_stm32f10x_md.o(RESET) refers to stm32f10x_it.o(i.BusFault_Handler) for BusFault_Handler
    startup_stm32f10x_md.o(RESET) refers to stm32f10x_it.o(i.UsageFault_Handler) for UsageFault_Handler
    startup_stm32f10x_md.o(RESET) refers to port.o(.emb_text) for vPortSVCHandler
    startup_stm32f10x_md.o(RESET) refers to stm32f10x_it.o(i.DebugMon_Handler) for DebugMon_Handler
    startup_stm32f10x_md.o(RESET) refers to port.o(i.xPortSysTickHandler) for xPortSysTickHandler
    startup_stm32f10x_md.o(RESET) refers to stm32f10x_it.o(i.EXTI0_IRQHandler) for EXTI0_IRQHandler
    startup_stm32f10x_md.o(RESET) refers to stm32f10x_it.o(i.TIM3_IRQHandler) for TIM3_IRQHandler
    startup_stm32f10x_md.o(.text) refers (Special) to stm32f10x_it.o(i.PendSV_Handler) for PendSV_Handler
    startup_stm32f10x_md.o(.text) refers to system_stm32f10x.o(i.SystemInit) for SystemInit
    startup_stm32f10x_md.o(.text) refers to entry.o(.ARM.Collect$$$$00000000) for __main
    system_stm32f10x.o(i.SetSysClock) refers to system_stm32f10x.o(i.SetSysClockTo72) for SetSysClockTo72
    system_stm32f10x.o(i.SystemCoreClockUpdate) refers to system_stm32f10x.o(.data) for SystemCoreClock
    system_stm32f10x.o(i.SystemInit) refers to system_stm32f10x.o(i.SetSysClock) for SetSysClock
    stm32f10x_gpio.o(i.GPIO_AFIODeInit) refers to stm32f10x_rcc.o(i.RCC_APB2PeriphResetCmd) for RCC_APB2PeriphResetCmd
    stm32f10x_gpio.o(i.GPIO_DeInit) refers to stm32f10x_rcc.o(i.RCC_APB2PeriphResetCmd) for RCC_APB2PeriphResetCmd
    stm32f10x_gpio.o(i.GPIO_QuickInit) refers to stm32f10x_rcc.o(i.RCC_APB2PeriphClockCmd) for RCC_APB2PeriphClockCmd
    stm32f10x_gpio.o(i.GPIO_QuickInit) refers to stm32f10x_gpio.o(i.GPIO_Init) for GPIO_Init
    stm32f10x_i2c.o(i.I2C_Ack) refers to stm32f10x_i2c.o(i.I2C_delay) for I2C_delay
    stm32f10x_i2c.o(i.I2C_INIT) refers to stm32f10x_rcc.o(i.RCC_APB2PeriphClockCmd) for RCC_APB2PeriphClockCmd
    stm32f10x_i2c.o(i.I2C_INIT) refers to stm32f10x_gpio.o(i.GPIO_Init) for GPIO_Init
    stm32f10x_i2c.o(i.I2C_INIT) refers to stm32fx_delay.o(i.DelayMs) for DelayMs
    stm32f10x_i2c.o(i.I2C_INIT) refers to stm32f10x_i2c.o(i.I2C_Stop) for I2C_Stop
    stm32f10x_i2c.o(i.I2C_NoAck) refers to stm32f10x_i2c.o(i.I2C_delay) for I2C_delay
    stm32f10x_i2c.o(i.I2C_RadeByte) refers to stm32f10x_i2c.o(i.I2C_delay) for I2C_delay
    stm32f10x_i2c.o(i.I2C_Read) refers to stm32f10x_i2c.o(i.I2C_Start) for I2C_Start
    stm32f10x_i2c.o(i.I2C_Read) refers to stm32f10x_i2c.o(i.I2C_SendByte) for I2C_SendByte
    stm32f10x_i2c.o(i.I2C_Read) refers to stm32f10x_i2c.o(i.I2C_WaitAck) for I2C_WaitAck
    stm32f10x_i2c.o(i.I2C_Read) refers to stm32f10x_i2c.o(i.I2C_RadeByte) for I2C_RadeByte
    stm32f10x_i2c.o(i.I2C_Read) refers to stm32f10x_i2c.o(i.I2C_NoAck) for I2C_NoAck
    stm32f10x_i2c.o(i.I2C_Read) refers to stm32f10x_i2c.o(i.I2C_Ack) for I2C_Ack
    stm32f10x_i2c.o(i.I2C_Read) refers to stm32f10x_i2c.o(i.I2C_Stop) for I2C_Stop
    stm32f10x_i2c.o(i.I2C_SendByte) refers to stm32f10x_i2c.o(i.I2C_delay) for I2C_delay
    stm32f10x_i2c.o(i.I2C_Start) refers to stm32f10x_i2c.o(i.I2C_delay) for I2C_delay
    stm32f10x_i2c.o(i.I2C_Stop) refers to stm32f10x_i2c.o(i.I2C_delay) for I2C_delay
    stm32f10x_i2c.o(i.I2C_WaitAck) refers to stm32f10x_i2c.o(i.I2C_delay) for I2C_delay
    stm32f10x_i2c.o(i.I2C_Write) refers to stm32f10x_i2c.o(i.I2C_Start) for I2C_Start
    stm32f10x_i2c.o(i.I2C_Write) refers to stm32f10x_i2c.o(i.I2C_SendByte) for I2C_SendByte
    stm32f10x_i2c.o(i.I2C_Write) refers to stm32f10x_i2c.o(i.I2C_WaitAck) for I2C_WaitAck
    stm32f10x_i2c.o(i.I2C_Write) refers to stm32f10x_i2c.o(i.I2C_Stop) for I2C_Stop
    stm32f10x_i2c.o(i.Single_Read) refers to stm32f10x_i2c.o(i.I2C_Start) for I2C_Start
    stm32f10x_i2c.o(i.Single_Read) refers to stm32f10x_i2c.o(i.I2C_SendByte) for I2C_SendByte
    stm32f10x_i2c.o(i.Single_Read) refers to stm32f10x_i2c.o(i.I2C_WaitAck) for I2C_WaitAck
    stm32f10x_i2c.o(i.Single_Read) refers to stm32f10x_i2c.o(i.I2C_Stop) for I2C_Stop
[...]
    .text                                    0x080008dc   Section        0  fepilogue.o(.text)
    .text                                    0x080008dc   Section        0  iusefp.o(.text)
    .text                                    0x0800094a   Section        0  depilogue.o(.text)
    .text                                    0x08000a04   Section        0  dfixul.o(.text)
    .text                                    0x08000a34   Section       48  cdrcmple.o(.text)
    .text                                    0x08000a64   Section       36  init.o(.text)
    i.ADC_Cmd                                0x08000a88   Section        0  stm32f10x_adc.o(i.ADC_Cmd)
    i.ADC_GetCalibrationStatus               0x08000a9e   Section        0  stm32f10x_adc.o(i.ADC_GetCalibrationStatus)
    i.ADC_GetConversionValue                 0x08000ab2   Section        0  stm32f10x_adc.o(i.ADC_GetConversionValue)
    i.ADC_GetFlagStatus                      0x08000aba   Section        0  stm32f10x_adc.o(i.ADC_GetFlagStatus)
    i.ADC_GetResetCalibrationStatus          0x08000acc   Section        0  stm32f10x_adc.o(i.ADC_GetResetCalibrationStatus)
    i.ADC_Init                               0x08000ae0   Section        0  stm32f10x_adc.o(i.ADC_Init)
    i.ADC_RegularChannelConfig               0x08000b30   Section        0  stm32f10x_adc.o(i.ADC_RegularChannelConfig)
    i.ADC_ResetCalibration                   0x08000be8   Section        0  stm32f10x_adc.o(i.ADC_ResetCalibration)
    i.ADC_SoftwareStartConvCmd               0x08000bf2   Section        0  stm32f10x_adc.o(i.ADC_SoftwareStartConvCmd)
    i.ADC_StartCalibration                   0x08000c08   Section        0  stm32f10x_adc.o(i.ADC_StartCalibration)
    i.BusFault_Handler                       0x08000c12   Section        0  stm32f10x_it.o(i.BusFault_Handler)
    i.DebugMon_Handler                       0x08000c16   Section        0  stm32f10x_it.o(i.DebugMon_Handler)
    i.DelayMs                                0x08000c18   Section        0  stm32fx_delay.o(i.DelayMs)
    i.EXTI0_IRQHandler                       0x08000c3c   Section        0  stm32f10x_it.o(i.EXTI0_IRQHandler)
    i.EXTI_ClearITPendingBit                 0x08000c50   Section        0  stm32f10x_exti.o(i.EXTI_ClearITPendingBit)
    i.EXTI_GetITStatus                       0x08000c5c   Section        0  stm32f10x_exti.o(i.EXTI_GetITStatus)
    i.GPIO_Init                              0x08000c84   Section        0  stm32f10x_gpio.o(i.GPIO_Init)
    i.GPIO_PinRemapConfig                    0x08000d9c   Section        0  stm32f10x_gpio.o(i.GPIO_PinRemapConfig)
    i.GPIO_QuickInit                         0x08000e2c   Section        0  stm32f10x_gpio.o(i.GPIO_QuickInit)
    i.GPIO_WriteBit                          0x08000e54   Section        0  stm32f10x_gpio.o(i.GPIO_WriteBit)
    i.Get_YG                                 0x08000e60   Section        0  yg.o(i.Get_YG)
    i.HardFault_Handler                      0x0800119c   Section        0  stm32f10x_it.o(i.HardFault_Handler)
    i.I2C_Ack                                0x080011a0   Section        0  stm32f10x_i2c.o(i.I2C_Ack)
    i.I2C_EE_BufferRead                      0x080011dc   Section        0  eeprom.o(i.I2C_EE_BufferRead)
    i.I2C_EE_BufferWrite                     0x08001242   Section        0  eeprom.o(i.I2C_EE_BufferWrite)
    i.I2C_EE_PageWrite                       0x0800136c   Section        0  eeprom.o(i.I2C_EE_PageWrite)
    i.I2C_EE_WaitEepromStandbyState          0x080013b0   Section        0  eeprom.o(i.I2C_EE_WaitEepromStandbyState)
    i.I2C_INIT                               0x080013cc   Section        0  stm32f10x_i2c.o(i.I2C_INIT)
    i.I2C_NoAck                              0x08001424   Section        0  stm32f10x_i2c.o(i.I2C_NoAck)
    i.I2C_RadeByte                           0x08001460   Section        0  stm32f10x_i2c.o(i.I2C_RadeByte)
    i.I2C_SendByte                           0x080014b8   Section        0  stm32f10x_i2c.o(i.I2C_SendByte)
    i.I2C_Start                              0x08001514   Section        0  stm32f10x_i2c.o(i.I2C_Start)
    i.I2C_Stop                               0x08001574   Section        0  stm32f10x_i2c.o(i.I2C_Stop)
    i.I2C_WaitAck                            0x080015b0   Section        0  stm32f10x_i2c.o(i.I2C_WaitAck)
    i.I2C_Write                              0x0800160c   Section        0  stm32f10x_i2c.o(i.I2C_Write)
    i.I2C_delay                              0x08001652   Section        0  stm32f10x_i2c.o(i.I2C_delay)
    i.MemManage_Handler                      0x08001664   Section        0  stm32f10x_it.o(i.MemManage_Handler)
    i.NMI_Handler                            0x08001668   Section        0  stm32f10x_it.o(i.NMI_Handler)
    i.NRF_Check                              0x0800166c   Section        0  nrf24l01.o(i.NRF_Check)
    i.NRF_RX_Mode                            0x080016b8   Section        0  nrf24l01.o(i.NRF_RX_Mode)
    i.NRF_Rx_Dat                             0x080016dc   Section        0  nrf24l01.o(i.NRF_Rx_Dat)
    i.NRF_SETUP                              0x08001720   Section        0  nrf24l01.o(i.NRF_SETUP)
    NRF_SETUP                                0x08001721   Thumb Code    94  nrf24l01.o(i.NRF_SETUP)
    i.NRF_TX_Mode                            0x0800178c   Section        0  nrf24l01.o(i.NRF_TX_Mode)
    i.NRF_Tx_Dat                             0x080017b4   Section        0  nrf24l01.o(i.NRF_Tx_Dat)
    i.PendSV_Handler                         0x08001824   Section        0  stm32f10x_it.o(i.PendSV_Handler)
    i.RCC_APB2PeriphClockCmd                 0x08001828   Section        0  stm32f10x_rcc.o(i.RCC_APB2PeriphClockCmd)
    i.RCC_GetClocksFreq                      0x08001848   Section        0  stm32f10x_rcc.o(i.RCC_GetClocksFreq)
    i.Read_ADC1_MultiChannel                 0x08001920   Section        0  yg.o(i.Read_ADC1_MultiChannel)
    i.SPI_Cmd                                0x08001980   Section        0  stm32f10x_spi.o(i.SPI_Cmd)
    i.SPI_I2S_GetFlagStatus                  0x08001998   Section        0  stm32f10x_spi.o(i.SPI_I2S_GetFlagStatus)
    i.SPI_I2S_ReceiveData                    0x080019aa   Section        0  stm32f10x_spi.o(i.SPI_I2S_ReceiveData)
    i.SPI_I2S_SendData                       0x080019b0   Section        0  stm32f10x_spi.o(i.SPI_I2S_SendData)
    i.SPI_Init                               0x080019b4   Section        0  stm32f10x_spi.o(i.SPI_Init)
    i.SPI_NRF_Init                           0x080019f0   Section        0  nrf24l01.o(i.SPI_NRF_Init)
    i.SPI_NRF_RW                             0x08001b10   Section        0  nrf24l01.o(i.SPI_NRF_RW)
    i.SPI_NRF_ReadBuf                        0x08001b48   Section        0  nrf24l01.o(i.SPI_NRF_ReadBuf)
    i.SPI_NRF_ReadReg                        0x08001b84   Section        0  nrf24l01.o(i.SPI_NRF_ReadReg)
    i.SPI_NRF_WriteBuf                       0x08001bb0   Section        0  nrf24l01.o(i.SPI_NRF_WriteBuf)
    i.SPI_NRF_WriteReg                       0x08001bec   Section        0  nrf24l01.o(i.SPI_NRF_WriteReg)
    i.ScaleLinear                            0x08001c1c   Section        0  yg.o(i.ScaleLinear)
    i.SetSysClock                            0x08001c7c   Section        0  system_stm32f10x.o(i.SetSysClock)
    SetSysClock                              0x08001c7d   Thumb Code     8  system_stm32f10x.o(i.SetSysClock)
    i.SetSysClockTo72                        0x08001c84   Section        0  system_stm32f10x.o(i.SetSysClockTo72)
    SetSysClockTo72                          0x08001c85   Thumb Code   214  system_stm32f10x.o(i.SetSysClockTo72)
    i.Single_Write                           0x08001d64   Section        0  stm32f10x_i2c.o(i.Single_Write)
    i.SystemInit                             0x08001da8   Section        0  system_stm32f10x.o(i.SystemInit)
    i.TIM3_IRQHandler                        0x08001e08   Section        0  stm32f10x_it.o(i.TIM3_IRQHandler)
    i.Task_Display                           0x08001e20   Section        0  app.o(i.Task_Display)
    Task_Display                             0x08001e21   Thumb Code    28  app.o(i.Task_Display)
    i.Task_KeyHandle                         0x08001e3c   Section        0  app.o(i.Task_KeyHandle)
    Task_KeyHandle                           0x08001e3d   Thumb Code   200  app.o(i.Task_KeyHandle)
    i.Task_Send                              0x08001f24   Section        0  app.o(i.Task_Send)
    Task_Send                                0x08001f25   Thumb Code   560  app.o(i.Task_Send)
    i.Task_Start                             0x08002174   Section        0  app.o(i.Task_Start)
    i.USART_ClearFlag                        0x08002264   Section        0  stm32f10x_usart.o(i.USART_ClearFlag)
    i.USART_Cmd                              0x08002276   Section        0  stm32f10x_usart.o(i.USART_Cmd)
    i.USART_GetFlagStatus                    0x0800228e   Section        0  stm32f10x_usart.o(i.USART_GetFlagStatus)
    i.USART_Init                             0x080022a8   Section        0  stm32f10x_usart.o(i.USART_Init)
    i.USART_SendData                         0x08002380   Section        0  stm32f10x_usart.o(i.USART_SendData)
    i.UsageFault_Handler                     0x08002388   Section        0  stm32f10x_it.o(i.UsageFault_Handler)
    i.YG_INIT                                0x0800238c   Section        0  yg.o(i.YG_INIT)
    i.__0printf                              0x0800241c   Section        0  printfa.o(i.__0printf)
    i.__0vsprintf                            0x0800243c   Section        0  printfa.o(i.__0vsprintf)
    i.__scatterload_copy                     0x08002460   Section       14  handlers.o(i.__scatterload_copy)
    i.__scatterload_null                     0x0800246e   Section        2  handlers.o(i.__scatterload_null)
    i.__scatterload_zeroinit                 0x08002470   Section       14  handlers.o(i.__scatterload_zeroinit)
    i._fp_digits                             0x08002480   Section        0  printfa.o(i._fp_digits)
    _fp_digits                               0x08002481   Thumb Code   366  printfa.o(i._fp_digits)
    i._printf_core                           0x08002604   Section        0  printfa.o(i._printf_core)
    _printf_core                             0x08002605   Thumb Code  1744  printfa.o(i._printf_core)
    i._printf_post_padding                   0x08002ce0   Section        0  printfa.o(i._printf_post_padding)
    _printf_post_padding                     0x08002ce1   Thumb Code    36  printfa.o(i._printf_post_padding)
    i._printf_pre_padding                    0x08002d04   Section        0  printfa.o(i._printf_pre_padding)
    _printf_pre_padding                      0x08002d05   Thumb Code    46  printfa.o(i._printf_pre_padding)
    i._sputc                                 0x08002d32   Section        0  printfa.o(i._sputc)
    _sputc                                   0x08002d33   Thumb Code    10  printfa.o(i._sputc)
    i.fputc                                  0x08002d3c   Section        0  debug_usart.o(i.fputc)
    i.get_bat_icon                           0x08002d60   Section        0  menu.o(i.get_bat_icon)
    get_bat_icon                             0x08002d61   Thumb Code   142  menu.o(i.get_bat_icon)
    i.get_ratio                              0x08002e0c   Section        0  yg.o(i.get_ratio)
    i.key_led_init                           0x08002f98   Section        0  key_led.o(i.key_led_init)
    i.load_setting                           0x08002fe8   Section        0  menu.o(i.load_setting)
    i.main                                   0x080030bc   Section        0  main.o(i.main)
    i.menu_display                           0x0800310c   Section        0  menu.o(i.menu_display)
    i.menu_handle                            0x0800351c   Section        0  menu.o(i.menu_handle)
    i.menu_init                              0x080036ac   Section        0  menu.o(i.menu_init)
    i.menu_loop                              0x08003854   Section        0  menu.o(i.menu_loop)
    i.oled_clear                             0x08003a00   Section        0  oled.o(i.oled_clear)
    i.oled_init                              0x08003a40   Section        0  oled.o(i.oled_init)
    i.oled_printf                            0x08003aa8   Section        0  oled.o(i.oled_printf)
    i.oled_set_xy                            0x08003ad6   Section        0  oled.o(i.oled_set_xy)
    i.oled_show_image                        0x08003b06   Section        0  oled.o(i.oled_show_image)
    i.oled_write_char                        0x08003b4c   Section        0  oled.o(i.oled_write_char)
    i.oled_write_english_string              0x08003b70   Section        0  oled.o(i.oled_write_english_string)
    i.power_get                              0x08003bb0   Section        0  battery.o(i.power_get)
    i.prvAddCurrentTaskToDelayedList         0x08003c3c   Section        0  tasks.o(i.prvAddCurrentTaskToDelayedList)
    prvAddCurrentTaskToDelayedList           0x08003c3d   Thumb Code   124  tasks.o(i.prvAddCurrentTaskToDelayedList)
    i.prvAddNewTaskToReadyList               0x08003cd4   Section        0  tasks.o(i.prvAddNewTaskToReadyList)
    prvAddNewTaskToReadyList                 0x08003cd5   Thumb Code   150  tasks.o(i.prvAddNewTaskToReadyList)
    i.prvCheckTasksWaitingTermination        0x08003d88   Section        0  tasks.o(i.prvCheckTasksWaitingTermination)
    prvCheckTasksWaitingTermination          0x08003d89   Thumb Code    86  tasks.o(i.prvCheckTasksWaitingTermination)
    i.prvCopyDataFromQueue                   0x08003dec   Section        0  queue.o(i.prvCopyDataFromQueue)
    prvCopyDataFromQueue                     0x08003ded   Thumb Code    42  queue.o(i.prvCopyDataFromQueue)
    i.prvCopyDataToQueue                     0x08003e16   Section        0  queue.o(i.prvCopyDataToQueue)
    prvCopyDataToQueue                       0x08003e17   Thumb Code   124  queue.o(i.prvCopyDataToQueue)
    i.prvDeleteTCB                           0x08003e92   Section        0  tasks.o(i.prvDeleteTCB)
    prvDeleteTCB                             0x08003e93   Thumb Code    18  tasks.o(i.prvDeleteTCB)
    i.prvHeapInit                            0x08003ea4   Section        0  heap_2.o(i.prvHeapInit)
    prvHeapInit                              0x08003ea5   Thumb Code    42  heap_2.o(i.prvHeapInit)
    i.prvIdleTask                            0x08003edc   Section        0  tasks.o(i.prvIdleTask)
    prvIdleTask                              0x08003edd   Thumb Code    32  tasks.o(i.prvIdleTask)
    i.prvInitialiseMutex                     0x08003f04   Section        0  queue.o(i.prvInitialiseMutex)
    prvInitialiseMutex                       0x08003f05   Thumb Code    28  queue.o(i.prvInitialiseMutex)
    i.prvInitialiseNewQueue                  0x08003f20   Section        0  queue.o(i.prvInitialiseNewQueue)
    prvInitialiseNewQueue                    0x08003f21   Thumb Code    42  queue.o(i.prvInitialiseNewQueue)
    i.prvInitialiseNewTask                   0x08003f4a   Section        0  tasks.o(i.prvInitialiseNewTask)
    prvInitialiseNewTask                     0x08003f4b   Thumb Code   134  tasks.o(i.prvInitialiseNewTask)
    i.prvInitialiseTaskLists                 0x08003fd0   Section        0  tasks.o(i.prvInitialiseTaskLists)
    prvInitialiseTaskLists                   0x08003fd1   Thumb Code    70  tasks.o(i.prvInitialiseTaskLists)
    i.prvIsQueueEmpty                        0x08004038   Section        0  queue.o(i.prvIsQueueEmpty)
    prvIsQueueEmpty                          0x08004039   Thumb Code    26  queue.o(i.prvIsQueueEmpty)
    i.prvIsQueueFull                         0x08004052   Section        0  queue.o(i.prvIsQueueFull)
    prvIsQueueFull                           0x08004053   Thumb Code    30  queue.o(i.prvIsQueueFull)
    i.prvNotifyQueueSetContainer             0x08004070   Section        0  queue.o(i.prvNotifyQueueSetContainer)
    prvNotifyQueueSetContainer               0x08004071   Thumb Code    82  queue.o(i.prvNotifyQueueSetContainer)
    i.prvResetNextTaskUnblockTime            0x080040c4   Section        0  tasks.o(i.prvResetNextTaskUnblockTime)
    prvResetNextTaskUnblockTime              0x080040c5   Thumb Code    42  tasks.o(i.prvResetNextTaskUnblockTime)
    i.prvTaskExitError                       0x080040f8   Section        0  port.o(i.prvTaskExitError)
    prvTaskExitError                         0x080040f9   Thumb Code    22  port.o(i.prvTaskExitError)
    i.prvTaskIsTaskSuspended                 0x08004110   Section        0  tasks.o(i.prvTaskIsTaskSuspended)
    prvTaskIsTaskSuspended                   0x08004111   Thumb Code    56  tasks.o(i.prvTaskIsTaskSuspended)
    i.prvUnlockQueue                         0x08004150   Section        0  queue.o(i.prvUnlockQueue)
    prvUnlockQueue                           0x08004151   Thumb Code   146  queue.o(i.prvUnlockQueue)
    i.pvPortMalloc                           0x080041e4   Section        0  heap_2.o(i.pvPortMalloc)
    i.pvTaskIncrementMutexHeldCount          0x0800429c   Section        0  tasks.o(i.pvTaskIncrementMutexHeldCount)
    i.pxPortInitialiseStack                  0x080042bc   Section        0  port.o(i.pxPortInitialiseStack)
    i.read_ee                                0x080042e0   Section        0  eeprom.o(i.read_ee)
    i.save_ee                                0x0800442c   Section        0  eeprom.o(i.save_ee)
    i.save_setting                           0x0800454c   Section        0  menu.o(i.save_setting)
    i.show_yg_data                           0x080045dc   Section        0  menu.o(i.show_yg_data)
    show_yg_data                             0x080045dd   Thumb Code   596  menu.o(i.show_yg_data)
    i.usart_init                             0x08004878   Section        0  debug_usart.o(i.usart_init)
    i.uxListRemove                           0x080048e4   Section        0  list.o(i.uxListRemove)
    i.vListInitialise                        0x0800490c   Section        0  list.o(i.vListInitialise)
    i.vListInitialiseItem                    0x08004926   Section        0  list.o(i.vListInitialiseItem)
    i.vListInsert                            0x0800492c   Section        0  list.o(i.vListInsert)
    i.vListInsertEnd                         0x08004960   Section        0  list.o(i.vListInsertEnd)
    i.vPortEnterCritical                     0x08004978   Section        0  port.o(i.vPortEnterCritical)
    i.vPortExitCritical                      0x0800499c   Section        0  port.o(i.vPortExitCritical)
    i.vPortFree                              0x080049bc   Section        0  heap_2.o(i.vPortFree)
    i.vPortSetupTimerInterrupt               0x080049fc   Section        0  port.o(i.vPortSetupTimerInterrupt)
    i.vTaskDelay                             0x08004a10   Section        0  tasks.o(i.vTaskDelay)
    i.vTaskDelayUntil                        0x08004a44   Section        0  tasks.o(i.vTaskDelayUntil)
    i.vTaskDelete                            0x08004ab8   Section        0  tasks.o(i.vTaskDelete)
    i.vTaskMissedYield                       0x08004b84   Section        0  tasks.o(i.vTaskMissedYield)
    i.vTaskPlaceOnEventList                  0x08004b90   Section        0  tasks.o(i.vTaskPlaceOnEventList)
    i.vTaskPriorityInherit                   0x08004bb0   Section        0  tasks.o(i.vTaskPriorityInherit)
    i.vTaskResume                            0x08004c60   Section        0  tasks.o(i.vTaskResume)
    i.vTaskSetTimeOutState                   0x08004cd8   Section        0  tasks.o(i.vTaskSetTimeOutState)
    i.vTaskStartScheduler                    0x08004cf0   Section        0  tasks.o(i.vTaskStartScheduler)
    i.vTaskSuspend                           0x08004d54   Section        0  tasks.o(i.vTaskSuspend)
    i.vTaskSuspendAll                        0x08004e10   Section        0  tasks.o(i.vTaskSuspendAll)
    i.vTaskSwitchContext                     0x08004e20   Section        0  tasks.o(i.vTaskSwitchContext)
    i.wait_cab                               0x08004e80   Section        0  yg.o(i.wait_cab)
    i.xPortGetFreeHeapSize                   0x0800514c   Section        0  heap_2.o(i.xPortGetFreeHeapSize)
    i.xPortStartScheduler                    0x08005158   Section        0  port.o(i.xPortStartScheduler)
    i.xPortSysTickHandler                    0x0800518c   Section        0  port.o(i.xPortSysTickHandler)
    i.xQueueCreateMutex                      0x080051c0   Section        0  queue.o(i.xQueueCreateMutex)
    i.xQueueGenericCreate                    0x080051e2   Section        0  queue.o(i.xQueueGenericCreate)
    i.xQueueGenericReceive                   0x0800521c   Section        0  queue.o(i.xQueueGenericReceive)
    i.xQueueGenericReset                     0x08005378   Section        0  queue.o(i.xQueueGenericReset)
    i.xQueueGenericSend                      0x080053f8   Section        0  queue.o(i.xQueueGenericSend)
    i.xTaskCheckForTimeOut                   0x08005530   Section        0  tasks.o(i.xTaskCheckForTimeOut)
    i.xTaskCreate                            0x0800558c   Section        0  tasks.o(i.xTaskCreate)
    i.xTaskGetTickCount                      0x080055ec   Section        0  tasks.o(i.xTaskGetTickCount)
    i.xTaskIncrementTick                     0x080055f8   Section        0  tasks.o(i.xTaskIncrementTick)
    i.xTaskPriorityDisinherit                0x08005714   Section        0  tasks.o(i.xTaskPriorityDisinherit)
    i.xTaskRemoveFromEventList               0x08005798   Section        0  tasks.o(i.xTaskRemoveFromEventList)
    i.xTaskResumeAll                         0x08005818   Section        0  tasks.o(i.xTaskResumeAll)
    .constdata                               0x08005900   Section     4440  oled.o(.constdata)
    .constdata                               0x08006a58   Section        4  eeprom.o(.constdata)
    .constdata                               0x08006a5c   Section       48  menu.o(.constdata)
    .data                                    0x20000000   Section       20  stm32f10x_rcc.o(.data)
    APBAHBPrescTable                         0x20000000   Data          16  stm32f10x_rcc.o(.data)
    ADCPrescTable                            0x20000010   Data           4  stm32f10x_rcc.o(.data)
    .data                                    0x20000014   Section       24  heap_2.o(.data)
    xStart                                   0x20000014   Data           8  heap_2.o(.data)
    xEnd                                     0x2000001c   Data           8  heap_2.o(.data)
    xFreeBytesRemaining                      0x20000024   Data           4  heap_2.o(.data)
    xHeapHasBeenInitialised                  0x20000028   Data           4  heap_2.o(.data)
    .data                                    0x2000002c   Section        4  port.o(.data)
    uxCriticalNesting                        0x2000002c   Data           4  port.o(.data)
    .data                                    0x20000030   Section       60  tasks.o(.data)
    pxDelayedTaskList                        0x20000034   Data           4  tasks.o(.data)
    pxOverflowDelayedTaskList                0x20000038   Data           4  tasks.o(.data)
    uxDeletedTasksWaitingCleanUp             0x2000003c   Data           4  tasks.o(.data)
    uxCurrentNumberOfTasks                   0x20000040   Data           4  tasks.o(.data)
    xTickCount                               0x20000044   Data           4  tasks.o(.data)
    uxTopReadyPriority                       0x20000048   Data           4  tasks.o(.data)
    xSchedulerRunning                        0x2000004c   Data           4  tasks.o(.data)
    uxPendedTicks                            0x20000050   Data           4  tasks.o(.data)
    xYieldPending                            0x20000054   Data           4  tasks.o(.data)
    xNumOfOverflows                          0x20000058   Data           4  tasks.o(.data)
    uxTaskNumber                             0x2000005c   Data           4  tasks.o(.data)
    xNextTaskUnblockTime                     0x20000060   Data           4  tasks.o(.data)
    xIdleTaskHandle                          0x20000064   Data           4  tasks.o(.data)
    uxSchedulerSuspended                     0x20000068   Data           4  tasks.o(.data)
    .data                                    0x2000006c   Section       32  app.o(.data)
    .data                                    0x2000008c   Section       71  nrf24l01.o(.data)
    .data                                    0x200000d4   Section       19  menu.o(.data)
    .data                                    0x200000e8   Section        8  battery.o(.data)
    .data                                    0x200000f0   Section        4  stdout.o(.data)
    .bss                                     0x200000f4   Section    17408  heap_2.o(.bss)
    ucHeap                                   0x200000f4   Data       17408  heap_2.o(.bss)
    .bss                                     0x200044f4   Section      300  tasks.o(.bss)
    pxReadyTasksLists                        0x200044f4   Data         200  tasks.o(.bss)
    xDelayedTaskList1                        0x200045bc   Data          20  tasks.o(.bss)
    xDelayedTaskList2                        0x200045d0   Data          20  tasks.o(.bss)
    xPendingReadyList                        0x200045e4   Data          20  tasks.o(.bss)
    xTasksWaitingTermination                 0x200045f8   Data          20  tasks.o(.bss)
    xSuspendedTaskList                       0x2000460c   Data          20  tasks.o(.bss)
    .bss                                     0x20004620   Section       72  yg.o(.bss)
    .bss                                     0x20004668   Section      560  menu.o(.bss)
    STACK                                    0x20004898   Section     1024  startup_stm32f10x_md.o(STACK)

    Global Symbols

    Symbol Name                              Value     Ov Type        Size  Object(Section)

    BuildAttributes$$THM_ISAv4$P$D$K$B$S$PE$A:L22UL41UL21$X:L11$S22US41US21$IEEE1$IW$USESV6$~STKCKD$USESV7$~SHL$OTIME$ROPI$EBA8$MICROLIB$REQ8$PRES8$EABIv2 0x00000000   Number         0  anon$$obj.o ABSOLUTE
    __ARM_use_no_argv                        0x00000000   Number         0  main.o ABSOLUTE
    _printf_a                                0x00000000   Number         0  stubs.o ABSOLUTE
    _printf_c                                0x00000000   Number         0  stubs.o ABSOLUTE
    _printf_charcount                        0x00000000   Number         0  stubs.o ABSOLUTE
    _printf_d                                0x00000000   Number         0  stubs.o ABSOLUTE
    _printf_e                                0x00000000   Number         0  stubs.o ABSOLUTE
    _printf_f                                0x00000000   Number         0  stubs.o ABSOLUTE
    _printf_flags                            0x00000000   Number         0  stubs.o ABSOLUTE
    _printf_fp_dec                           0x00000000   Number         0  stubs.o ABSOLUTE
    _printf_fp_hex                           0x00000000   Number         0  stubs.o ABSOLUTE
    _printf_g                                0x00000000   Number         0  stubs.o ABSOLUTE
    _printf_i                                0x00000000   Number         0  stubs.o ABSOLUTE
    _printf_int_dec                          0x00000000   Number         0  stubs.o ABSOLUTE
    _printf_l                                0x00000000   Number         0  stubs.o ABSOLUTE
    _printf_lc                               0x00000000   Number         0  stubs.o ABSOLUTE
    _printf_ll                               0x00000000   Number         0  stubs.o ABSOLUTE
    _printf_lld                              0x00000000   Number         0  stubs.o ABSOLUTE
    _printf_lli                              0x00000000   Number         0  stubs.o ABSOLUTE
    _printf_llo                              0x00000000   Number         0  stubs.o ABSOLUTE
    _printf_llu                              0x00000000   Number         0  stubs.o ABSOLUTE
    _printf_llx                              0x00000000   Number         0  stubs.o ABSOLUTE
    _printf_longlong_dec                     0x00000000   Number         0  stubs.o ABSOLUTE
    _printf_longlong_hex                     0x00000000   Number         0  stubs.o ABSOLUTE
    _printf_longlong_oct                     0x00000000   Number         0  stubs.o ABSOLUTE
    _printf_ls                               0x00000000   Number         0  stubs.o ABSOLUTE
    _printf_mbtowc                           0x00000000   Number         0  stubs.o ABSOLUTE
    _printf_n                                0x00000000   Number         0  stubs.o ABSOLUTE
    _printf_o                                0x00000000   Number         0  stubs.o ABSOLUTE
    _printf_p                                0x00000000   Number         0  stubs.o ABSOLUTE
    _printf_percent                          0x00000000   Number         0  stubs.o ABSOLUTE
    _printf_pre_padding                      0x00000000   Number         0  stubs.o ABSOLUTE
    _printf_return_value                     0x00000000   Number         0  stubs.o ABSOLUTE
    _printf_s                                0x00000000   Number         0  stubs.o ABSOLUTE
    _printf_sizespec                         0x00000000   Number         0  stubs.o ABSOLUTE
    _printf_str                              0x00000000   Number         0  stubs.o ABSOLUTE
    _printf_truncate_signed                  0x00000000   Number         0  stubs.o ABSOLUTE
    _printf_truncate_unsigned                0x00000000   Number         0  stubs.o ABSOLUTE
    _printf_u                                0x00000000   Number         0  stubs.o ABSOLUTE
    _printf_wc                               0x00000000   Number         0  stubs.o ABSOLUTE
    _printf_wctomb                           0x00000000   Number         0  stubs.o ABSOLUTE
    _printf_widthprec                        0x00000000   Number         0  stubs.o ABSOLUTE
    _printf_x                                0x00000000   Number         0  stubs.o ABSOLUTE
    __cpp_initialize__aeabi_                  - Undefined Weak Reference
    __cxa_finalize                            - Undefined Weak Reference
    __decompress                              - Undefined Weak Reference
    _clock_init                               - Undefined Weak Reference
    _microlib_exit                            - Undefined Weak Reference
    __Vectors_Size                           0x000000ec   Number         0  startup_stm32f10x_md.o ABSOLUTE
    __Vectors                                0x08000000   Data           4  startup_stm32f10x_md.o(RESET)
    __Vectors_End                            0x080000ec   Data           0  startup_stm32f10x_md.o(RESET)
    __main                                   0x080000ed   Thumb Code     0  entry.o(.ARM.Collect$$$$00000000)
    _main_stk                                0x080000ed   Thumb Code     0  entry2.o(.ARM.Collect$$$$00000001)
    _main_scatterload                        0x080000f1   Thumb Code     0  entry5.o(.ARM.Collect$$$$00000004)
    __main_after_scatterload                 0x080000f5   Thumb Code     0  entry5.o(.ARM.Collect$$$$00000004)
    _main_clock                              0x080000f5   Thumb Code     0  entry7b.o(.ARM.Collect$$$$00000008)
    _main_cpp_init                           0x080000f5   Thumb Code     0  entry8b.o(.ARM.Collect$$$$0000000A)
    _main_init                               0x080000f5   Thumb Code     0  entry9a.o(.ARM.Collect$$$$0000000B)
    __rt_final_cpp                           0x080000fd   Thumb Code     0  entry10a.o(.ARM.Collect$$$$0000000D)
    __rt_final_exit                          0x080000fd   Thumb Code     0  entry11a.o(.ARM.Collect$$$$0000000F)
    vPortSVCHandler                          0x08000101   Thumb Code    32  port.o(.emb_text)
    __asm___6_port_c_39a90d8d__prvStartFirstTask 0x08000125   Thumb Code    28  port.o(.emb_text)
    xPortPendSVHandler                       0x08000145   Thumb Code    72  port.o(.emb_text)
    vPortGetIPSR                             0x08000191   Thumb Code     6  port.o(.emb_text)
    Reset_Handler                            0x08000199   Thumb Code     8  startup_stm32f10x_md.o(.text)
    OS_CPU_PendSVHandler                     0x080001af   Thumb Code     2  startup_stm32f10x_md.o(.text)
    ADC1_2_IRQHandler                        0x080001b3   Thumb Code     0  startup_stm32f10x_md.o(.text)
    CAN1_RX1_IRQHandler                      0x080001b3   Thumb Code     0  startup_stm32f10x_md.o(.text)
    CAN1_SCE_IRQHandler                      0x080001b3   Thumb Code     0  startup_stm32f10x_md.o(.text)
    DMA1_Channel1_IRQHandler                 0x080001b3   Thumb Code     0  startup_stm32f10x_md.o(.text)
    DMA1_Channel2_IRQHandler                 0x080001b3   Thumb Code     0  startup_stm32f10x_md.o(.text)
    DMA1_Channel3_IRQHandler                 0x080001b3   Thumb Code     0  startup_stm32f10x_md.o(.text)
    DMA1_Channel4_IRQHandler                 0x080001b3   Thumb Code     0  startup_stm32f10x_md.o(.text)
    DMA1_Channel5_IRQHandler                 0x080001b3   Thumb Code     0  startup_stm32f10x_md.o(.text)
    DMA1_Channel6_IRQHandler                 0x080001b3   Thumb Code     0  startup_stm32f10x_md.o(.text)
    DMA1_Channel7_IRQHandler                 0x080001b3   Thumb Code     0  startup_stm32f10x_md.o(.text)
    EXTI15_10_IRQHandler                     0x080001b3   Thumb Code     0  startup_stm32f10x_md.o(.text)
    EXTI1_IRQHandler                         0x080001b3   Thumb Code     0  startup_stm32f10x_md.o(.text)
    EXTI2_IRQHandler                         0x080001b3   Thumb Code     0  startup_stm32f10x_md.o(.text)
    EXTI3_IRQHandler                         0x080001b3   Thumb Code     0  startup_stm32f10x_md.o(.text)
    EXTI4_IRQHandler                         0x080001b3   Thumb Code     0  startup_stm32f10x_md.o(.text)
    EXTI9_5_IRQHandler                       0x080001b3   Thumb Code     0  startup_stm32f10x_md.o(.text)
    FLASH_IRQHandler                         0x080001b3   Thumb Code     0  startup_stm32f10x_md.o(.text)
    I2C1_ER_IRQHandler                       0x080001b3   Thumb Code     0  startup_stm32f10x_md.o(.text)
    I2C1_EV_IRQHandler                       0x080001b3   Thumb Code     0  startup_stm32f10x_md.o(.text)
    I2C2_ER_IRQHandler                       0x080001b3   Thumb Code     0  startup_stm32f10x_md.o(.text)
    I2C2_EV_IRQHandler                       0x080001b3   Thumb Code     0  startup_stm32f10x_md.o(.text)
    PVD_IRQHandler                           0x080001b3   Thumb Code     0  startup_stm32f10x_md.o(.text)
    RCC_IRQHandler                           0x080001b3   Thumb Code     0  startup_stm32f10x_md.o(.text)
    RTCAlarm_IRQHandler                      0x080001b3   Thumb Code     0  startup_stm32f10x_md.o(.text)
    RTC_IRQHandler                           0x080001b3   Thumb Code     0  startup_stm32f10x_md.o(.text)
    SPI1_IRQHandler                          0x080001b3   Thumb Code     0  startup_stm32f10x_md.o(.text)
    SPI2_IRQHandler                          0x080001b3   Thumb Code     0  startup_stm32f10x_md.o(.text)
    TAMPER_IRQHandler                        0x080001b3   Thumb Code     0  startup_stm32f10x_md.o(.text)
    TIM1_BRK_IRQHandler                      0x080001b3   Thumb Code     0  startup_stm32f10x_md.o(.text)
    TIM1_CC_IRQHandler                       0x080001b3   Thumb Code     0  startup_stm32f10x_md.o(.text)
    TIM1_TRG_COM_IRQHandler                  0x080001b3   Thumb Code     0  startup_stm32f10x_md.o(.text)
    TIM1_UP_IRQHandler                       0x080001b3   Thumb Code     0  startup_stm32f10x_md.o(.text)
    TIM2_IRQHandler                          0x080001b3   Thumb Code     0  startup_stm32f10x_md.o(.text)
    TIM4_IRQHandler                          0x080001b3   Thumb Code     0  startup_stm32f10x_md.o(.text)
    USART1_IRQHandler                        0x080001b3   Thumb Code     0  startup_stm32f10x_md.o(.text)
    USART2_IRQHandler                        0x080001b3   Thumb Code     0  startup_stm32f10x_md.o(.text)
    USART3_IRQHandler                        0x080001b3   Thumb Code     0  startup_stm32f10x_md.o(.text)
    USBWakeUp_IRQHandler                     0x080001b3   Thumb Code     0  startup_stm32f10x_md.o(.text)
    USB_HP_CAN1_TX_IRQHandler                0x080001b3   Thumb Code     0  startup_stm32f10x_md.o(.text)
    USB_LP_CAN1_RX0_IRQHandler               0x080001b3   Thumb Code     0  startup_stm32f10x_md.o(.text)
    WWDG_IRQHandler                          0x080001b3   Thumb Code     0  startup_stm32f10x_md.o(.text)
    __aeabi_memcpy                           0x080001bd   Thumb Code    36  memcpya.o(.text)
    __aeabi_memcpy4                          0x080001bd   Thumb Code     0  memcpya.o(.text)
    __aeabi_memcpy8                          0x080001bd   Thumb Code     0  memcpya.o(.text)
    __aeabi_memset                           0x080001e1   Thumb Code    14  memseta.o(.text)
    __aeabi_memset4                          0x080001e1   Thumb Code     0  memseta.o(.text)
    __aeabi_memset8                          0x080001e1   Thumb Code     0  memseta.o(.text)
    __aeabi_memclr                           0x080001ef   Thumb Code     4  memseta.o(.text)
    __aeabi_memclr4                          0x080001ef   Thumb Code     0  memseta.o(.text)
    __aeabi_memclr8                          0x080001ef   Thumb Code     0  memseta.o(.text)
    _memset$wrapper                          0x080001f3   Thumb Code    18  memseta.o(.text)
    __aeabi_fadd                             0x08000205   Thumb Code   164  fadd.o(.text)
    __aeabi_fsub                             0x080002a9   Thumb Code     6  fadd.o(.text)
    __aeabi_frsub                            0x080002af   Thumb Code     6  fadd.o(.text)
    __aeabi_fmul                             0x080002b5   Thumb Code   100  fmul.o(.text)
    __aeabi_fdiv                             0x08000319   Thumb Code   124  fdiv.o(.text)
    __aeabi_dadd                             0x08000395   Thumb Code   322  dadd.o(.text)
    __aeabi_dsub                             0x080004d7   Thumb Code     6  dadd.o(.text)
    __aeabi_drsub                            0x080004dd   Thumb Code     6  dadd.o(.text)
    __aeabi_dmul                             0x080004e3   Thumb Code   228  dmul.o(.text)
    __aeabi_ddiv                             0x080005c7   Thumb Code   222  ddiv.o(.text)
    __aeabi_i2f                              0x080006a5   Thumb Code    18  fflti.o(.text)
    __aeabi_i2d                              0x080006b7   Thumb Code    34  dflti.o(.text)
    __aeabi_f2iz                             0x080006d9   Thumb Code    50  ffixi.o(.text)
    __aeabi_f2uiz                            0x0800070b   Thumb Code    40  ffixui.o(.text)
    __aeabi_d2uiz                            0x08000733   Thumb Code    50  dfixui.o(.text)
    __aeabi_f2d                              0x08000765   Thumb Code    38  f2d.o(.text)
    __aeabi_d2f                              0x0800078b   Thumb Code    56  d2f.o(.text)
    __aeabi_cfcmpeq                          0x080007c5   Thumb Code     0  cfcmple.o(.text)
    __aeabi_cfcmple                          0x080007c5   Thumb Code    20  cfcmple.o(.text)
    __aeabi_cfrcmple                         0x080007d9   Thumb Code    20  cfrcmple.o(.text)
    __aeabi_uidiv                            0x080007ed   Thumb Code     0  uidiv.o(.text)
    __aeabi_uidivmod                         0x080007ed   Thumb Code    44  uidiv.o(.text)
    __aeabi_uldivmod                         0x08000819   Thumb Code    98  uldiv.o(.text)
    __aeabi_llsl                             0x0800087b   Thumb Code    30  llshl.o(.text)
    _ll_shift_l                              0x0800087b   Thumb Code     0  llshl.o(.text)
    __aeabi_llsr                             0x08000899   Thumb Code    32  llushr.o(.text)
    _ll_ushift_r                             0x08000899   Thumb Code     0  llushr.o(.text)
    __aeabi_lasr                             0x080008b9   Thumb Code    36  llsshr.o(.text)
    _ll_sshift_r                             0x080008b9   Thumb Code     0  llsshr.o(.text)
    __I$use$fp                               0x080008dd   Thumb Code     0  iusefp.o(.text)
    _float_round                             0x080008dd   Thumb Code    18  fepilogue.o(.text)
    _float_epilogue                          0x080008ef   Thumb Code    92  fepilogue.o(.text)
    _double_round                            0x0800094b   Thumb Code    30  depilogue.o(.text)
    _double_epilogue                         0x08000969   Thumb Code   156  depilogue.o(.text)
    __aeabi_d2ulz                            0x08000a05   Thumb Code    48  dfixul.o(.text)
    __aeabi_cdrcmple                         0x08000a35   Thumb Code    48  cdrcmple.o(.text)
    __scatterload                            0x08000a65   Thumb Code    28  init.o(.text)
    __scatterload_rt2                        0x08000a65   Thumb Code     0  init.o(.text)
    ADC_Cmd                                  0x08000a89   Thumb Code    22  stm32f10x_adc.o(i.ADC_Cmd)
    ADC_GetCalibrationStatus                 0x08000a9f   Thumb Code    20  stm32f10x_adc.o(i.ADC_GetCalibrationStatus)
    ADC_GetConversionValue                   0x08000ab3   Thumb Code     8  stm32f10x_adc.o(i.ADC_GetConversionValue)
    ADC_GetFlagStatus                        0x08000abb   Thumb Code    18  stm32f10x_adc.o(i.ADC_GetFlagStatus)
    ADC_GetResetCalibrationStatus            0x08000acd   Thumb Code    20  stm32f10x_adc.o(i.ADC_GetResetCalibrationStatus)
    ADC_Init                                 0x08000ae1   Thumb Code    70  stm32f10x_adc.o(i.ADC_Init)
    ADC_RegularChannelConfig                 0x08000b31   Thumb Code   184  stm32f10x_adc.o(i.ADC_RegularChannelConfig)
    ADC_ResetCalibration                     0x08000be9   Thumb Code    10  stm32f10x_adc.o(i.ADC_ResetCalibration)
    ADC_SoftwareStartConvCmd                 0x08000bf3   Thumb Code    22  stm32f10x_adc.o(i.ADC_SoftwareStartConvCmd)
    ADC_StartCalibration                     0x08000c09   Thumb Code    10  stm32f10x_adc.o(i.ADC_StartCalibration)
    BusFault_Handler                         0x08000c13   Thumb Code     4  stm32f10x_it.o(i.BusFault_Handler)
    DebugMon_Handler                         0x08000c17   Thumb Code     2  stm32f10x_it.o(i.DebugMon_Handler)
    DelayMs                                  0x08000c19   Thumb Code    36  stm32fx_delay.o(i.DelayMs)
    EXTI0_IRQHandler                         0x08000c3d   Thumb Code    18  stm32f10x_it.o(i.EXTI0_IRQHandler)
    EXTI_ClearITPendingBit                   0x08000c51   Thumb Code     6  stm32f10x_exti.o(i.EXTI_ClearITPendingBit)
    EXTI_GetITStatus                         0x08000c5d   Thumb Code    34  stm32f10x_exti.o(i.EXTI_GetITStatus)
    GPIO_Init                                0x08000c85   Thumb Code   278  stm32f10x_gpio.o(i.GPIO_Init)
    GPIO_PinRemapConfig                      0x08000d9d   Thumb Code   138  stm32f10x_gpio.o(i.GPIO_PinRemapConfig)
    GPIO_QuickInit                           0x08000e2d   Thumb Code    40  stm32f10x_gpio.o(i.GPIO_QuickInit)
    GPIO_WriteBit                            0x08000e55   Thumb Code    10  stm32f10x_gpio.o(i.GPIO_WriteBit)
    Get_YG                                   0x08000e61   Thumb Code   810  yg.o(i.Get_YG)
    HardFault_Handler                        0x0800119d   Thumb Code     4  stm32f10x_it.o(i.HardFault_Handler)
    I2C_Ack                                  0x080011a1   Thumb Code    54  stm32f10x_i2c.o(i.I2C_Ack)
    I2C_EE_BufferRead                        0x080011dd   Thumb Code   102  eeprom.o(i.I2C_EE_BufferRead)
    I2C_EE_BufferWrite                       0x08001243   Thumb Code   298  eeprom.o(i.I2C_EE_BufferWrite)
    I2C_EE_PageWrite                         0x0800136d   Thumb Code    68  eeprom.o(i.I2C_EE_PageWrite)
    I2C_EE_WaitEepromStandbyState            0x080013b1   Thumb Code    28  eeprom.o(i.I2C_EE_WaitEepromStandbyState)
    I2C_INIT                                 0x080013cd   Thumb Code    84  stm32f10x_i2c.o(i.I2C_INIT)
    I2C_NoAck                                0x08001425   Thumb Code    56  stm32f10x_i2c.o(i.I2C_NoAck)
    I2C_RadeByte                             0x08001461   Thumb Code    82  stm32f10x_i2c.o(i.I2C_RadeByte)
    I2C_SendByte                             0x080014b9   Thumb Code    86  stm32f10x_i2c.o(i.I2C_SendByte)
    I2C_Start                                0x08001515   Thumb Code    90  stm32f10x_i2c.o(i.I2C_Start)
    I2C_Stop                                 0x08001575   Thumb Code    56  stm32f10x_i2c.o(i.I2C_Stop)
    I2C_WaitAck                              0x080015b1   Thumb Code    86  stm32f10x_i2c.o(i.I2C_WaitAck)
    I2C_Write                                0x0800160d   Thumb Code    70  stm32f10x_i2c.o(i.I2C_Write)
    I2C_delay                                0x08001653   Thumb Code    18  stm32f10x_i2c.o(i.I2C_delay)
    MemManage_Handler                        0x08001665   Thumb Code     4  stm32f10x_it.o(i.MemManage_Handler)
    NMI_Handler                              0x08001669   Thumb Code     2  stm32f10x_it.o(i.NMI_Handler)
    NRF_Check                                0x0800166d   Thumb Code    68  nrf24l01.o(i.NRF_Check)
    NRF_RX_Mode                              0x080016b9   Thumb Code    26  nrf24l01.o(i.NRF_RX_Mode)
    NRF_Rx_Dat                               0x080016dd   Thumb Code    58  nrf24l01.o(i.NRF_Rx_Dat)
    NRF_TX_Mode                              0x0800178d   Thumb Code    30  nrf24l01.o(i.NRF_TX_Mode)
    NRF_Tx_Dat                               0x080017b5   Thumb Code   102  nrf24l01.o(i.NRF_Tx_Dat)
    PendSV_Handler                           0x08001825   Thumb Code     2  stm32f10x_it.o(i.PendSV_Handler)
    RCC_APB2PeriphClockCmd                   0x08001829   Thumb Code    26  stm32f10x_rcc.o(i.RCC_APB2PeriphClockCmd)
    RCC_GetClocksFreq                        0x08001849   Thumb Code   192  stm32f10x_rcc.o(i.RCC_GetClocksFreq)
    Read_ADC1_MultiChannel                   0x08001921   Thumb Code    90  yg.o(i.Read_ADC1_MultiChannel)
    SPI_Cmd                                  0x08001981   Thumb Code    24  stm32f10x_spi.o(i.SPI_Cmd)
    SPI_I2S_GetFlagStatus                    0x08001999   Thumb Code    18  stm32f10x_spi.o(i.SPI_I2S_GetFlagStatus)
    SPI_I2S_ReceiveData                      0x080019ab   Thumb Code     6  stm32f10x_spi.o(i.SPI_I2S_ReceiveData)
    SPI_I2S_SendData                         0x080019b1   Thumb Code     4  stm32f10x_spi.o(i.SPI_I2S_SendData)
    SPI_Init                                 0x080019b5   Thumb Code    60  stm32f10x_spi.o(i.SPI_Init)
    SPI_NRF_Init                             0x080019f1   Thumb Code   254  nrf24l01.o(i.SPI_NRF_Init)
    SPI_NRF_RW                               0x08001b11   Thumb Code    50  nrf24l01.o(i.SPI_NRF_RW)
    SPI_NRF_ReadBuf                          0x08001b49   Thumb Code    56  nrf24l01.o(i.SPI_NRF_ReadBuf)
    SPI_NRF_ReadReg                          0x08001b85   Thumb Code    36  nrf24l01.o(i.SPI_NRF_ReadReg)
    SPI_NRF_WriteBuf                         0x08001bb1   Thumb Code    54  nrf24l01.o(i.SPI_NRF_WriteBuf)
    SPI_NRF_WriteReg                         0x08001bed   Thumb Code    38  nrf24l01.o(i.SPI_NRF_WriteReg)
    ScaleLinear                              0x08001c1d   Thumb Code    96  yg.o(i.ScaleLinear)
    Single_Write                             0x08001d65   Thumb Code    66  stm32f10x_i2c.o(i.Single_Write)
    SystemInit                               0x08001da9   Thumb Code    78  system_stm32f10x.o(i.SystemInit)
    TIM3_IRQHandler                          0x08001e09   Thumb Code    20  stm32f10x_it.o(i.TIM3_IRQHandler)
    Task_Start                               0x08002175   Thumb Code   148  app.o(i.Task_Start)
    USART_ClearFlag                          0x08002265   Thumb Code    18  stm32f10x_usart.o(i.USART_ClearFlag)
    USART_Cmd                                0x08002277   Thumb Code    24  stm32f10x_usart.o(i.USART_Cmd)
    USART_GetFlagStatus                      0x0800228f   Thumb Code    26  stm32f10x_usart.o(i.USART_GetFlagStatus)
    USART_Init                               0x080022a9   Thumb Code   210  stm32f10x_usart.o(i.USART_Init)
    USART_SendData                           0x08002381   Thumb Code     8  stm32f10x_usart.o(i.USART_SendData)
    UsageFault_Handler                       0x08002389   Thumb Code     4  stm32f10x_it.o(i.UsageFault_Handler)
    YG_INIT                                  0x0800238d   Thumb Code   132  yg.o(i.YG_INIT)
    __0printf                                0x0800241d   Thumb Code    22  printfa.o(i.__0printf)
    __1printf                                0x0800241d   Thumb Code     0  printfa.o(i.__0printf)
    __2printf                                0x0800241d   Thumb Code     0  printfa.o(i.__0printf)
    __c89printf                              0x0800241d   Thumb Code     0  printfa.o(i.__0printf)
    printf                                   0x0800241d   Thumb Code     0  printfa.o(i.__0printf)
    __0vsprintf                              0x0800243d   Thumb Code    30  printfa.o(i.__0vsprintf)
    __1vsprintf                              0x0800243d   Thumb Code     0  printfa.o(i.__0vsprintf)
    __2vsprintf                              0x0800243d   Thumb Code     0  printfa.o(i.__0vsprintf)
    __c89vsprintf                            0x0800243d   Thumb Code     0  printfa.o(i.__0vsprintf)
    vsprintf                                 0x0800243d   Thumb Code     0  printfa.o(i.__0vsprintf)
    __scatterload_copy                       0x08002461   Thumb Code    14  handlers.o(i.__scatterload_copy)
    __scatterload_null                       0x0800246f   Thumb Code     2  handlers.o(i.__scatterload_null)
    __scatterload_zeroinit                   0x08002471   Thumb Code    14  handlers.o(i.__scatterload_zeroinit)
    fputc                                    0x08002d3d   Thumb Code    32  debug_usart.o(i.fputc)
    get_ratio                                0x08002e0d   Thumb Code   364  yg.o(i.get_ratio)
    key_led_init                             0x08002f99   Thumb Code    62  key_led.o(i.key_led_init)
    load_setting                             0x08002fe9   Thumb Code   182  menu.o(i.load_setting)
    main                                     0x080030bd   Thumb Code    64  main.o(i.main)
    menu_display                             0x0800310d   Thumb Code   910  menu.o(i.menu_display)
    menu_handle                              0x0800351d   Thumb Code   372  menu.o(i.menu_handle)
    menu_init                                0x080036ad   Thumb Code   326  menu.o(i.menu_init)
    menu_loop                                0x08003855   Thumb Code   400  menu.o(i.menu_loop)
    oled_clear                               0x08003a01   Thumb Code    62  oled.o(i.oled_clear)
    oled_init                                0x08003a41   Thumb Code    76  oled.o(i.oled_init)
    oled_printf                              0x08003aa9   Thumb Code    46  oled.o(i.oled_printf)
    oled_set_xy                              0x08003ad7   Thumb Code    48  oled.o(i.oled_set_xy)
    oled_show_image                          0x08003b07   Thumb Code    70  oled.o(i.oled_show_image)
    oled_write_char                          0x08003b4d   Thumb Code    30  oled.o(i.oled_write_char)
    oled_write_english_string                0x08003b71   Thumb Code    62  oled.o(i.oled_write_english_string)
    power_get                                0x08003bb1   Thumb Code   110  battery.o(i.power_get)
    pvPortMalloc                             0x080041e5   Thumb Code   166  heap_2.o(i.pvPortMalloc)
    pvTaskIncrementMutexHeldCount            0x0800429d   Thumb Code    26  tasks.o(i.pvTaskIncrementMutexHeldCount)
    pxPortInitialiseStack                    0x080042bd   Thumb Code    30  port.o(i.pxPortInitialiseStack)
    read_ee                                  0x080042e1   Thumb Code   310  eeprom.o(i.read_ee)
    save_ee                                  0x0800442d   Thumb Code   270  eeprom.o(i.save_ee)
    save_setting                             0x0800454d   Thumb Code   118  menu.o(i.save_setting)
    usart_init                               0x08004879   Thumb Code   100  debug_usart.o(i.usart_init)
    uxListRemove                             0x080048e5   Thumb Code    40  list.o(i.uxListRemove)
    vListInitialise                          0x0800490d   Thumb Code    26  list.o(i.vListInitialise)
    vListInitialiseItem                      0x08004927   Thumb Code     6  list.o(i.vListInitialiseItem)
    vListInsert                              0x0800492d   Thumb Code    52  list.o(i.vListInsert)
    vListInsertEnd                           0x08004961   Thumb Code    24  list.o(i.vListInsertEnd)
    vPortEnterCritical                       0x08004979   Thumb Code    30  port.o(i.vPortEnterCritical)
    vPortExitCritical                        0x0800499d   Thumb Code    28  port.o(i.vPortExitCritical)
    vPortFree                                0x080049bd   Thumb Code    56  heap_2.o(i.vPortFree)
    vPortSetupTimerInterrupt                 0x080049fd   Thumb Code    14  port.o(i.vPortSetupTimerInterrupt)
    vTaskDelay                               0x08004a11   Thumb Code    46  tasks.o(i.vTaskDelay)
    vTaskDelayUntil                          0x08004a45   Thumb Code   106  tasks.o(i.vTaskDelayUntil)
    vTaskDelete                              0x08004ab9   Thumb Code   166  tasks.o(i.vTaskDelete)
    vTaskMissedYield                         0x08004b85   Thumb Code     8  tasks.o(i.vTaskMissedYield)
    vTaskPlaceOnEventList                    0x08004b91   Thumb Code    28  tasks.o(i.vTaskPlaceOnEventList)
    vTaskPriorityInherit                     0x08004bb1   Thumb Code   164  tasks.o(i.vTaskPriorityInherit)
    vTaskResume                              0x08004c61   Thumb Code   104  tasks.o(i.vTaskResume)
    vTaskSetTimeOutState                     0x08004cd9   Thumb Code    14  tasks.o(i.vTaskSetTimeOutState)
    vTaskStartScheduler                      0x08004cf1   Thumb Code    72  tasks.o(i.vTaskStartScheduler)
    vTaskSuspend                             0x08004d55   Thumb Code   160  tasks.o(i.vTaskSuspend)
    vTaskSuspendAll                          0x08004e11   Thumb Code    12  tasks.o(i.vTaskSuspendAll)
    vTaskSwitchContext                       0x08004e21   Thumb Code    76  tasks.o(i.vTaskSwitchContext)
    wait_cab                                 0x08004e81   Thumb Code   624  yg.o(i.wait_cab)
    xPortGetFreeHeapSize                     0x0800514d   Thumb Code     6  heap_2.o(i.xPortGetFreeHeapSize)
    xPortStartScheduler                      0x08005159   Thumb Code    42  port.o(i.xPortStartScheduler)
    xPortSysTickHandler                      0x0800518d   Thumb Code    46  port.o(i.xPortSysTickHandler)
    xQueueCreateMutex                        0x080051c1   Thumb Code    34  queue.o(i.xQueueCreateMutex)
    xQueueGenericCreate                      0x080051e3   Thumb Code    56  queue.o(i.xQueueGenericCreate)
    xQueueGenericReceive                     0x0800521d   Thumb Code   342  queue.o(i.xQueueGenericReceive)
    xQueueGenericReset                       0x08005379   Thumb Code   122  queue.o(i.xQueueGenericReset)
    xQueueGenericSend                        0x080053f9   Thumb Code   308  queue.o(i.xQueueGenericSend)
    xTaskCheckForTimeOut                     0x08005531   Thumb Code    84  tasks.o(i.xTaskCheckForTimeOut)
    xTaskCreate                              0x0800558d   Thumb Code    96  tasks.o(i.xTaskCreate)
    xTaskGetTickCount                        0x080055ed   Thumb Code     6  tasks.o(i.xTaskGetTickCount)
    xTaskIncrementTick                       0x080055f9   Thumb Code   238  tasks.o(i.xTaskIncrementTick)
    xTaskPriorityDisinherit                  0x08005715   Thumb Code   122  tasks.o(i.xTaskPriorityDisinherit)
    xTaskRemoveFromEventList                 0x08005799   Thumb Code   104  tasks.o(i.xTaskRemoveFromEventList)
    xTaskResumeAll                           0x08005819   Thumb Code   196  tasks.o(i.xTaskResumeAll)
    font6x8                                  0x08005900   Data         552  oled.o(.constdata)
    data_img_lock_                           0x08005b28   Data         210  oled.o(.constdata)
    data_img_unlock_                         0x08005bfa   Data         210  oled.o(.constdata)
    singal_full_                             0x08005ccc   Data           8  oled.o(.constdata)
    singal_null_                             0x08005cd4   Data           8  oled.o(.constdata)
    bat_00_                                  0x08005cdc   Data           5  oled.o(.constdata)
    bat_01_                                  0x08005ce1   Data           5  oled.o(.constdata)
    bat_02_                                  0x08005ce6   Data           5  oled.o(.constdata)
    bat_03_                                  0x08005ceb   Data           5  oled.o(.constdata)
    bat_04_                                  0x08005cf0   Data           5  oled.o(.constdata)
    bat_05_                                  0x08005cf5   Data           5  oled.o(.constdata)
    hold_mode_data_                          0x08005cfa   Data          51  oled.o(.constdata)
    hand_mode_data_                          0x08005d2d   Data          51  oled.o(.constdata)
    uheard_mode_data_                        0x08005d60   Data          51  oled.o(.constdata)
    heard_mode_data_                         0x08005d93   Data          51  oled.o(.constdata)
    menu_fly_mode_                           0x08005dc6   Data         100  oled.o(.constdata)
    menu_ctrl_mode_                          0x08005e2a   Data         100  oled.o(.constdata)
    menu_ctrl_rate_                          0x08005e8e   Data         100  oled.o(.constdata)
    menu_function_                           0x08005ef2   Data         100  oled.o(.constdata)
    menu_calibration_                        0x08005f56   Data         100  oled.o(.constdata)
    menu_clear_line_                         0x08005fba   Data         100  oled.o(.constdata)
    menu_pointer_                            0x0800601e   Data          30  oled.o(.constdata)
    menu_clear_pointer_                      0x0800603c   Data          30  oled.o(.constdata)
    menu_fly_mode_hode_                      0x0800605a   Data         100  oled.o(.constdata)
    menu_fly_mode_hand_                      0x080060be   Data         100  oled.o(.constdata)
    menu_ctrl_mode_uheard_                   0x08006122   Data         100  oled.o(.constdata)
    menu_ctrl_mode_heard_                    0x08006186   Data         100  oled.o(.constdata)
    menu_ctrl_rate_slow_                     0x080061ea   Data         100  oled.o(.constdata)
    menu_ctrl_rate_medium_                   0x0800624e   Data         100  oled.o(.constdata)
    menu_ctrl_rate_fast_                     0x080062b2   Data         100  oled.o(.constdata)
    menu_function_collision_                 0x08006316   Data         100  oled.o(.constdata)
    menu_function_throwing_                  0x0800637a   Data         100  oled.o(.constdata)
    menu_calibration_acc_                    0x080063de   Data         100  oled.o(.constdata)
    menu_calibration_gyr_                    0x08006442   Data         100  oled.o(.constdata)
    menu_calibration_joy_                    0x080064a6   Data         100  oled.o(.constdata)
    menu_select_                             0x0800650a   Data          18  oled.o(.constdata)
    menu_unselect_                           0x0800651c   Data          18  oled.o(.constdata)
    start_                                   0x0800652e   Data        1024  oled.o(.constdata)
    data_img_lock                            0x08006930   Data           8  oled.o(.constdata)
    data_img_unlock                          0x08006938   Data           8  oled.o(.constdata)
    singal_full                              0x08006940   Data           8  oled.o(.constdata)
    singal_null                              0x08006948   Data           8  oled.o(.constdata)
    bat_00                                   0x08006950   Data           8  oled.o(.constdata)
    bat_01                                   0x08006958   Data           8  oled.o(.constdata)
    bat_02                                   0x08006960   Data           8  oled.o(.constdata)
    bat_03                                   0x08006968   Data           8  oled.o(.constdata)
    bat_04                                   0x08006970   Data           8  oled.o(.constdata)
    bat_05                                   0x08006978   Data           8  oled.o(.constdata)
    hold_mode_data                           0x08006980   Data           8  oled.o(.constdata)
    hand_mode_data                           0x08006988   Data           8  oled.o(.constdata)
    uheard_mode_data                         0x08006990   Data           8  oled.o(.constdata)
    heard_mode_data                          0x08006998   Data           8  oled.o(.constdata)
    menu_fly_mode                            0x080069a0   Data           8  oled.o(.constdata)
    menu_ctrl_mode                           0x080069a8   Data           8  oled.o(.constdata)
    menu_ctrl_rate                           0x080069b0   Data           8  oled.o(.constdata)
    menu_function                            0x080069b8   Data           8  oled.o(.constdata)
    menu_calibration                         0x080069c0   Data           8  oled.o(.constdata)
    menu_fly_mode_hode                       0x080069c8   Data           8  oled.o(.constdata)
    menu_fly_mode_hand                       0x080069d0   Data           8  oled.o(.constdata)
    menu_ctrl_mode_uheard                    0x080069d8   Data           8  oled.o(.constdata)
    menu_ctrl_mode_heard                     0x080069e0   Data           8  oled.o(.constdata)
    menu_ctrl_rate_slow                      0x080069e8   Data           8  oled.o(.constdata)
    menu_ctrl_rate_medium                    0x080069f0   Data           8  oled.o(.constdata)
    menu_ctrl_rate_fast                      0x080069f8   Data           8  oled.o(.constdata)
    menu_function_collision                  0x08006a00   Data           8  oled.o(.constdata)
    menu_function_throwing                   0x08006a08   Data           8  oled.o(.constdata)
    menu_calibration_acc                     0x08006a10   Data           8  oled.o(.constdata)
    menu_calibration_gyr                     0x08006a18   Data           8  oled.o(.constdata)
    menu_calibration_joy                     0x08006a20   Data           8  oled.o(.constdata)
    menu_select                              0x08006a28   Data           8  oled.o(.constdata)
    menu_unselect                            0x08006a30   Data           8  oled.o(.constdata)
    menu_pointer                             0x08006a38   Data           8  oled.o(.constdata)
    menu_clear_pointer                       0x08006a40   Data           8  oled.o(.constdata)
    menu_clear_line                          0x08006a48   Data           8  oled.o(.constdata)
    start                                    0x08006a50   Data           8  oled.o(.constdata)
    show_dt                                  0x08006a5c   Data           8  menu.o(.constdata)
    Region$$Table$$Base                      0x08006a8c   Number         0  anon$$obj.o(Region$$Table)
    Region$$Table$$Limit                     0x08006aac   Number         0  anon$$obj.o(Region$$Table)
    pxCurrentTCB                             0x20000030   Data           4  tasks.o(.data)
    app_data                                 0x2000006c   Data          10  app.o(.data)
    startTaskHandle                          0x20000078   Data           4  app.o(.data)
    SendTaskHandle                           0x2000007c   Data           4  app.o(.data)
    DisplayTaskHandle                        0x20000080   Data           4  app.o(.data)
    KeyTaskHandle                            0x20000084   Data           4  app.o(.data)
    adc_sem                                  0x20000088   Data           4  app.o(.data)
    gSensorNRF                               0x2000008c   Data          71  nrf24l01.o(.data)
    Roll                                     0x200000d4   Data           4  menu.o(.data)
    Pitch                                    0x200000d8   Data           4  menu.o(.data)
    Yaw                                      0x200000dc   Data           4  menu.o(.data)
    menu_now                                 0x200000e0   Data           4  menu.o(.data)
    menu_setting                             0x200000e4   Data           1  menu.o(.data)
    flag                                     0x200000e5   Data           2  menu.o(.data)
    power_adc                                0x200000e8   Data           2  battery.o(.data)
    power_value                              0x200000ec   Data           4  battery.o(.data)
    __stdout                                 0x200000f0   Data           4  stdout.o(.data)
    YG_DATA                                  0x20004620   Data          72  yg.o(.bss)
    show_dt_                                 0x20004668   Data         128  menu.o(.bss)
    menu                                     0x200046e8   Data          72  menu.o(.bss)
    fly_mode                                 0x20004730   Data          72  menu.o(.bss)
    ctrl_mode                                0x20004778   Data          72  menu.o(.bss)
    ctrl_rate                                0x200047c0   Data          72  menu.o(.bss)
    function                                 0x20004808   Data          72  menu.o(.bss)
    calibration                              0x20004850   Data          72  menu.o(.bss)
    __initial_sp                             0x20004c98   Data           0  startup_stm32f10x_md.o(STACK)



==============================================================================

Memory Map of the image

  Image Entry point : 0x080000ed

  Load Region LR_IROM1 (Base: 0x08000000, Size: 0x00006ba0, Max: 0x0000c000, ABSOLUTE)

    Execution Region ER_IROM1 (Base: 0x08000000, Size: 0x00006aac, Max: 0x0000c000, ABSOLUTE)

    Base Addr    Size         Type   Attr      Idx    E Section Name        Object

    0x08000000   0x000000ec   Data   RO            3    RESET               startup_stm32f10x_md.o
    0x080000ec   0x00000000   Code   RO         3072  * .ARM.Collect$$$$00000000  mc_w.l(entry.o)
    0x080000ec   0x00000004   Code   RO         3372    .ARM.Collect$$$$00000001  mc_w.l(entry2.o)
    0x080000f0   0x00000004   Code   RO         3375    .ARM.Collect$$$$00000004  mc_w.l(entry5.o)
    0x080000f4   0x00000000   Code   RO         3377    .ARM.Collect$$$$00000008  mc_w.l(entry7b.o)
    0x080000f4   0x00000000   Code   RO         3379    .ARM.Collect$$$$0000000A  mc_w.l(entry8b.o)
    0x080000f4   0x00000008   Code   RO         3380    .ARM.Collect$$$$0000000B  mc_w.l(entry9a.o)
    0x080000fc   0x00000000   Code   RO         3382    .ARM.Collect$$$$0000000D  mc_w.l(entry10a.o)
    0x080000fc   0x00000000   Code   RO         3384    .ARM.Collect$$$$0000000F  mc_w.l(entry11a.o)
    0x080000fc   0x00000004   Code   RO         3373    .ARM.Collect$$$$00002712  mc_w.l(entry2.o)
    0x08000100   0x00000096   Code   RO         1977    .emb_text           port.o
    0x08000196   0x00000002   PAD
    0x08000198   0x00000024   Code   RO            4    .text               startup_stm32f10x_md.o
    0x080001bc   0x00000024   Code   RO         3075    .text               mc_w.l(memcpya.o)
    0x080001e0   0x00000024   Code   RO         3077    .text               mc_w.l(memseta.o)
    0x08000204   0x000000b0   Code   RO         3342    .text               mf_w.l(fadd.o)
    0x080002b4   0x00000064   Code   RO         3344    .text               mf_w.l(fmul.o)
    0x08000318   0x0000007c   Code   RO         3346    .text               mf_w.l(fdiv.o)
    0x08000394   0x0000014e   Code   RO         3348    .text               mf_w.l(dadd.o)
    0x080004e2   0x000000e4   Code   RO         3350    .text               mf_w.l(dmul.o)
    0x080005c6   0x000000de   Code   RO         3352    .text               mf_w.l(ddiv.o)
    0x080006a4   0x00000012   Code   RO         3354    .text               mf_w.l(fflti.o)
    0x080006b6   0x00000022   Code   RO         3356    .text               mf_w.l(dflti.o)
    0x080006d8   0x00000032   Code   RO         3358    .text               mf_w.l(ffixi.o)
    0x0800070a   0x00000028   Code   RO         3360    .text               mf_w.l(ffixui.o)
    0x08000732   0x00000032   Code   RO         3362    .text               mf_w.l(dfixui.o)
    0x08000764   0x00000026   Code   RO         3364    .text               mf_w.l(f2d.o)
    0x0800078a   0x00000038   Code   RO         3366    .text               mf_w.l(d2f.o)
    0x080007c2   0x00000002   PAD
    0x080007c4   0x00000014   Code   RO         3368    .text               mf_w.l(cfcmple.o)
    0x080007d8   0x00000014   Code   RO         3370    .text               mf_w.l(cfrcmple.o)
    0x080007ec   0x0000002c   Code   RO         3387    .text               mc_w.l(uidiv.o)
    0x08000818   0x00000062   Code   RO         3389    .text               mc_w.l(uldiv.o)
    0x0800087a   0x0000001e   Code   RO         3391    .text               mc_w.l(llshl.o)
    0x08000898   0x00000020   Code   RO         3393    .text               mc_w.l(llushr.o)
    0x080008b8   0x00000024   Code   RO         3395    .text               mc_w.l(llsshr.o)
    0x080008dc   0x00000000   Code   RO         3397    .text               mc_w.l(iusefp.o)
    0x080008dc   0x0000006e   Code   RO         3398    .text               mf_w.l(fepilogue.o)
    0x0800094a   0x000000ba   Code   RO         3400    .text               mf_w.l(depilogue.o)
    0x08000a04   0x00000030   Code   RO         3402    .text               mf_w.l(dfixul.o)
    0x08000a34   0x00000030   Code   RO         3404    .text               mf_w.l(cdrcmple.o)
    0x08000a64   0x00000024   Code   RO         3406    .text               mc_w.l(init.o)
    0x08000a88   0x00000016   Code   RO         1571    i.ADC_Cmd           stm32f10x_adc.o
    0x08000a9e   0x00000014   Code   RO         1579    i.ADC_GetCalibrationStatus  stm32f10x_adc.o
    0x08000ab2   0x00000008   Code   RO         1580    i.ADC_GetConversionValue  stm32f10x_adc.o
    0x08000aba   0x00000012   Code   RO         1582    i.ADC_GetFlagStatus  stm32f10x_adc.o
    0x08000acc   0x00000014   Code   RO         1585    i.ADC_GetResetCalibrationStatus  stm32f10x_adc.o
    0x08000ae0   0x00000050   Code   RO         1589    i.ADC_Init          stm32f10x_adc.o
    0x08000b30   0x000000b8   Code   RO         1593    i.ADC_RegularChannelConfig  stm32f10x_adc.o
    0x08000be8   0x0000000a   Code   RO         1594    i.ADC_ResetCalibration  stm32f10x_adc.o
    0x08000bf2   0x00000016   Code   RO         1596    i.ADC_SoftwareStartConvCmd  stm32f10x_adc.o
    0x08000c08   0x0000000a   Code   RO         1598    i.ADC_StartCalibration  stm32f10x_adc.o
    0x08000c12   0x00000004   Code   RO         2536    i.BusFault_Handler  stm32f10x_it.o
    0x08000c16   0x00000002   Code   RO         2537    i.DebugMon_Handler  stm32f10x_it.o
    0x08000c18   0x00000024   Code   RO         1534    i.DelayMs           stm32fx_delay.o
    0x08000c3c   0x00000012   Code   RO         2538    i.EXTI0_IRQHandler  stm32f10x_it.o
    0x08000c4e   0x00000002   PAD
    0x08000c50   0x0000000c   Code   RO          142    i.EXTI_ClearITPendingBit  stm32f10x_exti.o
    0x08000c5c   0x00000028   Code   RO          146    i.EXTI_GetITStatus  stm32f10x_exti.o
    0x08000c84   0x00000116   Code   RO          201    i.GPIO_Init         stm32f10x_gpio.o
    0x08000d9a   0x00000002   PAD
    0x08000d9c   0x00000090   Code   RO          203    i.GPIO_PinRemapConfig  stm32f10x_gpio.o
    0x08000e2c   0x00000028   Code   RO          204    i.GPIO_QuickInit    stm32f10x_gpio.o
    0x08000e54   0x0000000a   Code   RO          213    i.GPIO_WriteBit     stm32f10x_gpio.o
    0x08000e5e   0x00000002   PAD
    0x08000e60   0x0000033c   Code   RO         2767    i.Get_YG            yg.o
    0x0800119c   0x00000004   Code   RO         2539    i.HardFault_Handler  stm32f10x_it.o
    0x080011a0   0x0000003c   Code   RO          315    i.I2C_Ack           stm32f10x_i2c.o
    0x080011dc   0x00000066   Code   RO         2944    i.I2C_EE_BufferRead  eeprom.o
    0x08001242   0x0000012a   Code   RO         2945    i.I2C_EE_BufferWrite  eeprom.o
    0x0800136c   0x00000044   Code   RO         2946    i.I2C_EE_PageWrite  eeprom.o
    0x080013b0   0x0000001c   Code   RO         2947    i.I2C_EE_WaitEepromStandbyState  eeprom.o
    0x080013cc   0x00000058   Code   RO          316    i.I2C_INIT          stm32f10x_i2c.o
    0x08001424   0x0000003c   Code   RO          317    i.I2C_NoAck         stm32f10x_i2c.o
    0x08001460   0x00000058   Code   RO          318    i.I2C_RadeByte      stm32f10x_i2c.o
    0x080014b8   0x0000005c   Code   RO          320    i.I2C_SendByte      stm32f10x_i2c.o
    0x08001514   0x00000060   Code   RO          321    i.I2C_Start         stm32f10x_i2c.o
    0x08001574   0x0000003c   Code   RO          322    i.I2C_Stop          stm32f10x_i2c.o
    0x080015b0   0x0000005c   Code   RO          323    i.I2C_WaitAck       stm32f10x_i2c.o
    0x0800160c   0x00000046   Code   RO          324    i.I2C_Write         stm32f10x_i2c.o
    0x08001652   0x00000012   Code   RO          325    i.I2C_delay         stm32f10x_i2c.o
    0x08001664   0x00000004   Code   RO         2540    i.MemManage_Handler  stm32f10x_it.o
    0x08001668   0x00000002   Code   RO         2541    i.NMI_Handler       stm32f10x_it.o
    0x0800166a   0x00000002   PAD
    0x0800166c   0x0000004c   Code   RO         2819    i.NRF_Check         nrf24l01.o
    0x080016b8   0x00000024   Code   RO         2820    i.NRF_RX_Mode       nrf24l01.o
    0x080016dc   0x00000044   Code   RO         2821    i.NRF_Rx_Dat        nrf24l01.o
    0x08001720   0x0000006c   Code   RO         2822    i.NRF_SETUP         nrf24l01.o
    0x0800178c   0x00000028   Code   RO         2823    i.NRF_TX_Mode       nrf24l01.o
    0x080017b4   0x00000070   Code   RO         2824    i.NRF_Tx_Dat        nrf24l01.o
    0x08001824   0x00000002   Code   RO         2542    i.PendSV_Handler    stm32f10x_it.o
    0x08001826   0x00000002   PAD
    0x08001828   0x00000020   Code   RO          466    i.RCC_APB2PeriphClockCmd  stm32f10x_rcc.o
    0x08001848   0x000000d8   Code   RO          474    i.RCC_GetClocksFreq  stm32f10x_rcc.o
    0x08001920   0x00000060   Code   RO         2768    i.Read_ADC1_MultiChannel  yg.o
    0x08001980   0x00000018   Code   RO          667    i.SPI_Cmd           stm32f10x_spi.o
    0x08001998   0x00000012   Code   RO          675    i.SPI_I2S_GetFlagStatus  stm32f10x_spi.o
    0x080019aa   0x00000006   Code   RO          678    i.SPI_I2S_ReceiveData  stm32f10x_spi.o
    0x080019b0   0x00000004   Code   RO          679    i.SPI_I2S_SendData  stm32f10x_spi.o
    0x080019b4   0x0000003c   Code   RO          680    i.SPI_Init          stm32f10x_spi.o
    0x080019f0   0x00000120   Code   RO         2825    i.SPI_NRF_Init      nrf24l01.o
    0x08001b10   0x00000038   Code   RO         2826    i.SPI_NRF_RW        nrf24l01.o
    0x08001b48   0x0000003c   Code   RO         2827    i.SPI_NRF_ReadBuf   nrf24l01.o
    0x08001b84   0x0000002c   Code   RO         2828    i.SPI_NRF_ReadReg   nrf24l01.o
    0x08001bb0   0x0000003c   Code   RO         2829    i.SPI_NRF_WriteBuf  nrf24l01.o
    0x08001bec   0x00000030   Code   RO         2830    i.SPI_NRF_WriteReg  nrf24l01.o
    0x08001c1c   0x00000060   Code   RO         2769    i.ScaleLinear       yg.o
    0x08001c7c   0x00000008   Code   RO           24    i.SetSysClock       system_stm32f10x.o
    0x08001c84   0x000000e0   Code   RO           25    i.SetSysClockTo72   system_stm32f10x.o
    0x08001d64   0x00000042   Code   RO          327    i.Single_Write      stm32f10x_i2c.o
    0x08001da6   0x00000002   PAD
    0x08001da8   0x00000060   Code   RO           27    i.SystemInit        system_stm32f10x.o
    0x08001e08   0x00000018   Code   RO         2545    i.TIM3_IRQHandler   stm32f10x_it.o
    0x08001e20   0x0000001c   Code   RO         2669    i.Task_Display      app.o
    0x08001e3c   0x000000e8   Code   RO         2670    i.Task_KeyHandle    app.o
    0x08001f24   0x00000250   Code   RO         2671    i.Task_Send         app.o
    0x08002174   0x000000f0   Code   RO         2672    i.Task_Start        app.o
    0x08002264   0x00000012   Code   RO         1354    i.USART_ClearFlag   stm32f10x_usart.o
    0x08002276   0x00000018   Code   RO         1358    i.USART_Cmd         stm32f10x_usart.o
    0x0800228e   0x0000001a   Code   RO         1361    i.USART_GetFlagStatus  stm32f10x_usart.o
    0x080022a8   0x000000d8   Code   RO         1365    i.USART_Init        stm32f10x_usart.o
    0x08002380   0x00000008   Code   RO         1375    i.USART_SendData    stm32f10x_usart.o
    0x08002388   0x00000004   Code   RO         2546    i.UsageFault_Handler  stm32f10x_it.o
    0x0800238c   0x00000090   Code   RO         2770    i.YG_INIT           yg.o
    0x0800241c   0x00000020   Code   RO         3314    i.__0printf         mc_w.l(printfa.o)
    0x0800243c   0x00000024   Code   RO         3320    i.__0vsprintf       mc_w.l(printfa.o)
    0x08002460   0x0000000e   Code   RO         3410    i.__scatterload_copy  mc_w.l(handlers.o)
    0x0800246e   0x00000002   Code   RO         3411    i.__scatterload_null  mc_w.l(handlers.o)
    0x08002470   0x0000000e   Code   RO         3412    i.__scatterload_zeroinit  mc_w.l(handlers.o)
    0x0800247e   0x00000002   PAD
    0x08002480   0x00000184   Code   RO         3321    i._fp_digits        mc_w.l(printfa.o)
    0x08002604   0x000006dc   Code   RO         3322    i._printf_core      mc_w.l(printfa.o)
    0x08002ce0   0x00000024   Code   RO         3323    i._printf_post_padding  mc_w.l(printfa.o)
    0x08002d04   0x0000002e   Code   RO         3324    i._printf_pre_padding  mc_w.l(printfa.o)
    0x08002d32   0x0000000a   Code   RO         3326    i._sputc            mc_w.l(printfa.o)
    0x08002d3c   0x00000024   Code   RO         2902    i.fputc             debug_usart.o
    0x08002d60   0x000000ac   Code   RO         2987    i.get_bat_icon      menu.o
    0x08002e0c   0x0000018c   Code   RO         2771    i.get_ratio         yg.o
    0x08002f98   0x00000050   Code   RO         2920    i.key_led_init      key_led.o
    0x08002fe8   0x000000d4   Code   RO         2988    i.load_setting      menu.o
    0x080030bc   0x00000050   Code   RO         2626    i.main              main.o
    0x0800310c   0x00000410   Code   RO         2989    i.menu_display      menu.o
    0x0800351c   0x00000190   Code   RO         2990    i.menu_handle       menu.o
    0x080036ac   0x000001a8   Code   RO         2991    i.menu_init         menu.o
    0x08003854   0x000001ac   Code   RO         2992    i.menu_loop         menu.o
    0x08003a00   0x0000003e   Code   RO         2706    i.oled_clear        oled.o
    0x08003a3e   0x00000002   PAD
    0x08003a40   0x00000068   Code   RO         2707    i.oled_init         oled.o
    0x08003aa8   0x0000002e   Code   RO         2708    i.oled_printf       oled.o
    0x08003ad6   0x00000030   Code   RO         2709    i.oled_set_xy       oled.o
    0x08003b06   0x00000046   Code   RO         2710    i.oled_show_image   oled.o
    0x08003b4c   0x00000024   Code   RO         2711    i.oled_write_char   oled.o
    0x08003b70   0x0000003e   Code   RO         2712    i.oled_write_english_string  oled.o
    0x08003bae   0x00000002   PAD
    0x08003bb0   0x0000008c   Code   RO         3053    i.power_get         battery.o
    0x08003c3c   0x00000098   Code   RO         2239    i.prvAddCurrentTaskToDelayedList  tasks.o
    0x08003cd4   0x000000b4   Code   RO         2240    i.prvAddNewTaskToReadyList  tasks.o
    0x08003d88   0x00000064   Code   RO         2241    i.prvCheckTasksWaitingTermination  tasks.o
    0x08003dec   0x0000002a   Code   RO         2054    i.prvCopyDataFromQueue  queue.o
    0x08003e16   0x0000007c   Code   RO         2055    i.prvCopyDataToQueue  queue.o
    0x08003e92   0x00000012   Code   RO         2242    i.prvDeleteTCB      tasks.o
    0x08003ea4   0x00000038   Code   RO         1891    i.prvHeapInit       heap_2.o
    0x08003edc   0x00000028   Code   RO         2243    i.prvIdleTask       tasks.o
    0x08003f04   0x0000001c   Code   RO         2056    i.prvInitialiseMutex  queue.o
    0x08003f20   0x0000002a   Code   RO         2057    i.prvInitialiseNewQueue  queue.o
    0x08003f4a   0x00000086   Code   RO         2244    i.prvInitialiseNewTask  tasks.o
    0x08003fd0   0x00000068   Code   RO         2245    i.prvInitialiseTaskLists  tasks.o
    0x08004038   0x0000001a   Code   RO         2058    i.prvIsQueueEmpty   queue.o
    0x08004052   0x0000001e   Code   RO         2059    i.prvIsQueueFull    queue.o
    0x08004070   0x00000052   Code   RO         2060    i.prvNotifyQueueSetContainer  queue.o
    0x080040c2   0x00000002   PAD
    0x080040c4   0x00000034   Code   RO         2246    i.prvResetNextTaskUnblockTime  tasks.o
    0x080040f8   0x00000016   Code   RO         1978    i.prvTaskExitError  port.o
    0x0800410e   0x00000002   PAD
    0x08004110   0x00000040   Code   RO         2247    i.prvTaskIsTaskSuspended  tasks.o
    0x08004150   0x00000092   Code   RO         2061    i.prvUnlockQueue    queue.o
    0x080041e2   0x00000002   PAD
    0x080041e4   0x000000b8   Code   RO         1892    i.pvPortMalloc      heap_2.o
    0x0800429c   0x00000020   Code   RO         2248    i.pvTaskIncrementMutexHeldCount  tasks.o
    0x080042bc   0x00000024   Code   RO         1979    i.pxPortInitialiseStack  port.o
    0x080042e0   0x0000014c   Code   RO         2948    i.read_ee           eeprom.o
    0x0800442c   0x00000120   Code   RO         2949    i.save_ee           eeprom.o
    0x0800454c   0x00000090   Code   RO         2993    i.save_setting      menu.o
    0x080045dc   0x0000029c   Code   RO         2994    i.show_yg_data      menu.o
    0x08004878   0x0000006c   Code   RO         2903    i.usart_init        debug_usart.o
    0x080048e4   0x00000028   Code   RO         1941    i.uxListRemove      list.o
    0x0800490c   0x0000001a   Code   RO         1942    i.vListInitialise   list.o
    0x08004926   0x00000006   Code   RO         1943    i.vListInitialiseItem  list.o
    0x0800492c   0x00000034   Code   RO         1944    i.vListInsert       list.o
    0x08004960   0x00000018   Code   RO         1945    i.vListInsertEnd    list.o
    0x08004978   0x00000024   Code   RO         1981    i.vPortEnterCritical  port.o
    0x0800499c   0x00000020   Code   RO         1982    i.vPortExitCritical  port.o
    0x080049bc   0x00000040   Code   RO         1893    i.vPortFree         heap_2.o
    0x080049fc   0x00000014   Code   RO         1983    i.vPortSetupTimerInterrupt  port.o
    0x08004a10   0x00000034   Code   RO         2254    i.vTaskDelay        tasks.o
    0x08004a44   0x00000074   Code   RO         2255    i.vTaskDelayUntil   tasks.o
    0x08004ab8   0x000000cc   Code   RO         2256    i.vTaskDelete       tasks.o
    0x08004b84   0x0000000c   Code   RO         2258    i.vTaskMissedYield  tasks.o
    0x08004b90   0x00000020   Code   RO         2260    i.vTaskPlaceOnEventList  tasks.o
    0x08004bb0   0x000000b0   Code   RO         2262    i.vTaskPriorityInherit  tasks.o
    0x08004c60   0x00000078   Code   RO         2264    i.vTaskResume       tasks.o
    0x08004cd8   0x00000018   Code   RO         2265    i.vTaskSetTimeOutState  tasks.o
    0x08004cf0   0x00000064   Code   RO         2266    i.vTaskStartScheduler  tasks.o
    0x08004d54   0x000000bc   Code   RO         2267    i.vTaskSuspend      tasks.o
    0x08004e10   0x00000010   Code   RO         2268    i.vTaskSuspendAll   tasks.o
    0x08004e20   0x00000060   Code   RO         2269    i.vTaskSwitchContext  tasks.o
    0x08004e80   0x000002cc   Code   RO         2772    i.wait_cab          yg.o
    0x0800514c   0x0000000c   Code   RO         1895    i.xPortGetFreeHeapSize  heap_2.o
    0x08005158   0x00000034   Code   RO         1984    i.xPortStartScheduler  port.o
    0x0800518c   0x00000034   Code   RO         1985    i.xPortSysTickHandler  port.o
    0x080051c0   0x00000022   Code   RO         2067    i.xQueueCreateMutex  queue.o
    0x080051e2   0x00000038   Code   RO         2069    i.xQueueGenericCreate  queue.o
    0x0800521a   0x00000002   PAD
    0x0800521c   0x0000015c   Code   RO         2070    i.xQueueGenericReceive  queue.o
    0x08005378   0x00000080   Code   RO         2071    i.xQueueGenericReset  queue.o
    0x080053f8   0x00000138   Code   RO         2072    i.xQueueGenericSend  queue.o
    0x08005530   0x0000005c   Code   RO         2270    i.xTaskCheckForTimeOut  tasks.o
    0x0800558c   0x00000060   Code   RO         2271    i.xTaskCreate       tasks.o
    0x080055ec   0x0000000c   Code   RO         2275    i.xTaskGetTickCount  tasks.o
    0x080055f8   0x0000011c   Code   RO         2277    i.xTaskIncrementTick  tasks.o
    0x08005714   0x00000084   Code   RO         2280    i.xTaskPriorityDisinherit  tasks.o
    0x08005798   0x00000080   Code   RO         2281    i.xTaskRemoveFromEventList  tasks.o
    0x08005818   0x000000e8   Code   RO         2283    i.xTaskResumeAll    tasks.o
    0x08005900   0x00001158   Data   RO         2713    .constdata          oled.o
    0x08006a58   0x00000004   Data   RO         2950    .constdata          eeprom.o
    0x08006a5c   0x00000030   Data   RO         2996    .constdata          menu.o
    0x08006a8c   0x00000020   Data   RO         3408    Region$$Table       anon$$obj.o


    Execution Region RW_IRAM1 (Base: 0x20000000, Size: 0x00004c98, Max: 0x00005000, ABSOLUTE)

    Base Addr    Size         Type   Attr      Idx    E Section Name        Object

    0x20000000   0x00000014   Data   RW          494    .data               stm32f10x_rcc.o
    0x20000014   0x00000018   Data   RW         1897    .data               heap_2.o
    0x2000002c   0x00000004   Data   RW         1986    .data               port.o
    0x20000030   0x0000003c   Data   RW         2286    .data               tasks.o
    0x2000006c   0x00000020   Data   RW         2673    .data               app.o
    0x2000008c   0x00000047   Data   RW         2831    .data               nrf24l01.o
    0x200000d3   0x00000001   PAD
    0x200000d4   0x00000013   Data   RW         2997    .data               menu.o
    0x200000e7   0x00000001   PAD
    0x200000e8   0x00000008   Data   RW         3054    .data               battery.o
    0x200000f0   0x00000004   Data   RW         3386    .data               mc_w.l(stdout.o)
    0x200000f4   0x00004400   Zero   RW         1896    .bss                heap_2.o
    0x200044f4   0x0000012c   Zero   RW         2285    .bss                tasks.o
    0x20004620   0x00000048   Zero   RW         2773    .bss                yg.o
    0x20004668   0x00000230   Zero   RW         2995    .bss                menu.o
    0x20004898   0x00000400   Zero   RW            1    STACK               startup_stm32f10x_md.o


==============================================================================

Image component sizes


      Code (inc. data)   RO Data    RW Data    ZI Data      Debug   Object Name

      1092        156          0         32          0       3367   app.o
       140         30          0          8          0        728   battery.o
         0          0          0          0          0       4508   core_cm3.o
       144         12          0          0          0       1133   debug_usart.o
      1116         40          4          0          0       4568   eeprom.o
         0          0          0          0          0      11412   event_groups.o
       316         46          0         24      17408      11742   heap_2.o
        80         18          0          0          0        459   key_led.o
       148          0          0          0          0       3070   list.o
        80         16          0          0          0       3815   main.o
      3488        442         48         19        560       7599   menu.o
       996        130          0         71          0       8897   nrf24l01.o
       428         34       4440          0          0       9958   oled.o
       400         50          0          4          0       8720   port.o
      1398         16          0          0          0      13430   queue.o
        36          8        236          0       1024        868   startup_stm32f10x_md.o
       394         10          0          0          0       7945   stm32f10x_adc.o
        52         12          0          0          0       1116   stm32f10x_exti.o
       472          6          0          0          0       4027   stm32f10x_gpio.o
       790         42          0          0          0       6667   stm32f10x_i2c.o
        64          4          0          0          0       5796   stm32f10x_it.o
       248         30          0         20          0       3829   stm32f10x_rcc.o
       112          0          0          0          0       3794   stm32f10x_spi.o
       292          6          0          0          0       4526   stm32f10x_usart.o
        36          0          0          0          0        846   stm32fx_delay.o
       328         28          0          0          0     244017   system_stm32f10x.o
      2988        448          0         60        300      29783   tasks.o
      2276        160          0          0         72       4663   yg.o

    ----------------------------------------------------------------------
     17940       1744       4760        240      19364     411283   Object Totals
         0          0         32          0          0          0   (incl. Generated)
        26          0          0          2          0          0   (incl. Padding)

    ----------------------------------------------------------------------

      Code (inc. data)   RO Data    RW Data    ZI Data      Debug   Library Member Name

         0          0          0          0          0          0   entry.o
         0          0          0          0          0          0   entry10a.o
         0          0          0          0          0          0   entry11a.o
         8          4          0          0          0          0   entry2.o
         4          0          0          0          0          0   entry5.o
         0          0          0          0          0          0   entry7b.o
         0          0          0          0          0          0   entry8b.o
         8          4          0          0          0          0   entry9a.o
        30          0          0          0          0          0   handlers.o
        36          8          0          0          0         68   init.o
         0          0          0          0          0          0   iusefp.o
        30          0          0          0          0         68   llshl.o
        36          0          0          0          0         68   llsshr.o
        32          0          0          0          0         68   llushr.o
        36          0          0          0          0         68   memcpya.o
        36          0          0          0          0        108   memseta.o
      2304         96          0          0          0        600   printfa.o
         0          0          0          4          0          0   stdout.o
        44          0          0          0          0         80   uidiv.o
        98          0          0          0          0         92   uldiv.o
        48          0          0          0          0         68   cdrcmple.o
        20          0          0          0          0         68   cfcmple.o
        20          0          0          0          0         68   cfrcmple.o
        56          0          0          0          0         88   d2f.o
       334          0          0          0          0        148   dadd.o
       222          0          0          0          0        100   ddiv.o
       186          0          0          0          0        176   depilogue.o
        50          0          0          0          0         76   dfixui.o
        48          0          0          0          0         68   dfixul.o
        34          0          0          0          0         76   dflti.o
       228          0          0          0          0         96   dmul.o
        38          0          0          0          0         68   f2d.o
       176          0          0          0          0        140   fadd.o
       124          0          0          0          0         88   fdiv.o
       110          0          0          0          0        168   fepilogue.o
        50          0          0          0          0         68   ffixi.o
        40          0          0          0          0         68   ffixui.o
        18          0          0          0          0         68   fflti.o
       100          0          0          0          0         76   fmul.o

    ----------------------------------------------------------------------
      4608        112          0          4          0       2996   Library Totals
         4          0          0          0          0          0   (incl. Padding)

    ----------------------------------------------------------------------

      Code (inc. data)   RO Data    RW Data    ZI Data      Debug   Library Name

      2702        112          0          4          0       1220   mc_w.l
      1902          0          0          0          0       1776   mf_w.l

    ----------------------------------------------------------------------
      4608        112          0          4          0       2996   Library Totals

    ----------------------------------------------------------------------

==============================================================================


      Code (inc. data)   RO Data    RW Data    ZI Data      Debug   

     22548       1856       4760        244      19364     404759   Grand Totals
     22548       1856       4760        244      19364     404759   ELF Image Totals
     22548       1856       4760        244          0          0   ROM Totals

==============================================================================

    Total RO  Size (Code + RO Data)                27308 (  26.67kB)
    Total RW  Size (RW Data + ZI Data)             19608 (  19.15kB)
    Total ROM Size (Code + RO Data + RW Data)      27552 (  26.91kB)

==============================================================================

