Component: ARM Compiler 5.06 update 4 (build 422) Tool: armlink [4d35d2]

==============================================================================

Section Cross References

    startup_stm32f10x_md.o(STACK) refers (Special) to stm32f10x_it.o(i.PendSV_Handler) for PendSV_Handler
    startup_stm32f10x_md.o(HEAP) refers (Special) to stm32f10x_it.o(i.PendSV_Handler) for PendSV_Handler
    startup_stm32f10x_md.o(RESET) refers (Special) to stm32f10x_it.o(i.PendSV_Handler) for PendSV_Handler
    startup_stm32f10x_md.o(RESET) refers to startup_stm32f10x_md.o(STACK) for __initial_sp
    startup_stm32f10x_md.o(RESET) refers to startup_stm32f10x_md.o(.text) for Reset_Handler
    startup_stm32f10x_md.o(RESET) refers to stm32f10x_it.o(i.NMI_Handler) for NMI_Handler
    startup_stm32f10x_md.o(RESET) refers to stm32f10x_it.o(i.HardFault_Handler) for HardFault_Handler
    startup_stm32f10x_md.o(RESET) refers to stm32f10x_it.o(i.MemManage_Handler) for MemManage_Handler
    startup_stm32f10x_md.o(RESET) refers to stm32f10x_it.o(i.BusFault_Handler) for BusFault_Handler
    startup_stm32f10x_md.o(RESET) refers to stm32f10x_it.o(i.UsageFault_Handler) for UsageFault_Handler
    startup_stm32f10x_md.o(RESET) refers to port.o(.emb_text) for vPortSVCHandler
    startup_stm32f10x_md.o(RESET) refers to stm32f10x_it.o(i.DebugMon_Handler) for DebugMon_Handler
    startup_stm32f10x_md.o(RESET) refers to port.o(i.xPortSysTickHandler) for xPortSysTickHandler
    startup_stm32f10x_md.o(RESET) refers to usb_it.o(i.USB_LP_CAN1_RX0_IRQHandler) for USB_LP_CAN1_RX0_IRQHandler
    startup_stm32f10x_md.o(RESET) refers to stm32f10x_it.o(i.TIM3_IRQHandler) for TIM3_IRQHandler
    startup_stm32f10x_md.o(RESET) refers to usb_it.o(i.USBWakeUp_IRQHandler) for USBWakeUp_IRQHandler
    startup_stm32f10x_md.o(.text) refers (Special) to stm32f10x_it.o(i.PendSV_Handler) for PendSV_Handler
    startup_stm32f10x_md.o(.text) refers to system_stm32f10x.o(i.SystemInit) for SystemInit
    startup_stm32f10x_md.o(.text) refers to entry.o(.ARM.Collect$$$$00000000) for __main
    system_stm32f10x.o(i.SetSysClock) refers to system_stm32f10x.o(i.SetSysClockTo72) for SetSysClockTo72
    system_stm32f10x.o(i.SystemCoreClockUpdate) refers to system_stm32f10x.o(.data) for SystemCoreClock
    system_stm32f10x.o(i.SystemInit) refers to system_stm32f10x.o(i.SetSysClock) for SetSysClock
    stm32f10x_usart.o(i.USART_DeInit) refers to stm32f10x_rcc.o(i.RCC_APB2PeriphResetCmd) for RCC_APB2PeriphResetCmd
    stm32f10x_usart.o(i.USART_DeInit) refers to stm32f10x_rcc.o(i.RCC_APB1PeriphResetCmd) for RCC_APB1PeriphResetCmd
    stm32f10x_usart.o(i.USART_Init) refers to stm32f10x_rcc.o(i.RCC_GetClocksFreq) for RCC_GetClocksFreq
    stm32f10x_gpio.o(i.GPIO_AFIODeInit) refers to stm32f10x_rcc.o(i.RCC_APB2PeriphResetCmd) for RCC_APB2PeriphResetCmd
    stm32f10x_gpio.o(i.GPIO_DeInit) refers to stm32f10x_rcc.o(i.RCC_APB2PeriphResetCmd) for RCC_APB2PeriphResetCmd
    stm32f10x_gpio.o(i.GPIO_QuickInit) refers to stm32f10x_rcc.o(i.RCC_APB2PeriphClockCmd) for RCC_APB2PeriphClockCmd
    stm32f10x_gpio.o(i.GPIO_QuickInit) refers to stm32f10x_gpio.o(i.GPIO_Init) for GPIO_Init
    stm32f10x_adc.o(i.ADC_DeInit) refers to stm32f10x_rcc.o(i.RCC_APB2PeriphResetCmd) for RCC_APB2PeriphResetCmd
    stm32f10x_tim.o(i.TIM_DeInit) refers to stm32f10x_rcc.o(i.RCC_APB2PeriphResetCmd) for RCC_APB2PeriphResetCmd
    stm32f10x_tim.o(i.TIM_DeInit) refers to stm32f10x_rcc.o(i.RCC_APB1PeriphResetCmd) for RCC_APB1PeriphResetCmd
    stm32f10x_tim.o(i.TIM_ETRClockMode1Config) refers to stm32f10x_tim.o(i.TIM_ETRConfig) for TIM_ETRConfig
    stm32f10x_tim.o(i.TIM_ETRClockMode2Config) refers to stm32f10x_tim.o(i.TIM_ETRConfig) for TIM_ETRConfig
    stm32f10x_tim.o(i.TIM_ICInit) refers to stm32f10x_tim.o(i.TI1_Config) for TI1_Config
    stm32f10x_tim.o(i.TIM_ICInit) refers to stm32f10x_tim.o(i.TIM_SetIC1Prescaler) for TIM_SetIC1Prescaler
    stm32f10x_tim.o(i.TIM_ICInit) refers to stm32f10x_tim.o(i.TI2_Config) for TI2_Config
    stm32f10x_tim.o(i.TIM_ICInit) refers to stm32f10x_tim.o(i.TIM_SetIC2Prescaler) for TIM_SetIC2Prescaler
    stm32f10x_tim.o(i.TIM_ICInit) refers to stm32f10x_tim.o(i.TI3_Config) for TI3_Config
    stm32f10x_tim.o(i.TIM_ICInit) refers to stm32f10x_tim.o(i.TIM_SetIC3Prescaler) for TIM_SetIC3Prescaler
    stm32f10x_tim.o(i.TIM_ICInit) refers to stm32f10x_tim.o(i.TI4_Config) for TI4_Config
    stm32f10x_tim.o(i.TIM_ICInit) refers to stm32f10x_tim.o(i.TIM_SetIC4Prescaler) for TIM_SetIC4Prescaler
    stm32f10x_tim.o(i.TIM_ITRxExternalClockConfig) refers to stm32f10x_tim.o(i.TIM_SelectInputTrigger) for TIM_SelectInputTrigger
    stm32f10x_tim.o(i.TIM_PWMIConfig) refers to stm32f10x_tim.o(i.TI1_Config) for TI1_Config
    stm32f10x_tim.o(i.TIM_PWMIConfig) refers to stm32f10x_tim.o(i.TIM_SetIC1Prescaler) for TIM_SetIC1Prescaler
    stm32f10x_tim.o(i.TIM_PWMIConfig) refers to stm32f10x_tim.o(i.TI2_Config) for TI2_Config
[...]
    CAN1_SCE_IRQHandler                      0x080001b3   Thumb Code     0  startup_stm32f10x_md.o(.text)
    DMA1_Channel1_IRQHandler                 0x080001b3   Thumb Code     0  startup_stm32f10x_md.o(.text)
    DMA1_Channel2_IRQHandler                 0x080001b3   Thumb Code     0  startup_stm32f10x_md.o(.text)
    DMA1_Channel3_IRQHandler                 0x080001b3   Thumb Code     0  startup_stm32f10x_md.o(.text)
    DMA1_Channel4_IRQHandler                 0x080001b3   Thumb Code     0  startup_stm32f10x_md.o(.text)
    DMA1_Channel5_IRQHandler                 0x080001b3   Thumb Code     0  startup_stm32f10x_md.o(.text)
    DMA1_Channel6_IRQHandler                 0x080001b3   Thumb Code     0  startup_stm32f10x_md.o(.text)
    DMA1_Channel7_IRQHandler                 0x080001b3   Thumb Code     0  startup_stm32f10x_md.o(.text)
    EXTI0_IRQHandler                         0x080001b3   Thumb Code     0  startup_stm32f10x_md.o(.text)
    EXTI15_10_IRQHandler                     0x080001b3   Thumb Code     0  startup_stm32f10x_md.o(.text)
    EXTI1_IRQHandler                         0x080001b3   Thumb Code     0  startup_stm32f10x_md.o(.text)
    EXTI2_IRQHandler                         0x080001b3   Thumb Code     0  startup_stm32f10x_md.o(.text)
    EXTI3_IRQHandler                         0x080001b3   Thumb Code     0  startup_stm32f10x_md.o(.text)
    EXTI4_IRQHandler                         0x080001b3   Thumb Code     0  startup_stm32f10x_md.o(.text)
    EXTI9_5_IRQHandler                       0x080001b3   Thumb Code     0  startup_stm32f10x_md.o(.text)
    FLASH_IRQHandler                         0x080001b3   Thumb Code     0  startup_stm32f10x_md.o(.text)
    I2C1_ER_IRQHandler                       0x080001b3   Thumb Code     0  startup_stm32f10x_md.o(.text)
    I2C1_EV_IRQHandler                       0x080001b3   Thumb Code     0  startup_stm32f10x_md.o(.text)
    I2C2_ER_IRQHandler                       0x080001b3   Thumb Code     0  startup_stm32f10x_md.o(.text)
    I2C2_EV_IRQHandler                       0x080001b3   Thumb Code     0  startup_stm32f10x_md.o(.text)
    PVD_IRQHandler                           0x080001b3   Thumb Code     0  startup_stm32f10x_md.o(.text)
    RCC_IRQHandler                           0x080001b3   Thumb Code     0  startup_stm32f10x_md.o(.text)
    RTCAlarm_IRQHandler                      0x080001b3   Thumb Code     0  startup_stm32f10x_md.o(.text)
    RTC_IRQHandler                           0x080001b3   Thumb Code     0  startup_stm32f10x_md.o(.text)
    SPI1_IRQHandler                          0x080001b3   Thumb Code     0  startup_stm32f10x_md.o(.text)
    SPI2_IRQHandler                          0x080001b3   Thumb Code     0  startup_stm32f10x_md.o(.text)
    TAMPER_IRQHandler                        0x080001b3   Thumb Code     0  startup_stm32f10x_md.o(.text)
    TIM1_BRK_IRQHandler                      0x080001b3   Thumb Code     0  startup_stm32f10x_md.o(.text)
    TIM1_CC_IRQHandler                       0x080001b3   Thumb Code     0  startup_stm32f10x_md.o(.text)
    TIM1_TRG_COM_IRQHandler                  0x080001b3   Thumb Code     0  startup_stm32f10x_md.o(.text)
    TIM1_UP_IRQHandler                       0x080001b3   Thumb Code     0  startup_stm32f10x_md.o(.text)
    TIM2_IRQHandler                          0x080001b3   Thumb Code     0  startup_stm32f10x_md.o(.text)
    TIM4_IRQHandler                          0x080001b3   Thumb Code     0  startup_stm32f10x_md.o(.text)
    USART1_IRQHandler                        0x080001b3   Thumb Code     0  startup_stm32f10x_md.o(.text)
    USART2_IRQHandler                        0x080001b3   Thumb Code     0  startup_stm32f10x_md.o(.text)
    USART3_IRQHandler                        0x080001b3   Thumb Code     0  startup_stm32f10x_md.o(.text)
    USB_HP_CAN1_TX_IRQHandler                0x080001b3   Thumb Code     0  startup_stm32f10x_md.o(.text)
    WWDG_IRQHandler                          0x080001b3   Thumb Code     0  startup_stm32f10x_md.o(.text)
    __aeabi_ldivmod                          0x080001bd   Thumb Code    98  ldiv.o(.text)
    __aeabi_memset                           0x0800021f   Thumb Code    14  memseta.o(.text)
    __aeabi_memset4                          0x0800021f   Thumb Code     0  memseta.o(.text)
    __aeabi_memset8                          0x0800021f   Thumb Code     0  memseta.o(.text)
    __aeabi_memclr                           0x0800022d   Thumb Code     4  memseta.o(.text)
    __aeabi_memclr4                          0x0800022d   Thumb Code     0  memseta.o(.text)
    __aeabi_memclr8                          0x0800022d   Thumb Code     0  memseta.o(.text)
    _memset$wrapper                          0x08000231   Thumb Code    18  memseta.o(.text)
    __aeabi_fadd                             0x08000243   Thumb Code   164  fadd.o(.text)
    __aeabi_fsub                             0x080002e7   Thumb Code     6  fadd.o(.text)
    __aeabi_frsub                            0x080002ed   Thumb Code     6  fadd.o(.text)
    __aeabi_fmul                             0x080002f3   Thumb Code   100  fmul.o(.text)
    __aeabi_fdiv                             0x08000357   Thumb Code   124  fdiv.o(.text)
    __aeabi_dadd                             0x080003d3   Thumb Code   322  dadd.o(.text)
    __aeabi_dsub                             0x08000515   Thumb Code     6  dadd.o(.text)
    __aeabi_drsub                            0x0800051b   Thumb Code     6  dadd.o(.text)
    __aeabi_dmul                             0x08000521   Thumb Code   228  dmul.o(.text)
    __aeabi_ddiv                             0x08000605   Thumb Code   222  ddiv.o(.text)
    __aeabi_i2f                              0x080006e3   Thumb Code    18  fflti.o(.text)
    __aeabi_ui2f                             0x080006f5   Thumb Code    10  ffltui.o(.text)
    __aeabi_l2f                              0x080006ff   Thumb Code    44  ffltl.o(.text)
    __aeabi_i2d                              0x0800072b   Thumb Code    34  dflti.o(.text)
    __aeabi_f2iz                             0x0800074d   Thumb Code    50  ffixi.o(.text)
    __aeabi_f2uiz                            0x0800077f   Thumb Code    40  ffixui.o(.text)
    __aeabi_d2iz                             0x080007a7   Thumb Code    62  dfixi.o(.text)
    __aeabi_d2lz                             0x080007e5   Thumb Code    74  dfixl.o(.text)
    __aeabi_f2d                              0x0800082f   Thumb Code    38  f2d.o(.text)
    __aeabi_cdcmpeq                          0x08000855   Thumb Code     0  cdcmple.o(.text)
    __aeabi_cdcmple                          0x08000855   Thumb Code    48  cdcmple.o(.text)
    __aeabi_d2f                              0x08000885   Thumb Code    56  d2f.o(.text)
    __aeabi_cfcmpeq                          0x080008bd   Thumb Code     0  cfcmple.o(.text)
    __aeabi_cfcmple                          0x080008bd   Thumb Code    20  cfcmple.o(.text)
    __aeabi_cfrcmple                         0x080008d1   Thumb Code    20  cfrcmple.o(.text)
    __aeabi_uidiv                            0x080008e5   Thumb Code     0  uidiv.o(.text)
    __aeabi_uidivmod                         0x080008e5   Thumb Code    44  uidiv.o(.text)
    __aeabi_uldivmod                         0x08000911   Thumb Code    98  uldiv.o(.text)
    __aeabi_llsl                             0x08000973   Thumb Code    30  llshl.o(.text)
    _ll_shift_l                              0x08000973   Thumb Code     0  llshl.o(.text)
    __aeabi_llsr                             0x08000991   Thumb Code    32  llushr.o(.text)
    _ll_ushift_r                             0x08000991   Thumb Code     0  llushr.o(.text)
    __aeabi_lasr                             0x080009b1   Thumb Code    36  llsshr.o(.text)
    _ll_sshift_r                             0x080009b1   Thumb Code     0  llsshr.o(.text)
    __I$use$fp                               0x080009d5   Thumb Code     0  iusefp.o(.text)
    _float_round                             0x080009d5   Thumb Code    18  fepilogue.o(.text)
    _float_epilogue                          0x080009e7   Thumb Code    92  fepilogue.o(.text)
    __ARM_scalbnf                            0x08000a43   Thumb Code    24  fscalb.o(.text)
    scalbnf                                  0x08000a43   Thumb Code     0  fscalb.o(.text)
    _frnd                                    0x08000a5b   Thumb Code    60  frnd.o(.text)
    _double_round                            0x08000a97   Thumb Code    30  depilogue.o(.text)
    _double_epilogue                         0x08000ab5   Thumb Code   156  depilogue.o(.text)
    __ARM_scalbn                             0x08000b51   Thumb Code    46  dscalb.o(.text)
    scalbn                                   0x08000b51   Thumb Code     0  dscalb.o(.text)
    __aeabi_cdrcmple                         0x08000b81   Thumb Code    48  cdrcmple.o(.text)
    __scatterload                            0x08000bb1   Thumb Code    28  init.o(.text)
    __scatterload_rt2                        0x08000bb1   Thumb Code     0  init.o(.text)
    _fsqrt                                   0x08000bd5   Thumb Code    94  fsqrt.o(.text)
    _dsqrt                                   0x08000c33   Thumb Code   162  dsqrt.o(.text)
    __aeabi_ui2d                             0x08000cd5   Thumb Code    26  dfltui.o(.text)
    __decompress                             0x08000cef   Thumb Code     0  __dczerorl2.o(.text)
    __decompress1                            0x08000cef   Thumb Code    86  __dczerorl2.o(.text)
    ADC_Cmd                                  0x08000d45   Thumb Code    22  stm32f10x_adc.o(i.ADC_Cmd)
    ADC_GetCalibrationStatus                 0x08000d5b   Thumb Code    20  stm32f10x_adc.o(i.ADC_GetCalibrationStatus)
    ADC_GetConversionValue                   0x08000d6f   Thumb Code     8  stm32f10x_adc.o(i.ADC_GetConversionValue)
    ADC_GetFlagStatus                        0x08000d77   Thumb Code    18  stm32f10x_adc.o(i.ADC_GetFlagStatus)
    ADC_GetResetCalibrationStatus            0x08000d89   Thumb Code    20  stm32f10x_adc.o(i.ADC_GetResetCalibrationStatus)
    ADC_Init                                 0x08000d9d   Thumb Code    70  stm32f10x_adc.o(i.ADC_Init)
    ADC_RegularChannelConfig                 0x08000ded   Thumb Code   184  stm32f10x_adc.o(i.ADC_RegularChannelConfig)
    ADC_ResetCalibration                     0x08000ea5   Thumb Code    10  stm32f10x_adc.o(i.ADC_ResetCalibration)
    ADC_SoftwareStartConvCmd                 0x08000eaf   Thumb Code    22  stm32f10x_adc.o(i.ADC_SoftwareStartConvCmd)
    ADC_StartCalibration                     0x08000ec5   Thumb Code    10  stm32f10x_adc.o(i.ADC_StartCalibration)
    Angle_Get                                0x08000ed1   Thumb Code   576  imu.o(i.Angle_Get)
    BusFault_Handler                         0x08001151   Thumb Code     4  stm32f10x_it.o(i.BusFault_Handler)
    ByteSwap                                 0x08001155   Thumb Code    12  usb_regs.o(i.ByteSwap)
    CTR_LP                                   0x08001161   Thumb Code   616  usb_int.o(i.CTR_LP)
    Calculate_Target                         0x080013e9   Thumb Code   488  bf_status_mini_ctrl.o(i.Calculate_Target)
    ClearDTOG_RX                             0x08001611   Thumb Code    48  usb_regs.o(i.ClearDTOG_RX)
    ClearDTOG_TX                             0x08001645   Thumb Code    48  usb_regs.o(i.ClearDTOG_TX)
    Clear_Status_Out                         0x08001679   Thumb Code    34  usb_regs.o(i.Clear_Status_Out)
    Control                                  0x080016a1   Thumb Code   500  bf_status_mini_ctrl.o(i.Control)
    CorePID                                  0x080018b1   Thumb Code   712  bf_status_mini_ctrl.o(i.CorePID)
    DataScope_Data_Generate                  0x08001b95   Thumb Code   148  datascope_dp.o(i.DataScope_Data_Generate)
    DataScope_Get_Channel_Data               0x08001c2d   Thumb Code   158  datascope_dp.o(i.DataScope_Get_Channel_Data)
    DebugMon_Handler                         0x080020e5   Thumb Code     2  stm32f10x_it.o(i.DebugMon_Handler)
    DelayMs                                  0x080020e7   Thumb Code    18  stm32fx_delay.o(i.DelayMs)
    DelayUs                                  0x080020f9   Thumb Code    26  stm32fx_delay.o(i.DelayUs)
    EP1_IN_Callback                          0x08002115   Thumb Code    66  usb_endp.o(i.EP1_IN_Callback)
    EP3_OUT_Callback                         0x08002165   Thumb Code    28  usb_endp.o(i.EP3_OUT_Callback)
    EXTI_ClearITPendingBit                   0x08002185   Thumb Code     6  stm32f10x_exti.o(i.EXTI_ClearITPendingBit)
    EXTI_Init                                0x08002191   Thumb Code   142  stm32f10x_exti.o(i.EXTI_Init)
    Flag_Clear                               0x08002225   Thumb Code    56  bf_status_mini_system.o(i.Flag_Clear)
    Float2Byte                               0x08002269   Thumb Code    28  datascope_dp.o(i.Float2Byte)
    GPIO_Init                                0x08002285   Thumb Code   278  stm32f10x_gpio.o(i.GPIO_Init)
    GPIO_PinRemapConfig                      0x0800239d   Thumb Code   138  stm32f10x_gpio.o(i.GPIO_PinRemapConfig)
    GPIO_QuickInit                           0x0800242d   Thumb Code    40  stm32f10x_gpio.o(i.GPIO_QuickInit)
    GPIO_ResetBits                           0x08002455   Thumb Code     4  stm32f10x_gpio.o(i.GPIO_ResetBits)
    GPIO_SetBits                             0x08002459   Thumb Code     4  stm32f10x_gpio.o(i.GPIO_SetBits)
    GetEPRxAddr                              0x0800245d   Thumb Code    24  usb_regs.o(i.GetEPRxAddr)
    GetEPRxCount                             0x0800247d   Thumb Code    26  usb_regs.o(i.GetEPRxCount)
    GetEPTxAddr                              0x080024a1   Thumb Code    22  usb_regs.o(i.GetEPTxAddr)
    Get_SerialNum                            0x080024c1   Thumb Code    42  hw_config.o(i.Get_SerialNum)
    HardFault_Handler                        0x080024f5   Thumb Code     4  stm32f10x_it.o(i.HardFault_Handler)
    I2C_Ack                                  0x080024f9   Thumb Code    46  stm32f10x_i2c.o(i.I2C_Ack)
    I2C_INIT                                 0x0800252d   Thumb Code    72  stm32f10x_i2c.o(i.I2C_INIT)
    I2C_NoAck                                0x08002579   Thumb Code    48  stm32f10x_i2c.o(i.I2C_NoAck)
    I2C_RadeByte                             0x080025ad   Thumb Code    76  stm32f10x_i2c.o(i.I2C_RadeByte)
    I2C_Read                                 0x080025fd   Thumb Code   100  stm32f10x_i2c.o(i.I2C_Read)
    I2C_SendByte                             0x08002661   Thumb Code    76  stm32f10x_i2c.o(i.I2C_SendByte)
    I2C_Start                                0x080026b1   Thumb Code    84  stm32f10x_i2c.o(i.I2C_Start)
    I2C_Stop                                 0x08002709   Thumb Code    48  stm32f10x_i2c.o(i.I2C_Stop)
    I2C_WaitAck                              0x0800273d   Thumb Code    76  stm32f10x_i2c.o(i.I2C_WaitAck)
    I2C_delay                                0x0800278d   Thumb Code     4  stm32f10x_i2c.o(i.I2C_delay)
    IIR_I_Filter                             0x08002791   Thumb Code   242  bf_status_mini_filter.o(i.IIR_I_Filter)
    In0_Process                              0x08002885   Thumb Code    98  usb_core.o(i.In0_Process)
    Integral_Clear                           0x08002935   Thumb Code    20  bf_status_mini_ctrl.o(i.Integral_Clear)
    LPF_1st                                  0x0800294d   Thumb Code    50  bf_status_mini_filter.o(i.LPF_1st)
    Leave_LowPowerMode                       0x08002981   Thumb Code    22  hw_config.o(i.Leave_LowPowerMode)
    MPU6050_Read                             0x080029a1   Thumb Code   580  mpu6050.o(i.MPU6050_Read)
    MemManage_Handler                        0x08002bed   Thumb Code     4  stm32f10x_it.o(i.MemManage_Handler)
    Motor_OutPut                             0x08002bf1   Thumb Code   560  bf_status_mini_ctrl.o(i.Motor_OutPut)
    Motor_Stop                               0x08002e51   Thumb Code    18  motor.o(i.Motor_Stop)
    NMI_Handler                              0x08002e69   Thumb Code     2  stm32f10x_it.o(i.NMI_Handler)
    NOP_Process                              0x08002e6b   Thumb Code     2  usb_core.o(i.NOP_Process)
    NRF_Check                                0x08002e6d   Thumb Code    68  nrf24l01.o(i.NRF_Check)
    NRF_Init                                 0x08002eb9   Thumb Code   164  nrf24l01.o(i.NRF_Init)
    NRF_RX_Mode                              0x08002f69   Thumb Code    62  nrf24l01.o(i.NRF_RX_Mode)
    NRF_Rx_Dat                               0x08002fb1   Thumb Code    62  nrf24l01.o(i.NRF_Rx_Dat)
    NRF_TX_Mode                              0x08002ff5   Thumb Code    60  nrf24l01.o(i.NRF_TX_Mode)
    NRF_Tx_Dat                               0x08003039   Thumb Code    56  nrf24l01.o(i.NRF_Tx_Dat)
    NVIC_Init                                0x08003075   Thumb Code   100  misc.o(i.NVIC_Init)
    NVIC_PriorityGroupConfig                 0x080030e5   Thumb Code    10  misc.o(i.NVIC_PriorityGroupConfig)
    Out0_Process                             0x08003231   Thumb Code    70  usb_core.o(i.Out0_Process)
    PMAToUserBufferCopy                      0x08003281   Thumb Code    34  usb_mem.o(i.PMAToUserBufferCopy)
    PendSV_Handler                           0x080032a9   Thumb Code     2  stm32f10x_it.o(i.PendSV_Handler)
    Post0_Process                            0x080032ad   Thumb Code    54  usb_core.o(i.Post0_Process)
    PowerOn                                  0x080032f5   Thumb Code    54  usb_pwr.o(i.PowerOn)
    QUEUE_PacketCreate                       0x08003335   Thumb Code    14  usb_queue.o(i.QUEUE_PacketCreate)
    QUEUE_PacketIn                           0x08003343   Thumb Code    60  usb_queue.o(i.QUEUE_PacketIn)
    QUEUE_PacketOut                          0x0800337f   Thumb Code    58  usb_queue.o(i.QUEUE_PacketOut)
    Q_rsqrt                                  0x080033b9   Thumb Code    74  bf_status_mini_math.o(i.Q_rsqrt)
    Quaternion_Get                           0x08003409   Thumb Code   498  imu.o(i.Quaternion_Get)
    Quaternion_Normalize                     0x08003625   Thumb Code   122  imu.o(i.Quaternion_Normalize)
    Quaternion_RungeKutta                    0x0800369f   Thumb Code   288  imu.o(i.Quaternion_RungeKutta)
    Quaternion_ToAngE                        0x080037c1   Thumb Code   414  imu.o(i.Quaternion_ToAngE)
    Quaternion_vectorGravity                 0x08003971   Thumb Code   148  imu.o(i.Quaternion_vectorGravity)
    RCC_APB1PeriphClockCmd                   0x08003a05   Thumb Code    26  stm32f10x_rcc.o(i.RCC_APB1PeriphClockCmd)
    RCC_APB1PeriphResetCmd                   0x08003a25   Thumb Code    26  stm32f10x_rcc.o(i.RCC_APB1PeriphResetCmd)
    RCC_APB2PeriphClockCmd                   0x08003a45   Thumb Code    26  stm32f10x_rcc.o(i.RCC_APB2PeriphClockCmd)
    RCC_APB2PeriphResetCmd                   0x08003a65   Thumb Code    26  stm32f10x_rcc.o(i.RCC_APB2PeriphResetCmd)
    RCC_GetClocksFreq                        0x08003a85   Thumb Code   192  stm32f10x_rcc.o(i.RCC_GetClocksFreq)
    RCC_USBCLKConfig                         0x08003b5d   Thumb Code     6  stm32f10x_rcc.o(i.RCC_USBCLKConfig)
    RC_GetData                               0x08003b69   Thumb Code   530  bf_status_mini_rc.o(i.RC_GetData)
    RC_SendData                              0x08003da1   Thumb Code   244  bf_status_mini_rc.o(i.RC_SendData)
    Resume                                   0x08003ea5   Thumb Code   194  usb_pwr.o(i.Resume)
    Resume_Init                              0x08003f75   Thumb Code    30  usb_pwr.o(i.Resume_Init)
    SOF_Callback                             0x08003f99   Thumb Code    84  usb_endp.o(i.SOF_Callback)
    SPI_Cmd                                  0x08003ffd   Thumb Code    24  stm32f10x_spi.o(i.SPI_Cmd)
    SPI_I2S_GetFlagStatus                    0x08004015   Thumb Code    18  stm32f10x_spi.o(i.SPI_I2S_GetFlagStatus)
    SPI_I2S_ReceiveData                      0x08004027   Thumb Code     6  stm32f10x_spi.o(i.SPI_I2S_ReceiveData)
    SPI_I2S_SendData                         0x0800402d   Thumb Code     4  stm32f10x_spi.o(i.SPI_I2S_SendData)
    SPI_Init                                 0x08004031   Thumb Code    60  stm32f10x_spi.o(i.SPI_Init)
    SPI_NRF_RW                               0x0800406d   Thumb Code    50  nrf24l01.o(i.SPI_NRF_RW)
    SPI_NRF_ReadBuf                          0x080040a5   Thumb Code    60  nrf24l01.o(i.SPI_NRF_ReadBuf)
    SPI_NRF_ReadReg                          0x080040e5   Thumb Code    38  nrf24l01.o(i.SPI_NRF_ReadReg)
    SPI_NRF_WriteBuf                         0x08004111   Thumb Code    60  nrf24l01.o(i.SPI_NRF_WriteBuf)
    SPI_NRF_WriteReg                         0x08004151   Thumb Code    40  nrf24l01.o(i.SPI_NRF_WriteReg)
    ScaleLinear                              0x0800417d   Thumb Code    96  bf_status_mini_math.o(i.ScaleLinear)
    SelectSort                               0x080041dd   Thumb Code    90  bf_status_mini_math.o(i.SelectSort)
    Send_Once                                0x08004239   Thumb Code    70  datascope_dp.o(i.Send_Once)
    Sensor_Get                               0x08004291   Thumb Code   324  imu.o(i.Sensor_Get)
    SetBTABLE                                0x08004405   Thumb Code    12  usb_regs.o(i.SetBTABLE)
    SetDeviceAddress                         0x08004415   Thumb Code    68  usb_core.o(i.SetDeviceAddress)
    SetEPRxAddr                              0x08004465   Thumb Code    26  usb_regs.o(i.SetEPRxAddr)
    SetEPRxCount                             0x08004489   Thumb Code    68  usb_regs.o(i.SetEPRxCount)
    SetEPRxStatus                            0x080044d5   Thumb Code    60  usb_regs.o(i.SetEPRxStatus)
    SetEPRxValid                             0x08004515   Thumb Code    48  usb_regs.o(i.SetEPRxValid)
    SetEPTxAddr                              0x08004549   Thumb Code    24  usb_regs.o(i.SetEPTxAddr)
    SetEPTxCount                             0x08004569   Thumb Code    20  usb_regs.o(i.SetEPTxCount)
    SetEPTxStatus                            0x08004585   Thumb Code    60  usb_regs.o(i.SetEPTxStatus)
    SetEPTxValid                             0x080045c5   Thumb Code    48  usb_regs.o(i.SetEPTxValid)
    SetEPType                                0x080045f9   Thumb Code    32  usb_regs.o(i.SetEPType)
    Set_System                               0x08004705   Thumb Code    94  hw_config.o(i.Set_System)
    Set_USBClock                             0x0800477d   Thumb Code    18  hw_config.o(i.Set_USBClock)
    Setup0_Process                           0x08004791   Thumb Code   170  usb_core.o(i.Setup0_Process)
    Single_Read                              0x08004849   Thumb Code    80  stm32f10x_i2c.o(i.Single_Read)
    Single_Write                             0x08004899   Thumb Code    70  stm32f10x_i2c.o(i.Single_Write)
    Standard_ClearFeature                    0x080048e1   Thumb Code   342  usb_core.o(i.Standard_ClearFeature)
    Standard_GetConfiguration                0x08004a4d   Thumb Code    34  usb_core.o(i.Standard_GetConfiguration)
    Standard_GetDescriptorData               0x08004a79   Thumb Code    32  usb_core.o(i.Standard_GetDescriptorData)
    Standard_GetInterface                    0x08004a9d   Thumb Code    34  usb_core.o(i.Standard_GetInterface)
    Standard_GetStatus                       0x08004ac9   Thumb Code   238  usb_core.o(i.Standard_GetStatus)
    Standard_SetConfiguration                0x08004bc9   Thumb Code    60  usb_core.o(i.Standard_SetConfiguration)
    Standard_SetDeviceFeature                0x08004c11   Thumb Code    30  usb_core.o(i.Standard_SetDeviceFeature)
    Standard_SetEndPointFeature              0x08004c39   Thumb Code   192  usb_core.o(i.Standard_SetEndPointFeature)
    Standard_SetInterface                    0x08004d09   Thumb Code    96  usb_core.o(i.Standard_SetInterface)
    Suspend                                  0x08004d75   Thumb Code   238  usb_pwr.o(i.Suspend)
    SystemInit                               0x08004e79   Thumb Code    78  system_stm32f10x.o(i.SystemInit)
    TIM3_IRQHandler                          0x08004ed9   Thumb Code    20  stm32f10x_it.o(i.TIM3_IRQHandler)
    TIM_Cmd                                  0x08004ef1   Thumb Code    24  stm32f10x_tim.o(i.TIM_Cmd)
    TIM_DeInit                               0x08004f09   Thumb Code   424  stm32f10x_tim.o(i.TIM_DeInit)
    TIM_OC1Init                              0x080050f1   Thumb Code   132  stm32f10x_tim.o(i.TIM_OC1Init)
    TIM_OC1PreloadConfig                     0x08005189   Thumb Code    18  stm32f10x_tim.o(i.TIM_OC1PreloadConfig)
    TIM_OC2Init                              0x0800519d   Thumb Code   154  stm32f10x_tim.o(i.TIM_OC2Init)
    TIM_OC2PreloadConfig                     0x08005241   Thumb Code    26  stm32f10x_tim.o(i.TIM_OC2PreloadConfig)
    TIM_OC3Init                              0x0800525d   Thumb Code   150  stm32f10x_tim.o(i.TIM_OC3Init)
    TIM_OC3PreloadConfig                     0x080052fd   Thumb Code    18  stm32f10x_tim.o(i.TIM_OC3PreloadConfig)
    TIM_OC4Init                              0x08005311   Thumb Code   114  stm32f10x_tim.o(i.TIM_OC4Init)
    TIM_OC4PreloadConfig                     0x0800538d   Thumb Code    26  stm32f10x_tim.o(i.TIM_OC4PreloadConfig)
    TIM_OCStructInit                         0x080053a7   Thumb Code    20  stm32f10x_tim.o(i.TIM_OCStructInit)
    TIM_TimeBaseInit                         0x080053bd   Thumb Code   122  stm32f10x_tim.o(i.TIM_TimeBaseInit)
    Task_Ctrl                                0x08005461   Thumb Code    28  app.o(i.Task_Ctrl)
    Task_LED                                 0x0800547d   Thumb Code    28  app.o(i.Task_LED)
    Task_Link                                0x08005499   Thumb Code    36  app.o(i.Task_Link)
    Task_RC                                  0x080054c1   Thumb Code    24  app.o(i.Task_RC)
    Task_Start                               0x080054d9   Thumb Code   140  app.o(i.Task_Start)
    Task_USB                                 0x080055b9   Thumb Code    24  app.o(i.Task_USB)
    USART_ClearFlag                          0x080055d1   Thumb Code    18  stm32f10x_usart.o(i.USART_ClearFlag)
    USART_Cmd                                0x080055e3   Thumb Code    24  stm32f10x_usart.o(i.USART_Cmd)
    USART_Init                               0x080055fd   Thumb Code   210  stm32f10x_usart.o(i.USART_Init)
    USBWakeUp_IRQHandler                     0x080056d5   Thumb Code    12  usb_it.o(i.USBWakeUp_IRQHandler)
    USB_Cable_Config                         0x080056e1   Thumb Code    30  hw_config.o(i.USB_Cable_Config)
    USB_Config                               0x08005705   Thumb Code    20  hw_config.o(i.USB_Config)
    USB_Init                                 0x08005719   Thumb Code    36  usb_init.o(i.USB_Init)
    USB_Interrupts_Config                    0x08005755   Thumb Code    52  hw_config.o(i.USB_Interrupts_Config)
    USB_Istr                                 0x08005789   Thumb Code   426  usb_istr.o(i.USB_Istr)
    USB_LP_CAN1_RX0_IRQHandler               0x08005959   Thumb Code     8  usb_it.o(i.USB_LP_CAN1_RX0_IRQHandler)
    USB_RxWrite                              0x08005961   Thumb Code    18  hw_config.o(i.USB_RxWrite)
    USB_SIL_Init                             0x08005979   Thumb Code    28  usb_sil.o(i.USB_SIL_Init)
    USB_SIL_Read                             0x0800599d   Thumb Code    46  usb_sil.o(i.USB_SIL_Read)
    USB_TxRead                               0x080059cd   Thumb Code    18  hw_config.o(i.USB_TxRead)
    USB_TxWrite                              0x080059e5   Thumb Code    18  hw_config.o(i.USB_TxWrite)
    UsageFault_Handler                       0x080059fd   Thumb Code     4  stm32f10x_it.o(i.UsageFault_Handler)
    UserToPMABufferCopy                      0x08005a01   Thumb Code    52  usb_mem.o(i.UserToPMABufferCopy)
    VariableParameter                        0x08005a39   Thumb Code    92  bf_status_mini_math.o(i.VariableParameter)
    Virtual_Com_Port_Data_Setup              0x08005aa5   Thumb Code    82  usb_prop.o(i.Virtual_Com_Port_Data_Setup)
    Virtual_Com_Port_GetConfigDescriptor     0x08005b09   Thumb Code    14  usb_prop.o(i.Virtual_Com_Port_GetConfigDescriptor)
    Virtual_Com_Port_GetDeviceDescriptor     0x08005b1d   Thumb Code    14  usb_prop.o(i.Virtual_Com_Port_GetDeviceDescriptor)
    Virtual_Com_Port_GetLineCoding           0x08005b31   Thumb Code    20  usb_prop.o(i.Virtual_Com_Port_GetLineCoding)
    Virtual_Com_Port_GetStringDescriptor     0x08005b4d   Thumb Code    32  usb_prop.o(i.Virtual_Com_Port_GetStringDescriptor)
    Virtual_Com_Port_Get_Interface_Setting   0x08005b75   Thumb Code    22  usb_prop.o(i.Virtual_Com_Port_Get_Interface_Setting)
    Virtual_Com_Port_NoData_Setup            0x08005b8d   Thumb Code    36  usb_prop.o(i.Virtual_Com_Port_NoData_Setup)
    Virtual_Com_Port_Reset                   0x08005bb5   Thumb Code   216  usb_prop.o(i.Virtual_Com_Port_Reset)
    Virtual_Com_Port_SetConfiguration        0x08005c9d   Thumb Code    14  usb_prop.o(i.Virtual_Com_Port_SetConfiguration)
    Virtual_Com_Port_SetDeviceAddress        0x08005cb5   Thumb Code     8  usb_prop.o(i.Virtual_Com_Port_SetDeviceAddress)
    Virtual_Com_Port_SetLineCoding           0x08005cc1   Thumb Code    20  usb_prop.o(i.Virtual_Com_Port_SetLineCoding)
    Virtual_Com_Port_Status_In               0x08005cdd   Thumb Code    16  usb_prop.o(i.Virtual_Com_Port_Status_In)
    Virtual_Com_Port_Status_Out              0x08005cf1   Thumb Code     2  usb_prop.o(i.Virtual_Com_Port_Status_Out)
    Virtual_Com_Port_init                    0x08005cf5   Thumb Code    30  usb_prop.o(i.Virtual_Com_Port_init)
    __0printf$6                              0x08005d1d   Thumb Code    22  printf6.o(i.__0printf$6)
    __1printf$6                              0x08005d1d   Thumb Code     0  printf6.o(i.__0printf$6)
    __2printf                                0x08005d1d   Thumb Code     0  printf6.o(i.__0printf$6)
    __ARM_fpclassify                         0x08005d3d   Thumb Code    40  fpclassify.o(i.__ARM_fpclassify)
    __ARM_fpclassifyf                        0x08005d65   Thumb Code    38  fpclassifyf.o(i.__ARM_fpclassifyf)
    __ieee754_rem_pio2                       0x08005d8d   Thumb Code   828  rred.o(i.__ieee754_rem_pio2)
    __kernel_cos                             0x08006115   Thumb Code   230  cos_i.o(i.__kernel_cos)
    __kernel_poly                            0x08006211   Thumb Code   170  poly.o(i.__kernel_poly)
    __kernel_sin                             0x080062bd   Thumb Code   224  sin_i.o(i.__kernel_sin)
    __mathlib_dbl_divzero                    0x080063a9   Thumb Code    12  dunder.o(i.__mathlib_dbl_divzero)
    __mathlib_dbl_infnan                     0x080063b9   Thumb Code     6  dunder.o(i.__mathlib_dbl_infnan)
    __mathlib_dbl_infnan2                    0x080063bf   Thumb Code     4  dunder.o(i.__mathlib_dbl_infnan2)
    __mathlib_dbl_invalid                    0x080063c3   Thumb Code    12  dunder.o(i.__mathlib_dbl_invalid)
    __mathlib_dbl_overflow                   0x080063cf   Thumb Code    14  dunder.o(i.__mathlib_dbl_overflow)
    __mathlib_dbl_underflow                  0x080063dd   Thumb Code    10  dunder.o(i.__mathlib_dbl_underflow)
    __mathlib_flt_infnan                     0x080063ed   Thumb Code     6  funder.o(i.__mathlib_flt_infnan)
    __mathlib_flt_infnan2                    0x080063f3   Thumb Code     4  funder.o(i.__mathlib_flt_infnan2)
    __mathlib_flt_invalid                    0x080063f7   Thumb Code     8  funder.o(i.__mathlib_flt_invalid)
    __mathlib_flt_underflow                  0x080063ff   Thumb Code    10  funder.o(i.__mathlib_flt_underflow)
    __mathlib_rredf2                         0x08006409   Thumb Code   344  rredf.o(i.__mathlib_rredf2)
    __scatterload_copy                       0x08006571   Thumb Code    14  handlers.o(i.__scatterload_copy)
    __scatterload_null                       0x0800657f   Thumb Code     2  handlers.o(i.__scatterload_null)
    __scatterload_zeroinit                   0x08006581   Thumb Code    14  handlers.o(i.__scatterload_zeroinit)
    __set_errno                              0x08006591   Thumb Code     6  errno.o(i.__set_errno)
    alt_ctrl                                 0x080068e1   Thumb Code   256  bf_status_mini_ctrl.o(i.alt_ctrl)
    asinf                                    0x080069f1   Thumb Code   254  asinf.o(i.asinf)
    atan                                     0x08006b15   Thumb Code   474  atan.o(i.atan)
    atan2                                    0x08006d35   Thumb Code   346  atan2.o(i.atan2)
    atan2f                                   0x08006eb5   Thumb Code   528  atan2f.o(i.atan2f)
    battery_init                             0x08007111   Thumb Code   180  battery.o(i.battery_init)
    battery_read                             0x080071cd   Thumb Code   158  battery.o(i.battery_read)
    cos                                      0x08007289   Thumb Code   148  cos.o(i.cos)
    cosf                                     0x08007325   Thumb Code   328  cosf.o(i.cosf)
    data_load                                0x080074a1   Thumb Code   390  bf_status_mini_system.o(i.data_load)
    data_save                                0x0800766d   Thumb Code   362  bf_status_mini_system.o(i.data_save)
    delay                                    0x0800781d   Thumb Code    24  stm32fx_delay.o(i.delay)
    delay5ms                                 0x08007835   Thumb Code    14  stm32f10x_i2c.o(i.delay5ms)
    ee_ReadBytes                             0x08007843   Thumb Code    24  eeprom.o(i.ee_ReadBytes)
    ee_WriteBytes                            0x0800785b   Thumb Code    46  eeprom.o(i.ee_WriteBytes)
    fputc                                    0x08007889   Thumb Code    16  hw_config.o(i.fputc)
    get_altitude                             0x08007899   Thumb Code   102  ms5611.o(i.get_altitude)
    led_init                                 0x08007919   Thumb Code    88  led.o(i.led_init)
    led_ref                                  0x0800798d   Thumb Code   396  led.o(i.led_ref)
    main                                     0x08007b31   Thumb Code    34  main.o(i.main)
    motor_init                               0x08007b65   Thumb Code   214  motor.o(i.motor_init)
    motor_output                             0x08007c49   Thumb Code   100  motor.o(i.motor_output)
    mpu_init                                 0x08007cb1   Thumb Code    84  mpu6050.o(i.mpu_init)
    ms5611_handle                            0x08007d05   Thumb Code   166  ms5611.o(i.ms5611_handle)
    ms5611_read_adc                          0x08007db1   Thumb Code    42  ms5611.o(i.ms5611_read_adc)
    ms5611_read_baro                         0x08007ddd   Thumb Code   724  ms5611.o(i.ms5611_read_baro)
    ms5611_read_fac                          0x080080bd   Thumb Code   124  ms5611.o(i.ms5611_read_fac)
    ms5611_read_temp                         0x08008155   Thumb Code    12  ms5611.o(i.ms5611_read_temp)
    ms5611_reset                             0x08008165   Thumb Code    72  ms5611.o(i.ms5611_reset)
    ms5611_start_conversion                  0x080081b1   Thumb Code    48  ms5611.o(i.ms5611_start_conversion)
    param_init                               0x080081e1   Thumb Code   140  bf_status_mini_system.o(i.param_init)
    pow                                      0x08008295   Thumb Code  2512  pow.o(i.pow)
    pvPortMalloc                             0x08008fc5   Thumb Code   166  heap_2.o(i.pvPortMalloc)
    pxPortInitialiseStack                    0x0800907d   Thumb Code    30  port.o(i.pxPortInitialiseStack)
    sin                                      0x080090a1   Thumb Code   150  sin.o(i.sin)
    sinf                                     0x08009141   Thumb Code   338  sinf.o(i.sinf)
    sqrt                                     0x080092c9   Thumb Code    76  sqrt.o(i.sqrt)
    sqrtf                                    0x08009315   Thumb Code    44  sqrtf.o(i.sqrtf)
    start_led                                0x08009341   Thumb Code   102  led.o(i.start_led)
    system_init                              0x080093b5   Thumb Code   166  bf_status_mini_system.o(i.system_init)
    usart_init                               0x080094a1   Thumb Code   122  debug_usart.o(i.usart_init)
    uxListRemove                             0x08009525   Thumb Code    40  list.o(i.uxListRemove)
    vListInitialise                          0x0800954d   Thumb Code    26  list.o(i.vListInitialise)
    vListInitialiseItem                      0x08009567   Thumb Code     6  list.o(i.vListInitialiseItem)
    vListInsert                              0x0800956d   Thumb Code    52  list.o(i.vListInsert)
    vListInsertEnd                           0x080095a1   Thumb Code    24  list.o(i.vListInsertEnd)
    vPortEnterCritical                       0x080095b9   Thumb Code    30  port.o(i.vPortEnterCritical)
    vPortExitCritical                        0x080095dd   Thumb Code    28  port.o(i.vPortExitCritical)
    vPortFree                                0x080095fd   Thumb Code    56  heap_2.o(i.vPortFree)
    vPortSetupTimerInterrupt                 0x0800963d   Thumb Code    14  port.o(i.vPortSetupTimerInterrupt)
    vTaskDelay                               0x08009651   Thumb Code    46  tasks.o(i.vTaskDelay)
    vTaskDelayUntil                          0x08009685   Thumb Code   106  tasks.o(i.vTaskDelayUntil)
    vTaskDelete                              0x080096f9   Thumb Code   166  tasks.o(i.vTaskDelete)
    vTaskStartScheduler                      0x080097c5   Thumb Code    72  tasks.o(i.vTaskStartScheduler)
    vTaskSuspendAll                          0x08009829   Thumb Code    12  tasks.o(i.vTaskSuspendAll)
    vTaskSwitchContext                       0x08009839   Thumb Code    76  tasks.o(i.vTaskSwitchContext)
    xPortGetFreeHeapSize                     0x08009899   Thumb Code     6  heap_2.o(i.xPortGetFreeHeapSize)
    xPortStartScheduler                      0x080098a5   Thumb Code    42  port.o(i.xPortStartScheduler)
    xPortSysTickHandler                      0x080098d9   Thumb Code    46  port.o(i.xPortSysTickHandler)
    xTaskCreate                              0x0800990d   Thumb Code    96  tasks.o(i.xTaskCreate)
    xTaskGetTickCount                        0x0800996d   Thumb Code     6  tasks.o(i.xTaskGetTickCount)
    xTaskIncrementTick                       0x08009979   Thumb Code   238  tasks.o(i.xTaskIncrementTick)
    xTaskResumeAll                           0x08009a95   Thumb Code   196  tasks.o(i.xTaskResumeAll)
    Virtual_Com_Port_DeviceDescriptor        0x08009b7c   Data          18  usb_desc.o(.constdata)
    Virtual_Com_Port_ConfigDescriptor        0x08009b8e   Data          67  usb_desc.o(.constdata)
    Virtual_Com_Port_StringLangID            0x08009bd1   Data           4  usb_desc.o(.constdata)
    Virtual_Com_Port_StringVendor            0x08009bd5   Data          24  usb_desc.o(.constdata)
    Virtual_Com_Port_StringProduct           0x08009bed   Data          38  usb_desc.o(.constdata)
    __mathlib_zero                           0x08009d68   Data           8  qnan.o(.constdata)
    Region$$Table$$Base                      0x08009e80   Number         0  anon$$obj.o(Region$$Table)
    Region$$Table$$Limit                     0x08009ea0   Number         0  anon$$obj.o(Region$$Table)
    SystemCoreClock                          0x20000000   Data           4  system_stm32f10x.o(.data)
    AHBPrescTable                            0x20000004   Data          16  system_stm32f10x.o(.data)
    TX_ADDRESS                               0x20000028   Data           5  nrf24l01.o(.data)
    RX_ADDRESS                               0x2000002d   Data           5  nrf24l01.o(.data)
    TimeKatawa                               0x2000003c   Data           3  bf_status_mini_global.o(.data)
    RC_Data                                  0x20000040   Data           8  bf_status_mini_global.o(.data)
    NumQ                                     0x20000048   Data          16  bf_status_mini_global.o(.data)
    battery                                  0x20000058   Data           8  bf_status_mini_global.o(.data)
    b_IIR                                    0x20000060   Data          40  bf_status_mini_filter.o(.data)
    a_IIR                                    0x20000088   Data          40  bf_status_mini_filter.o(.data)
    Moto_duty                                0x200000b0   Data           8  bf_status_mini_ctrl.o(.data)
    Lock_Count                               0x200000b8   Data           2  bf_status_mini_ctrl.o(.data)
    HodeHeader                               0x200000bc   Data           4  bf_status_mini_ctrl.o(.data)
    StopHodeHeader                           0x200000c0   Data           1  bf_status_mini_ctrl.o(.data)
    Lost_count                               0x200000c4   Data           2  bf_status_mini_rc.o(.data)
    startTaskHandle                          0x200000e0   Data           4  app.o(.data)
    HSEStartUpStatus                         0x200000e4   Data           1  hw_config.o(.data)
    EXTI_InitStructure                       0x200000e8   Data           8  hw_config.o(.data)
    Virtual_Com_Port_StringSerial            0x200000f0   Data          38  usb_desc.o(.data)
    wIstr                                    0x20000120   Data           2  usb_istr.o(.data)
    bIntPackSOF                              0x20000122   Data           1  usb_istr.o(.data)
    esof_counter                             0x20000124   Data           4  usb_istr.o(.data)
    wCNTR                                    0x20000128   Data           4  usb_istr.o(.data)
    pEpInt_IN                                0x2000012c   Data          28  usb_istr.o(.data)
    pEpInt_OUT                               0x20000148   Data          28  usb_istr.o(.data)
    Request                                  0x20000164   Data           1  usb_prop.o(.data)
    linecoding                               0x20000168   Data           8  usb_prop.o(.data)
    Device_Table                             0x20000170   Data           2  usb_prop.o(.data)
    Device_Property                          0x20000174   Data          48  usb_prop.o(.data)
    User_Standard_Requests                   0x200001a4   Data          36  usb_prop.o(.data)
    Device_Descriptor                        0x200001c8   Data           8  usb_prop.o(.data)
    Config_Descriptor                        0x200001d0   Data           8  usb_prop.o(.data)
    String_Descriptor                        0x200001d8   Data          32  usb_prop.o(.data)
    bDeviceState                             0x200001f8   Data           4  usb_pwr.o(.data)
    fSuspendEnabled                          0x200001fc   Data           1  usb_pwr.o(.data)
    ResumeS                                  0x200001fd   Data           2  usb_pwr.o(.data)
    remotewakeupon                           0x20000200   Data           4  usb_pwr.o(.data)
    StatusInfo                               0x20000204   Data           2  usb_core.o(.data)
    Data_Mul_MaxPacketSize                   0x20000206   Data           1  usb_core.o(.data)
    EPindex                                  0x20000208   Data           1  usb_init.o(.data)
    pInformation                             0x2000020c   Data           4  usb_init.o(.data)
    pProperty                                0x20000210   Data           4  usb_init.o(.data)
    SaveState                                0x20000214   Data           2  usb_init.o(.data)
    wInterrupt_Mask                          0x20000216   Data           2  usb_init.o(.data)
    pUser_Standard_Requests                  0x20000218   Data           4  usb_init.o(.data)
    SaveRState                               0x2000021c   Data           2  usb_int.o(.data)
    SaveTState                               0x2000021e   Data           2  usb_int.o(.data)
    pxCurrentTCB                             0x20000224   Data           4  tasks.o(.data)
    __stdout                                 0x20000278   Data           4  stdout.o(.data)
    DataScope_OutPut_Buffer                  0x20000280   Data          42  datascope_dp.o(.bss)
    flag                                     0x200002ac   Data          14  bf_status_mini_global.o(.bss)
    sensor_mpu                               0x200002bc   Data         124  bf_status_mini_global.o(.bss)
    sensor_mag                               0x20000338   Data          24  bf_status_mini_global.o(.bss)
    sensor_ms                                0x20000350   Data          84  bf_status_mini_global.o(.bss)
    ctrl                                     0x200003a4   Data         316  bf_status_mini_global.o(.bss)
    Target                                   0x200004e0   Data          12  bf_status_mini_global.o(.bss)
    Angle                                    0x200004ec   Data          24  bf_status_mini_global.o(.bss)
    SelfState                                0x20000504   Data          16  bf_status_mini_global.o(.bss)
    InPut_IIR                                0x20000518   Data         120  bf_status_mini_filter.o(.bss)
    OutPut_IIR                               0x20000590   Data         120  bf_status_mini_filter.o(.bss)
    GetData                                  0x20000608   Data          32  bf_status_mini_rc.o(.bss)
    USART_InitStructure                      0x20000628   Data          16  hw_config.o(.bss)
    EP                                       0x200010d8   Data          32  usb_pwr.o(.bss)
    Device_Info                              0x200010f8   Data          28  usb_init.o(.bss)
    __initial_sp                             0x20004640   Data           0  startup_stm32f10x_md.o(STACK)



==============================================================================

Memory Map of the image

  Image Entry point : 0x080000ed

  Load Region LR_IROM1 (Base: 0x08000000, Size: 0x0000a120, Max: 0x00010000, ABSOLUTE, COMPRESSED[0x00009f8c])

    Execution Region ER_IROM1 (Base: 0x08000000, Size: 0x00009ea0, Max: 0x00010000, ABSOLUTE)

    Base Addr    Size         Type   Attr      Idx    E Section Name        Object

    0x08000000   0x000000ec   Data   RO            3    RESET               startup_stm32f10x_md.o
    0x080000ec   0x00000000   Code   RO         4257  * .ARM.Collect$$$$00000000  mc_w.l(entry.o)
    0x080000ec   0x00000004   Code   RO         4645    .ARM.Collect$$$$00000001  mc_w.l(entry2.o)
    0x080000f0   0x00000004   Code   RO         4648    .ARM.Collect$$$$00000004  mc_w.l(entry5.o)
    0x080000f4   0x00000000   Code   RO         4650    .ARM.Collect$$$$00000008  mc_w.l(entry7b.o)
    0x080000f4   0x00000000   Code   RO         4652    .ARM.Collect$$$$0000000A  mc_w.l(entry8b.o)
    0x080000f4   0x00000008   Code   RO         4653    .ARM.Collect$$$$0000000B  mc_w.l(entry9a.o)
    0x080000fc   0x00000000   Code   RO         4655    .ARM.Collect$$$$0000000D  mc_w.l(entry10a.o)
    0x080000fc   0x00000000   Code   RO         4657    .ARM.Collect$$$$0000000F  mc_w.l(entry11a.o)
    0x080000fc   0x00000004   Code   RO         4646    .ARM.Collect$$$$00002712  mc_w.l(entry2.o)
    0x08000100   0x00000096   Code   RO         3626    .emb_text           port.o
    0x08000196   0x00000002   PAD
    0x08000198   0x00000024   Code   RO            4    .text               startup_stm32f10x_md.o
    0x080001bc   0x00000062   Code   RO         4260    .text               mc_w.l(ldiv.o)
    0x0800021e   0x00000024   Code   RO         4264    .text               mc_w.l(memseta.o)
    0x08000242   0x000000b0   Code   RO         4529    .text               mf_w.l(fadd.o)
    0x080002f2   0x00000064   Code   RO         4531    .text               mf_w.l(fmul.o)
    0x08000356   0x0000007c   Code   RO         4533    .text               mf_w.l(fdiv.o)
    0x080003d2   0x0000014e   Code   RO         4535    .text               mf_w.l(dadd.o)
    0x08000520   0x000000e4   Code   RO         4537    .text               mf_w.l(dmul.o)
    0x08000604   0x000000de   Code   RO         4539    .text               mf_w.l(ddiv.o)
    0x080006e2   0x00000012   Code   RO         4541    .text               mf_w.l(fflti.o)
    0x080006f4   0x0000000a   Code   RO         4543    .text               mf_w.l(ffltui.o)
    0x080006fe   0x0000002c   Code   RO         4545    .text               mf_w.l(ffltl.o)
    0x0800072a   0x00000022   Code   RO         4547    .text               mf_w.l(dflti.o)
    0x0800074c   0x00000032   Code   RO         4549    .text               mf_w.l(ffixi.o)
    0x0800077e   0x00000028   Code   RO         4551    .text               mf_w.l(ffixui.o)
    0x080007a6   0x0000003e   Code   RO         4553    .text               mf_w.l(dfixi.o)
    0x080007e4   0x0000004a   Code   RO         4555    .text               mf_w.l(dfixl.o)
    0x0800082e   0x00000026   Code   RO         4557    .text               mf_w.l(f2d.o)
    0x08000854   0x00000030   Code   RO         4559    .text               mf_w.l(cdcmple.o)
    0x08000884   0x00000038   Code   RO         4561    .text               mf_w.l(d2f.o)
    0x080008bc   0x00000014   Code   RO         4563    .text               mf_w.l(cfcmple.o)
    0x080008d0   0x00000014   Code   RO         4565    .text               mf_w.l(cfrcmple.o)
    0x080008e4   0x0000002c   Code   RO         4660    .text               mc_w.l(uidiv.o)
    0x08000910   0x00000062   Code   RO         4662    .text               mc_w.l(uldiv.o)
    0x08000972   0x0000001e   Code   RO         4664    .text               mc_w.l(llshl.o)
    0x08000990   0x00000020   Code   RO         4666    .text               mc_w.l(llushr.o)
    0x080009b0   0x00000024   Code   RO         4668    .text               mc_w.l(llsshr.o)
    0x080009d4   0x00000000   Code   RO         4677    .text               mc_w.l(iusefp.o)
    0x080009d4   0x0000006e   Code   RO         4678    .text               mf_w.l(fepilogue.o)
    0x08000a42   0x00000018   Code   RO         4680    .text               mf_w.l(fscalb.o)
    0x08000a5a   0x0000003c   Code   RO         4682    .text               mf_w.l(frnd.o)
    0x08000a96   0x000000ba   Code   RO         4684    .text               mf_w.l(depilogue.o)
    0x08000b50   0x0000002e   Code   RO         4686    .text               mf_w.l(dscalb.o)
    0x08000b7e   0x00000002   PAD
    0x08000b80   0x00000030   Code   RO         4690    .text               mf_w.l(cdrcmple.o)
    0x08000bb0   0x00000024   Code   RO         4692    .text               mc_w.l(init.o)
    0x08000bd4   0x0000005e   Code   RO         4694    .text               mf_w.l(fsqrt.o)
    0x08000c32   0x000000a2   Code   RO         4696    .text               mf_w.l(dsqrt.o)
    0x08000cd4   0x0000001a   Code   RO         4698    .text               mf_w.l(dfltui.o)
    0x08000cee   0x00000056   Code   RO         4708    .text               mc_w.l(__dczerorl2.o)
    0x08000d44   0x00000016   Code   RO          441    i.ADC_Cmd           stm32f10x_adc.o
    0x08000d5a   0x00000014   Code   RO          449    i.ADC_GetCalibrationStatus  stm32f10x_adc.o
    0x08000d6e   0x00000008   Code   RO          450    i.ADC_GetConversionValue  stm32f10x_adc.o
    0x08000d76   0x00000012   Code   RO          452    i.ADC_GetFlagStatus  stm32f10x_adc.o
    0x08000d88   0x00000014   Code   RO          455    i.ADC_GetResetCalibrationStatus  stm32f10x_adc.o
    0x08000d9c   0x00000050   Code   RO          459    i.ADC_Init          stm32f10x_adc.o
    0x08000dec   0x000000b8   Code   RO          463    i.ADC_RegularChannelConfig  stm32f10x_adc.o
    0x08000ea4   0x0000000a   Code   RO          464    i.ADC_ResetCalibration  stm32f10x_adc.o
    0x08000eae   0x00000016   Code   RO          466    i.ADC_SoftwareStartConvCmd  stm32f10x_adc.o
    0x08000ec4   0x0000000a   Code   RO          468    i.ADC_StartCalibration  stm32f10x_adc.o
    0x08000ece   0x00000002   PAD
    0x08000ed0   0x00000280   Code   RO         2393    i.Angle_Get         imu.o
    0x08001150   0x00000004   Code   RO         2490    i.BusFault_Handler  stm32f10x_it.o
    0x08001154   0x0000000c   Code   RO         3197    i.ByteSwap          usb_regs.o
    0x08001160   0x00000288   Code   RO         3069    i.CTR_LP            usb_int.o
    0x080013e8   0x00000228   Code   RO         2326    i.Calculate_Target  bf_status_mini_ctrl.o
    0x08001610   0x00000034   Code   RO         3198    i.ClearDTOG_RX      usb_regs.o
    0x08001644   0x00000034   Code   RO         3199    i.ClearDTOG_TX      usb_regs.o
    0x08001678   0x00000028   Code   RO         3204    i.Clear_Status_Out  usb_regs.o
    0x080016a0   0x00000210   Code   RO         2327    i.Control           bf_status_mini_ctrl.o
    0x080018b0   0x000002e4   Code   RO         2328    i.CorePID           bf_status_mini_ctrl.o
    0x08001b94   0x00000098   Code   RO         1790    i.DataScope_Data_Generate  datascope_dp.o
    0x08001c2c   0x000000a4   Code   RO         1791    i.DataScope_Get_Channel_Data  datascope_dp.o
    0x08001cd0   0x000000c0   Code   RO         2926    i.DataStageIn       usb_core.o
    0x08001d90   0x000000bc   Code   RO         2927    i.DataStageOut      usb_core.o
    0x08001e4c   0x00000298   Code   RO         2928    i.Data_Setup0       usb_core.o
    0x080020e4   0x00000002   Code   RO         2491    i.DebugMon_Handler  stm32f10x_it.o
    0x080020e6   0x00000012   Code   RO         1690    i.DelayMs           stm32fx_delay.o
    0x080020f8   0x0000001a   Code   RO         1691    i.DelayUs           stm32fx_delay.o
    0x08002112   0x00000002   PAD
    0x08002114   0x00000050   Code   RO         2716    i.EP1_IN_Callback   usb_endp.o
    0x08002164   0x00000020   Code   RO         2717    i.EP3_OUT_Callback  usb_endp.o
    0x08002184   0x0000000c   Code   RO         1206    i.EXTI_ClearITPendingBit  stm32f10x_exti.o
    0x08002190   0x00000094   Code   RO         1211    i.EXTI_Init         stm32f10x_exti.o
    0x08002224   0x00000044   Code   RO         2216    i.Flag_Clear        bf_status_mini_system.o
    0x08002268   0x0000001c   Code   RO         1792    i.Float2Byte        datascope_dp.o
    0x08002284   0x00000116   Code   RO          321    i.GPIO_Init         stm32f10x_gpio.o
    0x0800239a   0x00000002   PAD
    0x0800239c   0x00000090   Code   RO          323    i.GPIO_PinRemapConfig  stm32f10x_gpio.o
    0x0800242c   0x00000028   Code   RO          324    i.GPIO_QuickInit    stm32f10x_gpio.o
    0x08002454   0x00000004   Code   RO          329    i.GPIO_ResetBits    stm32f10x_gpio.o
    0x08002458   0x00000004   Code   RO          330    i.GPIO_SetBits      stm32f10x_gpio.o
    0x0800245c   0x00000020   Code   RO         3216    i.GetEPRxAddr       usb_regs.o
    0x0800247c   0x00000024   Code   RO         3217    i.GetEPRxCount      usb_regs.o
    0x080024a0   0x00000020   Code   RO         3219    i.GetEPTxAddr       usb_regs.o
    0x080024c0   0x00000034   Code   RO         2560    i.Get_SerialNum     hw_config.o
    0x080024f4   0x00000004   Code   RO         2492    i.HardFault_Handler  stm32f10x_it.o
    0x080024f8   0x00000034   Code   RO         1259    i.I2C_Ack           stm32f10x_i2c.o
    0x0800252c   0x0000004c   Code   RO         1260    i.I2C_INIT          stm32f10x_i2c.o
    0x08002578   0x00000034   Code   RO         1261    i.I2C_NoAck         stm32f10x_i2c.o
    0x080025ac   0x00000050   Code   RO         1262    i.I2C_RadeByte      stm32f10x_i2c.o
    0x080025fc   0x00000064   Code   RO         1263    i.I2C_Read          stm32f10x_i2c.o
    0x08002660   0x00000050   Code   RO         1264    i.I2C_SendByte      stm32f10x_i2c.o
    0x080026b0   0x00000058   Code   RO         1265    i.I2C_Start         stm32f10x_i2c.o
    0x08002708   0x00000034   Code   RO         1266    i.I2C_Stop          stm32f10x_i2c.o
    0x0800273c   0x00000050   Code   RO         1267    i.I2C_WaitAck       stm32f10x_i2c.o
    0x0800278c   0x00000004   Code   RO         1268    i.I2C_delay         stm32f10x_i2c.o
    0x08002790   0x000000f2   Code   RO         2301    i.IIR_I_Filter      bf_status_mini_filter.o
    0x08002882   0x00000002   PAD
    0x08002884   0x00000070   Code   RO         2929    i.In0_Process       usb_core.o
    0x080028f4   0x0000003e   Code   RO         2561    i.IntToUnicode      hw_config.o
    0x08002932   0x00000002   PAD
    0x08002934   0x00000018   Code   RO         2329    i.Integral_Clear    bf_status_mini_ctrl.o
    0x0800294c   0x00000032   Code   RO         2302    i.LPF_1st           bf_status_mini_filter.o
    0x0800297e   0x00000002   PAD
    0x08002980   0x00000020   Code   RO         2562    i.Leave_LowPowerMode  hw_config.o
    0x080029a0   0x0000024c   Code   RO         1908    i.MPU6050_Read      mpu6050.o
    0x08002bec   0x00000004   Code   RO         2493    i.MemManage_Handler  stm32f10x_it.o
    0x08002bf0   0x00000260   Code   RO         2330    i.Motor_OutPut      bf_status_mini_ctrl.o
    0x08002e50   0x00000018   Code   RO         2167    i.Motor_Stop        motor.o
    0x08002e68   0x00000002   Code   RO         2494    i.NMI_Handler       stm32f10x_it.o
    0x08002e6a   0x00000002   Code   RO         2930    i.NOP_Process       usb_core.o
    0x08002e6c   0x0000004c   Code   RO         1960    i.NRF_Check         nrf24l01.o
    0x08002eb8   0x000000b0   Code   RO         1961    i.NRF_Init          nrf24l01.o
    0x08002f68   0x00000048   Code   RO         1962    i.NRF_RX_Mode       nrf24l01.o
    0x08002fb0   0x00000044   Code   RO         1963    i.NRF_Rx_Dat        nrf24l01.o
    0x08002ff4   0x00000044   Code   RO         1964    i.NRF_TX_Mode       nrf24l01.o
    0x08003038   0x0000003c   Code   RO         1965    i.NRF_Tx_Dat        nrf24l01.o
    0x08003074   0x00000070   Code   RO           95    i.NVIC_Init         misc.o
    0x080030e4   0x00000014   Code   RO           96    i.NVIC_PriorityGroupConfig  misc.o
    0x080030f8   0x00000138   Code   RO         2931    i.NoData_Setup0     usb_core.o
    0x08003230   0x00000050   Code   RO         2932    i.Out0_Process      usb_core.o
    0x08003280   0x00000028   Code   RO         3098    i.PMAToUserBufferCopy  usb_mem.o
    0x080032a8   0x00000002   Code   RO         2495    i.PendSV_Handler    stm32f10x_it.o
    0x080032aa   0x00000002   PAD
    0x080032ac   0x00000048   Code   RO         2933    i.Post0_Process     usb_core.o
    0x080032f4   0x00000040   Code   RO         2884    i.PowerOn           usb_pwr.o
    0x08003334   0x0000000e   Code   RO         3117    i.QUEUE_PacketCreate  usb_queue.o
    0x08003342   0x0000003c   Code   RO         3119    i.QUEUE_PacketIn    usb_queue.o
    0x0800337e   0x0000003a   Code   RO         3121    i.QUEUE_PacketOut   usb_queue.o
    0x080033b8   0x00000050   Code   RO         2252    i.Q_rsqrt           bf_status_mini_math.o
    0x08003408   0x0000021c   Code   RO         2394    i.Quaternion_Get    imu.o
    0x08003624   0x0000007a   Code   RO         2395    i.Quaternion_Normalize  imu.o
    0x0800369e   0x00000120   Code   RO         2396    i.Quaternion_RungeKutta  imu.o
    0x080037be   0x00000002   PAD
    0x080037c0   0x000001b0   Code   RO         2397    i.Quaternion_ToAngE  imu.o
    0x08003970   0x00000094   Code   RO         2398    i.Quaternion_vectorGravity  imu.o
    0x08003a04   0x00000020   Code   RO         1348    i.RCC_APB1PeriphClockCmd  stm32f10x_rcc.o
    0x08003a24   0x00000020   Code   RO         1349    i.RCC_APB1PeriphResetCmd  stm32f10x_rcc.o
    0x08003a44   0x00000020   Code   RO         1350    i.RCC_APB2PeriphClockCmd  stm32f10x_rcc.o
    0x08003a64   0x00000020   Code   RO         1351    i.RCC_APB2PeriphResetCmd  stm32f10x_rcc.o
    0x08003a84   0x000000d8   Code   RO         1358    i.RCC_GetClocksFreq  stm32f10x_rcc.o
    0x08003b5c   0x0000000c   Code   RO         1376    i.RCC_USBCLKConfig  stm32f10x_rcc.o
    0x08003b68   0x00000238   Code   RO         2371    i.RC_GetData        bf_status_mini_rc.o
    0x08003da0   0x00000104   Code   RO         2372    i.RC_SendData       bf_status_mini_rc.o
    0x08003ea4   0x000000d0   Code   RO         2885    i.Resume            usb_pwr.o
    0x08003f74   0x00000024   Code   RO         2886    i.Resume_Init       usb_pwr.o
    0x08003f98   0x00000064   Code   RO         2718    i.SOF_Callback      usb_endp.o
    0x08003ffc   0x00000018   Code   RO         1551    i.SPI_Cmd           stm32f10x_spi.o
    0x08004014   0x00000012   Code   RO         1559    i.SPI_I2S_GetFlagStatus  stm32f10x_spi.o
    0x08004026   0x00000006   Code   RO         1562    i.SPI_I2S_ReceiveData  stm32f10x_spi.o
    0x0800402c   0x00000004   Code   RO         1563    i.SPI_I2S_SendData  stm32f10x_spi.o
    0x08004030   0x0000003c   Code   RO         1564    i.SPI_Init          stm32f10x_spi.o
    0x0800406c   0x00000038   Code   RO         1966    i.SPI_NRF_RW        nrf24l01.o
    0x080040a4   0x00000040   Code   RO         1967    i.SPI_NRF_ReadBuf   nrf24l01.o
    0x080040e4   0x0000002c   Code   RO         1968    i.SPI_NRF_ReadReg   nrf24l01.o
    0x08004110   0x00000040   Code   RO         1969    i.SPI_NRF_WriteBuf  nrf24l01.o
    0x08004150   0x0000002c   Code   RO         1970    i.SPI_NRF_WriteReg  nrf24l01.o
    0x0800417c   0x00000060   Code   RO         2253    i.ScaleLinear       bf_status_mini_math.o
    0x080041dc   0x0000005a   Code   RO         2254    i.SelectSort        bf_status_mini_math.o
    0x08004236   0x00000002   PAD
    0x08004238   0x00000058   Code   RO         1793    i.Send_Once         datascope_dp.o
    0x08004290   0x00000174   Code   RO         2399    i.Sensor_Get        imu.o
    0x08004404   0x00000010   Code   RO         3227    i.SetBTABLE         usb_regs.o
    0x08004414   0x00000050   Code   RO         2934    i.SetDeviceAddress  usb_core.o
    0x08004464   0x00000024   Code   RO         3241    i.SetEPRxAddr       usb_regs.o
    0x08004488   0x0000004c   Code   RO         3242    i.SetEPRxCount      usb_regs.o
    0x080044d4   0x00000040   Code   RO         3243    i.SetEPRxStatus     usb_regs.o
    0x08004514   0x00000034   Code   RO         3244    i.SetEPRxValid      usb_regs.o
    0x08004548   0x00000020   Code   RO         3245    i.SetEPTxAddr       usb_regs.o
    0x08004568   0x0000001c   Code   RO         3246    i.SetEPTxCount      usb_regs.o
    0x08004584   0x00000040   Code   RO         3247    i.SetEPTxStatus     usb_regs.o
    0x080045c4   0x00000034   Code   RO         3248    i.SetEPTxValid      usb_regs.o
    0x080045f8   0x00000024   Code   RO         3249    i.SetEPType         usb_regs.o
    0x0800461c   0x00000008   Code   RO           24    i.SetSysClock       system_stm32f10x.o
    0x08004624   0x000000e0   Code   RO           25    i.SetSysClockTo72   system_stm32f10x.o
    0x08004704   0x00000078   Code   RO         2563    i.Set_System        hw_config.o
    0x0800477c   0x00000012   Code   RO         2564    i.Set_USBClock      hw_config.o
    0x0800478e   0x00000002   PAD
    0x08004790   0x000000b8   Code   RO         2935    i.Setup0_Process    usb_core.o
    0x08004848   0x00000050   Code   RO         1269    i.Single_Read       stm32f10x_i2c.o
    0x08004898   0x00000046   Code   RO         1270    i.Single_Write      stm32f10x_i2c.o
    0x080048de   0x00000002   PAD
    0x080048e0   0x0000016c   Code   RO         2936    i.Standard_ClearFeature  usb_core.o
    0x08004a4c   0x0000002c   Code   RO         2937    i.Standard_GetConfiguration  usb_core.o
    0x08004a78   0x00000024   Code   RO         2938    i.Standard_GetDescriptorData  usb_core.o
    0x08004a9c   0x0000002c   Code   RO         2939    i.Standard_GetInterface  usb_core.o
    0x08004ac8   0x00000100   Code   RO         2940    i.Standard_GetStatus  usb_core.o
    0x08004bc8   0x00000048   Code   RO         2941    i.Standard_SetConfiguration  usb_core.o
    0x08004c10   0x00000028   Code   RO         2942    i.Standard_SetDeviceFeature  usb_core.o
    0x08004c38   0x000000d0   Code   RO         2943    i.Standard_SetEndPointFeature  usb_core.o
    0x08004d08   0x0000006c   Code   RO         2944    i.Standard_SetInterface  usb_core.o
    0x08004d74   0x00000104   Code   RO         2887    i.Suspend           usb_pwr.o
    0x08004e78   0x00000060   Code   RO           27    i.SystemInit        system_stm32f10x.o
    0x08004ed8   0x00000018   Code   RO         2496    i.TIM3_IRQHandler   stm32f10x_it.o
    0x08004ef0   0x00000018   Code   RO          673    i.TIM_Cmd           stm32f10x_tim.o
    0x08004f08   0x000001e8   Code   RO          678    i.TIM_DeInit        stm32f10x_tim.o
    0x080050f0   0x00000098   Code   RO          702    i.TIM_OC1Init       stm32f10x_tim.o
    0x08005188   0x00000012   Code   RO          705    i.TIM_OC1PreloadConfig  stm32f10x_tim.o
    0x0800519a   0x00000002   PAD
    0x0800519c   0x000000a4   Code   RO          707    i.TIM_OC2Init       stm32f10x_tim.o
    0x08005240   0x0000001a   Code   RO          710    i.TIM_OC2PreloadConfig  stm32f10x_tim.o
    0x0800525a   0x00000002   PAD
    0x0800525c   0x000000a0   Code   RO          712    i.TIM_OC3Init       stm32f10x_tim.o
    0x080052fc   0x00000012   Code   RO          715    i.TIM_OC3PreloadConfig  stm32f10x_tim.o
    0x0800530e   0x00000002   PAD
    0x08005310   0x0000007c   Code   RO          717    i.TIM_OC4Init       stm32f10x_tim.o
    0x0800538c   0x0000001a   Code   RO          719    i.TIM_OC4PreloadConfig  stm32f10x_tim.o
    0x080053a6   0x00000014   Code   RO          720    i.TIM_OCStructInit  stm32f10x_tim.o
    0x080053ba   0x00000002   PAD
    0x080053bc   0x000000a4   Code   RO          744    i.TIM_TimeBaseInit  stm32f10x_tim.o
    0x08005460   0x0000001c   Code   RO         2442    i.Task_Ctrl         app.o
    0x0800547c   0x0000001c   Code   RO         2443    i.Task_LED          app.o
    0x08005498   0x00000028   Code   RO         2444    i.Task_Link         app.o
    0x080054c0   0x00000018   Code   RO         2445    i.Task_RC           app.o
    0x080054d8   0x000000e0   Code   RO         2446    i.Task_Start        app.o
    0x080055b8   0x00000018   Code   RO         2447    i.Task_USB          app.o
    0x080055d0   0x00000012   Code   RO          135    i.USART_ClearFlag   stm32f10x_usart.o
    0x080055e2   0x00000018   Code   RO          139    i.USART_Cmd         stm32f10x_usart.o
    0x080055fa   0x00000002   PAD
    0x080055fc   0x000000d8   Code   RO          146    i.USART_Init        stm32f10x_usart.o
    0x080056d4   0x0000000c   Code   RO         2764    i.USBWakeUp_IRQHandler  usb_it.o
    0x080056e0   0x00000024   Code   RO         2565    i.USB_Cable_Config  hw_config.o
    0x08005704   0x00000014   Code   RO         2566    i.USB_Config        hw_config.o
    0x08005718   0x0000003c   Code   RO         3045    i.USB_Init          usb_init.o
    0x08005754   0x00000034   Code   RO         2567    i.USB_Interrupts_Config  hw_config.o
    0x08005788   0x000001d0   Code   RO         2746    i.USB_Istr          usb_istr.o
    0x08005958   0x00000008   Code   RO         2765    i.USB_LP_CAN1_RX0_IRQHandler  usb_it.o
    0x08005960   0x00000018   Code   RO         2569    i.USB_RxWrite       hw_config.o
    0x08005978   0x00000024   Code   RO         3557    i.USB_SIL_Init      usb_sil.o
    0x0800599c   0x0000002e   Code   RO         3558    i.USB_SIL_Read      usb_sil.o
    0x080059ca   0x00000002   PAD
    0x080059cc   0x00000018   Code   RO         2570    i.USB_TxRead        hw_config.o
    0x080059e4   0x00000018   Code   RO         2571    i.USB_TxWrite       hw_config.o
    0x080059fc   0x00000004   Code   RO         2497    i.UsageFault_Handler  stm32f10x_it.o
    0x08005a00   0x00000038   Code   RO         3099    i.UserToPMABufferCopy  usb_mem.o
    0x08005a38   0x0000006c   Code   RO         2255    i.VariableParameter  bf_status_mini_math.o
    0x08005aa4   0x00000064   Code   RO         2782    i.Virtual_Com_Port_Data_Setup  usb_prop.o
    0x08005b08   0x00000014   Code   RO         2783    i.Virtual_Com_Port_GetConfigDescriptor  usb_prop.o
    0x08005b1c   0x00000014   Code   RO         2784    i.Virtual_Com_Port_GetDeviceDescriptor  usb_prop.o
    0x08005b30   0x0000001c   Code   RO         2785    i.Virtual_Com_Port_GetLineCoding  usb_prop.o
    0x08005b4c   0x00000028   Code   RO         2786    i.Virtual_Com_Port_GetStringDescriptor  usb_prop.o
    0x08005b74   0x00000016   Code   RO         2787    i.Virtual_Com_Port_Get_Interface_Setting  usb_prop.o
    0x08005b8a   0x00000002   PAD
    0x08005b8c   0x00000028   Code   RO         2788    i.Virtual_Com_Port_NoData_Setup  usb_prop.o
    0x08005bb4   0x000000e8   Code   RO         2789    i.Virtual_Com_Port_Reset  usb_prop.o
    0x08005c9c   0x00000018   Code   RO         2790    i.Virtual_Com_Port_SetConfiguration  usb_prop.o
    0x08005cb4   0x0000000c   Code   RO         2791    i.Virtual_Com_Port_SetDeviceAddress  usb_prop.o
    0x08005cc0   0x0000001c   Code   RO         2792    i.Virtual_Com_Port_SetLineCoding  usb_prop.o
    0x08005cdc   0x00000014   Code   RO         2793    i.Virtual_Com_Port_Status_In  usb_prop.o
    0x08005cf0   0x00000002   Code   RO         2794    i.Virtual_Com_Port_Status_Out  usb_prop.o
    0x08005cf2   0x00000002   PAD
    0x08005cf4   0x00000028   Code   RO         2795    i.Virtual_Com_Port_init  usb_prop.o
    0x08005d1c   0x00000020   Code   RO         4423    i.__0printf$6       mc_w.l(printf6.o)
    0x08005d3c   0x00000028   Code   RO         4594    i.__ARM_fpclassify  m_ws.l(fpclassify.o)
    0x08005d64   0x00000026   Code   RO         4596    i.__ARM_fpclassifyf  m_ws.l(fpclassifyf.o)
    0x08005d8a   0x00000002   PAD
    0x08005d8c   0x00000388   Code   RO         4615    i.__ieee754_rem_pio2  m_ws.l(rred.o)
    0x08006114   0x000000fc   Code   RO         4577    i.__kernel_cos      m_ws.l(cos_i.o)
    0x08006210   0x000000aa   Code   RO         4612    i.__kernel_poly     m_ws.l(poly.o)
    0x080062ba   0x00000002   PAD
    0x080062bc   0x000000ec   Code   RO         4623    i.__kernel_sin      m_ws.l(sin_i.o)
    0x080063a8   0x00000010   Code   RO         4580    i.__mathlib_dbl_divzero  m_ws.l(dunder.o)
    0x080063b8   0x00000006   Code   RO         4581    i.__mathlib_dbl_infnan  m_ws.l(dunder.o)
    0x080063be   0x00000004   Code   RO         4582    i.__mathlib_dbl_infnan2  m_ws.l(dunder.o)
    0x080063c2   0x0000000c   Code   RO         4583    i.__mathlib_dbl_invalid  m_ws.l(dunder.o)
    0x080063ce   0x0000000e   Code   RO         4584    i.__mathlib_dbl_overflow  m_ws.l(dunder.o)
    0x080063dc   0x00000010   Code   RO         4586    i.__mathlib_dbl_underflow  m_ws.l(dunder.o)
    0x080063ec   0x00000006   Code   RO         4599    i.__mathlib_flt_infnan  m_ws.l(funder.o)
    0x080063f2   0x00000004   Code   RO         4600    i.__mathlib_flt_infnan2  m_ws.l(funder.o)
    0x080063f6   0x00000008   Code   RO         4601    i.__mathlib_flt_invalid  m_ws.l(funder.o)
    0x080063fe   0x0000000a   Code   RO         4604    i.__mathlib_flt_underflow  m_ws.l(funder.o)
    0x08006408   0x00000168   Code   RO         4620    i.__mathlib_rredf2  m_ws.l(rredf.o)
    0x08006570   0x0000000e   Code   RO         4702    i.__scatterload_copy  mc_w.l(handlers.o)
    0x0800657e   0x00000002   Code   RO         4703    i.__scatterload_null  mc_w.l(handlers.o)
    0x08006580   0x0000000e   Code   RO         4704    i.__scatterload_zeroinit  mc_w.l(handlers.o)
    0x0800658e   0x00000002   PAD
    0x08006590   0x0000000c   Code   RO         4672    i.__set_errno       mc_w.l(errno.o)
    0x0800659c   0x000002f0   Code   RO         4430    i._printf_core      mc_w.l(printf6.o)
    0x0800688c   0x00000024   Code   RO         4431    i._printf_post_padding  mc_w.l(printf6.o)
    0x080068b0   0x0000002e   Code   RO         4432    i._printf_pre_padding  mc_w.l(printf6.o)
    0x080068de   0x00000002   PAD
    0x080068e0   0x00000110   Code   RO         2331    i.alt_ctrl          bf_status_mini_ctrl.o
    0x080069f0   0x00000124   Code   RO         4192    i.asinf             m_ws.l(asinf.o)
    0x08006b14   0x00000220   Code   RO         4568    i.atan              m_ws.l(atan.o)
    0x08006d34   0x00000180   Code   RO         4200    i.atan2             m_ws.l(atan2.o)
    0x08006eb4   0x0000025c   Code   RO         4208    i.atan2f            m_ws.l(atan2f.o)
    0x08007110   0x000000bc   Code   RO         2149    i.battery_init      battery.o
    0x080071cc   0x000000bc   Code   RO         2150    i.battery_read      battery.o
    0x08007288   0x0000009c   Code   RO         4216    i.cos               m_ws.l(cos.o)
    0x08007324   0x0000017c   Code   RO         4224    i.cosf              m_ws.l(cosf.o)
    0x080074a0   0x000001cc   Code   RO         2217    i.data_load         bf_status_mini_system.o
    0x0800766c   0x000001b0   Code   RO         2218    i.data_save         bf_status_mini_system.o
    0x0800781c   0x00000018   Code   RO         1693    i.delay             stm32fx_delay.o
    0x08007834   0x0000000e   Code   RO         1271    i.delay5ms          stm32f10x_i2c.o
    0x08007842   0x00000018   Code   RO         1930    i.ee_ReadBytes      eeprom.o
    0x0800785a   0x0000002e   Code   RO         1931    i.ee_WriteBytes     eeprom.o
    0x08007888   0x00000010   Code   RO         2573    i.fputc             hw_config.o
    0x08007898   0x00000080   Code   RO         2091    i.get_altitude      ms5611.o
    0x08007918   0x00000074   Code   RO         2191    i.led_init          led.o
    0x0800798c   0x000001a4   Code   RO         2192    i.led_ref           led.o
    0x08007b30   0x00000034   Code   RO         2547    i.main              main.o
    0x08007b64   0x000000e4   Code   RO         2168    i.motor_init        motor.o
    0x08007c48   0x00000068   Code   RO         2169    i.motor_output      motor.o
    0x08007cb0   0x00000054   Code   RO         1909    i.mpu_init          mpu6050.o
    0x08007d04   0x000000ac   Code   RO         2092    i.ms5611_handle     ms5611.o
    0x08007db0   0x0000002a   Code   RO         2093    i.ms5611_read_adc   ms5611.o
    0x08007dda   0x00000002   PAD
    0x08007ddc   0x000002e0   Code   RO         2094    i.ms5611_read_baro  ms5611.o
    0x080080bc   0x00000098   Code   RO         2095    i.ms5611_read_fac   ms5611.o
    0x08008154   0x00000010   Code   RO         2096    i.ms5611_read_temp  ms5611.o
    0x08008164   0x0000004c   Code   RO         2097    i.ms5611_reset      ms5611.o
    0x080081b0   0x00000030   Code   RO         2098    i.ms5611_start_conversion  ms5611.o
    0x080081e0   0x000000b4   Code   RO         2219    i.param_init        bf_status_mini_system.o
    0x08008294   0x000009d8   Code   RO         4232    i.pow               m_ws.l(pow.o)
    0x08008c6c   0x00000098   Code   RO         3877    i.prvAddCurrentTaskToDelayedList  tasks.o
    0x08008d04   0x000000b4   Code   RO         3878    i.prvAddNewTaskToReadyList  tasks.o
    0x08008db8   0x00000064   Code   RO         3879    i.prvCheckTasksWaitingTermination  tasks.o
    0x08008e1c   0x00000012   Code   RO         3880    i.prvDeleteTCB      tasks.o
    0x08008e2e   0x00000002   PAD
    0x08008e30   0x00000038   Code   RO         4153    i.prvHeapInit       heap_2.o
    0x08008e68   0x00000028   Code   RO         3881    i.prvIdleTask       tasks.o
    0x08008e90   0x00000080   Code   RO         3882    i.prvInitialiseNewTask  tasks.o
    0x08008f10   0x00000068   Code   RO         3883    i.prvInitialiseTaskLists  tasks.o
    0x08008f78   0x00000034   Code   RO         3884    i.prvResetNextTaskUnblockTime  tasks.o
    0x08008fac   0x00000016   Code   RO         3627    i.prvTaskExitError  port.o
    0x08008fc2   0x00000002   PAD
    0x08008fc4   0x000000b8   Code   RO         4154    i.pvPortMalloc      heap_2.o
    0x0800907c   0x00000024   Code   RO         3628    i.pxPortInitialiseStack  port.o
    0x080090a0   0x000000a0   Code   RO         4242    i.sin               m_ws.l(sin.o)
    0x08009140   0x00000188   Code   RO         4250    i.sinf              m_ws.l(sinf.o)
    0x080092c8   0x0000004c   Code   RO         4630    i.sqrt              m_ws.l(sqrt.o)
    0x08009314   0x0000002c   Code   RO         4638    i.sqrtf             m_ws.l(sqrtf.o)
    0x08009340   0x00000074   Code   RO         2193    i.start_led         led.o
    0x080093b4   0x000000ec   Code   RO         2220    i.system_init       bf_status_mini_system.o
    0x080094a0   0x00000084   Code   RO         1896    i.usart_init        debug_usart.o
    0x08009524   0x00000028   Code   RO         3581    i.uxListRemove      list.o
    0x0800954c   0x0000001a   Code   RO         3582    i.vListInitialise   list.o
    0x08009566   0x00000006   Code   RO         3583    i.vListInitialiseItem  list.o
    0x0800956c   0x00000034   Code   RO         3584    i.vListInsert       list.o
    0x080095a0   0x00000018   Code   RO         3585    i.vListInsertEnd    list.o
    0x080095b8   0x00000024   Code   RO         3630    i.vPortEnterCritical  port.o
    0x080095dc   0x00000020   Code   RO         3631    i.vPortExitCritical  port.o
    0x080095fc   0x00000040   Code   RO         4155    i.vPortFree         heap_2.o
    0x0800963c   0x00000014   Code   RO         3632    i.vPortSetupTimerInterrupt  port.o
    0x08009650   0x00000034   Code   RO         3891    i.vTaskDelay        tasks.o
    0x08009684   0x00000074   Code   RO         3892    i.vTaskDelayUntil   tasks.o
    0x080096f8   0x000000cc   Code   RO         3893    i.vTaskDelete       tasks.o
    0x080097c4   0x00000064   Code   RO         3902    i.vTaskStartScheduler  tasks.o
    0x08009828   0x00000010   Code   RO         3904    i.vTaskSuspendAll   tasks.o
    0x08009838   0x00000060   Code   RO         3905    i.vTaskSwitchContext  tasks.o
    0x08009898   0x0000000c   Code   RO         4157    i.xPortGetFreeHeapSize  heap_2.o
    0x080098a4   0x00000034   Code   RO         3633    i.xPortStartScheduler  port.o
    0x080098d8   0x00000034   Code   RO         3634    i.xPortSysTickHandler  port.o
    0x0800990c   0x00000060   Code   RO         3907    i.xTaskCreate       tasks.o
    0x0800996c   0x0000000c   Code   RO         3910    i.xTaskGetTickCount  tasks.o
    0x08009978   0x0000011c   Code   RO         3912    i.xTaskIncrementTick  tasks.o
    0x08009a94   0x000000e8   Code   RO         3917    i.xTaskResumeAll    tasks.o
    0x08009b7c   0x00000097   Data   RO         2700    .constdata          usb_desc.o
    0x08009c13   0x00000005   PAD
    0x08009c18   0x00000088   Data   RO         4233    .constdata          m_ws.l(pow.o)
    0x08009ca0   0x00000098   Data   RO         4569    .constdata          m_ws.l(atan.o)
    0x08009d38   0x00000030   Data   RO         4578    .constdata          m_ws.l(cos_i.o)
    0x08009d68   0x00000008   Data   RO         4614    .constdata          m_ws.l(qnan.o)
    0x08009d70   0x000000c8   Data   RO         4617    .constdata          m_ws.l(rred.o)
    0x08009e38   0x00000020   Data   RO         4621    .constdata          m_ws.l(rredf.o)
    0x08009e58   0x00000028   Data   RO         4624    .constdata          m_ws.l(sin_i.o)
    0x08009e80   0x00000020   Data   RO         4700    Region$$Table       anon$$obj.o


    Execution Region RW_IRAM1 (Base: 0x20000000, Size: 0x00004640, Max: 0x00005000, ABSOLUTE, COMPRESSED[0x000000ec])

    Base Addr    Size         Type   Attr      Idx    E Section Name        Object

    0x20000000   0x00000014   Data   RW           28    .data               system_stm32f10x.o
    0x20000014   0x00000014   Data   RW         1378    .data               stm32f10x_rcc.o
    0x20000028   0x0000000a   Data   RW         1972    .data               nrf24l01.o
    0x20000032   0x00000002   PAD
    0x20000034   0x00000004   Data   RW         2099    .data               ms5611.o
    0x20000038   0x00000001   Data   RW         2194    .data               led.o
    0x20000039   0x00000003   PAD
    0x2000003c   0x00000024   Data   RW         2289    .data               bf_status_mini_global.o
    0x20000060   0x00000050   Data   RW         2304    .data               bf_status_mini_filter.o
    0x200000b0   0x00000014   Data   RW         2332    .data               bf_status_mini_ctrl.o
    0x200000c4   0x00000002   Data   RW         2374    .data               bf_status_mini_rc.o
    0x200000c6   0x00000002   PAD
    0x200000c8   0x00000018   Data   RW         2400    .data               imu.o
    0x200000e0   0x00000004   Data   RW         2448    .data               app.o
    0x200000e4   0x0000000c   Data   RW         2575    .data               hw_config.o
    0x200000f0   0x00000026   Data   RW         2701    .data               usb_desc.o
    0x20000116   0x00000002   PAD
    0x20000118   0x00000008   Data   RW         2720    .data               usb_endp.o
    0x20000120   0x00000044   Data   RW         2747    .data               usb_istr.o
    0x20000164   0x00000094   Data   RW         2796    .data               usb_prop.o
    0x200001f8   0x0000000c   Data   RW         2889    .data               usb_pwr.o
    0x20000204   0x00000003   Data   RW         2945    .data               usb_core.o
    0x20000207   0x00000001   PAD
    0x20000208   0x00000014   Data   RW         3047    .data               usb_init.o
    0x2000021c   0x00000004   Data   RW         3070    .data               usb_int.o
    0x20000220   0x00000004   Data   RW         3635    .data               port.o
    0x20000224   0x0000003c   Data   RW         3920    .data               tasks.o
    0x20000260   0x00000018   Data   RW         4159    .data               heap_2.o
    0x20000278   0x00000004   Data   RW         4659    .data               mc_w.l(stdout.o)
    0x2000027c   0x00000004   Data   RW         4673    .data               mc_w.l(errno.o)
    0x20000280   0x0000002a   Zero   RW         1795    .bss                datascope_dp.o
    0x200002aa   0x00000002   PAD
    0x200002ac   0x00000268   Zero   RW         2288    .bss                bf_status_mini_global.o
    0x20000514   0x00000004   PAD
    0x20000518   0x000000f0   Zero   RW         2303    .bss                bf_status_mini_filter.o
    0x20000608   0x00000020   Zero   RW         2373    .bss                bf_status_mini_rc.o
    0x20000628   0x00000a30   Zero   RW         2574    .bss                hw_config.o
    0x20001058   0x00000080   Zero   RW         2719    .bss                usb_endp.o
    0x200010d8   0x00000020   Zero   RW         2888    .bss                usb_pwr.o
    0x200010f8   0x0000001c   Zero   RW         3046    .bss                usb_init.o
    0x20001114   0x0000012c   Zero   RW         3919    .bss                tasks.o
    0x20001240   0x00003000   Zero   RW         4158    .bss                heap_2.o
    0x20004240   0x00000400   Zero   RW            1    STACK               startup_stm32f10x_md.o


==============================================================================

Image component sizes


      Code (inc. data)   RO Data    RW Data    ZI Data      Debug   Object Name

       368         88          0          4          0       3235   app.o
       376         38          0          0          0       1258   battery.o
      2724        188          0         20          0       5079   bf_status_mini_ctrl.o
       292          0          0         80        240       2336   bf_status_mini_filter.o
         0          0          0         36        616       3347   bf_status_mini_global.o
       374         22          0          0          0       2585   bf_status_mini_math.o
       828         54          0          2         32       2060   bf_status_mini_rc.o
      1376        262          0          0          0       2956   bf_status_mini_system.o
         0          0          0          0          0       4508   core_cm3.o
       432         52          0          0         42       7177   datascope_dp.o
       132         10          0          0          0        589   debug_usart.o
        70          0          0          0          0       1731   eeprom.o
       316         46          0         24      12288       3898   heap_2.o
       480         70          0         12       2608      11997   hw_config.o
      2542        172          0         24          0       5428   imu.o
       652         66          0          1          0       1669   led.o
       148          0          0          0          0       4526   list.o
        52         18          0          0          0        447   main.o
       132         22          0          0          0       1503   misc.o
       356         24          0          0          0       1765   motor.o
       672          8          0          0          0       1362   mpu6050.o
      1370         80          0          4          0       4942   ms5611.o
       792         72          0         10          0      17471   nrf24l01.o
       400         50          0          4          0       8696   port.o
        36          8        236          0       1024        864   startup_stm32f10x_md.o
       394         10          0          0          0       7929   stm32f10x_adc.o
       160         12          0          0          0       1469   stm32f10x_exti.o
       470          6          0          0          0       4495   stm32f10x_gpio.o
       828         34          0          0          0       7867   stm32f10x_i2c.o
        46          4          0          0          0       3400   stm32f10x_it.o
       356         54          0         20          0       6015   stm32f10x_rcc.o
       112          0          0          0          0       3782   stm32f10x_spi.o
      1384        156          0          0          0       8137   stm32f10x_tim.o
       258          6          0          0          0       3363   stm32f10x_usart.o
        68          0          0          0          0       1852   stm32fx_delay.o
       328         28          0         20          0     268001   system_stm32f10x.o
      1982        318          0         60        300      23185   tasks.o
      3058        288          0          3          0      14103   usb_core.o
         0          0        151         38          0       1087   usb_desc.o
       212         34          0          8        128       2324   usb_endp.o
        60         24          0         20         28       4030   usb_init.o
       648         32          0          4          0       1684   usb_int.o
       464         38          0         68          0       1639   usb_istr.o
        20          0          0          0          0        964   usb_it.o
        96         10          0          0          0       1712   usb_mem.o
       628        102          0        148          0      11677   usb_prop.o
       568         60          0         12         32       3848   usb_pwr.o
       132          0          0          0          0       2392   usb_queue.o
       712        100          0          0          0       9459   usb_regs.o
        82          8          0          0          0       1406   usb_sil.o

    ----------------------------------------------------------------------
     28032       2674        424        632      17344     497249   Object Totals
         0          0         32          0          0          0   (incl. Generated)
        46          0          5         10          6          0   (incl. Padding)

    ----------------------------------------------------------------------

      Code (inc. data)   RO Data    RW Data    ZI Data      Debug   Library Member Name

       292         38          0          0          0        120   asinf.o
       544         70        152          0          0        124   atan.o
       384         38          0          0          0        144   atan2.o
       604         76          0          0          0        116   atan2f.o
       156          8          0          0          0        104   cos.o
       252         22         48          0          0        124   cos_i.o
       380         52          0          0          0        124   cosf.o
        68         10          0          0          0        408   dunder.o
        40          0          0          0          0         68   fpclassify.o
        38          0          0          0          0         68   fpclassifyf.o
        28          0          0          0          0        272   funder.o
       170          0          0          0          0         96   poly.o
      2520        190        136          0          0        324   pow.o
         0          0          8          0          0          0   qnan.o
       904         76        200          0          0        140   rred.o
       360         16         32          0          0         88   rredf.o
       160         10          0          0          0        108   sin.o
       236         12         40          0          0        128   sin_i.o
       392         54          0          0          0        124   sinf.o
        76          0          0          0          0         84   sqrt.o
        44          0          0          0          0         80   sqrtf.o
        86          0          0          0          0          0   __dczerorl2.o
         0          0          0          0          0          0   entry.o
         0          0          0          0          0          0   entry10a.o
         0          0          0          0          0          0   entry11a.o
         8          4          0          0          0          0   entry2.o
         4          0          0          0          0          0   entry5.o
         0          0          0          0          0          0   entry7b.o
         0          0          0          0          0          0   entry8b.o
         8          4          0          0          0          0   entry9a.o
        12          6          0          4          0         68   errno.o
        30          0          0          0          0          0   handlers.o
        36          8          0          0          0         68   init.o
         0          0          0          0          0          0   iusefp.o
        98          0          0          0          0         84   ldiv.o
        30          0          0          0          0         68   llshl.o
        36          0          0          0          0         68   llsshr.o
        32          0          0          0          0         68   llushr.o
        36          0          0          0          0        108   memseta.o
       866         14          0          0          0        352   printf6.o
         0          0          0          4          0          0   stdout.o
        44          0          0          0          0         80   uidiv.o
        98          0          0          0          0         92   uldiv.o
        48          0          0          0          0         68   cdcmple.o
        48          0          0          0          0         68   cdrcmple.o
        20          0          0          0          0         68   cfcmple.o
        20          0          0          0          0         68   cfrcmple.o
        56          0          0          0          0         88   d2f.o
       334          0          0          0          0        148   dadd.o
       222          0          0          0          0        100   ddiv.o
       186          0          0          0          0        176   depilogue.o
        62          0          0          0          0         80   dfixi.o
        74          0          0          0          0         80   dfixl.o
        34          0          0          0          0         76   dflti.o
        26          0          0          0          0         76   dfltui.o
       228          0          0          0          0         96   dmul.o
        46          0          0          0          0         80   dscalb.o
       162          0          0          0          0        100   dsqrt.o
        38          0          0          0          0         68   f2d.o
       176          0          0          0          0        140   fadd.o
       124          0          0          0          0         88   fdiv.o
       110          0          0          0          0        168   fepilogue.o
        50          0          0          0          0         68   ffixi.o
        40          0          0          0          0         68   ffixui.o
        18          0          0          0          0         68   fflti.o
        44          0          0          0          0         92   ffltl.o
        10          0          0          0          0         68   ffltui.o
       100          0          0          0          0         76   fmul.o
        60          0          0          0          0         76   frnd.o
        24          0          0          0          0         68   fscalb.o
        94          0          0          0          0         96   fsqrt.o

    ----------------------------------------------------------------------
     11536        708        616          8          0       6416   Library Totals
        10          0          0          0          0          0   (incl. Padding)

    ----------------------------------------------------------------------

      Code (inc. data)   RO Data    RW Data    ZI Data      Debug   Library Name

      7648        672        616          0          0       2844   m_ws.l
      1424         36          0          8          0       1056   mc_w.l
      2454          0          0          0          0       2516   mf_w.l

    ----------------------------------------------------------------------
     11536        708        616          8          0       6416   Library Totals

    ----------------------------------------------------------------------

==============================================================================


      Code (inc. data)   RO Data    RW Data    ZI Data      Debug   

     39568       3382       1040        640      17344     487309   Grand Totals
     39568       3382       1040        236      17344     487309   ELF Image Totals (compressed)
     39568       3382       1040        236          0          0   ROM Totals

==============================================================================

    Total RO  Size (Code + RO Data)                40608 (  39.66kB)
    Total RW  Size (RW Data + ZI Data)             17984 (  17.56kB)
    Total ROM Size (Code + RO Data + RW Data)      40844 (  39.89kB)

==============================================================================

