Component: ARM Compiler 5.06 update 4 (build 422) Tool: armlink [4d35d2]

==============================================================================

Section Cross References

    startup_stm32f10x_md.o(STACK) refers (Special) to stm32f10x_it.o(i.PendSV_Handler) for PendSV_Handler
    startup_stm32f10x_md.o(HEAP) refers (Special) to stm32f10x_it.o(i.PendSV_Handler) for PendSV_Handler
    startup_stm32f10x_md.o(RESET) refers (Special) to stm32f10x_it.o(i.PendSV_Handler) for PendSV_Handler
    startup_stm32f10x_md.o(RESET) refers to startup_stm32f10x_md.o(STACK) for __initial_sp
    startup_stm32f10x_md.o(RESET) refers to startup_stm32f10x_md.o(.text) for Reset_Handler
    startup_stm32f10x_md.o(RESET) refers to stm32f10x_it.o(i.NMI_Handler) for NMI_Handler
    startup_stm32f10x_md.o(RESET) refers to stm32f10x_it.o(i.HardFault_Handler) for HardFault_Handler
    startup_stm32f10x_md.o(RESET) refers to stm32f10x_it.o(i.MemManage_Handler) for MemManage_Handler
    startup_stm32f10x_md.o(RESET) refers to stm32f10x_it.o(i.BusFault_Handler) for BusFault_Handler
    startup_stm32f10x_md.o(RESET) refers to stm32f10x_it.o(i.UsageFault_Handler) for UsageFault_Handler
    startup_stm32f10x_md.o(RESET) refers to port.o(.emb_text) for vPortSVCHandler
    startup_stm32f10x_md.o(RESET) refers to stm32f10x_it.o(i.DebugMon_Handler) for DebugMon_Handler
    startup_stm32f10x_md.o(RESET) refers to port.o(i.xPortSysTickHandler) for xPortSysTickHandler
    startup_stm32f10x_md.o(RESET) refers to usb_it.o(i.USB_LP_CAN1_RX0_IRQHandler) for USB_LP_CAN1_RX0_IRQHandler
    startup_stm32f10x_md.o(RESET) refers to stm32f10x_it.o(i.TIM3_IRQHandler) for TIM3_IRQHandler
    startup_stm32f10x_md.o(RESET) refers to usb_it.o(i.USBWakeUp_IRQHandler) for USBWakeUp_IRQHandler
    startup_stm32f10x_md.o(.text) refers (Special) to stm32f10x_it.o(i.PendSV_Handler) for PendSV_Handler
    startup_stm32f10x_md.o(.text) refers to system_stm32f10x.o(i.SystemInit) for SystemInit
    startup_stm32f10x_md.o(.text) refers to entry.o(.ARM.Collect$$$$00000000) for __main
    system_stm32f10x.o(i.SystemCoreClockUpdate) refers to system_stm32f10x.o(.data) for .data
    system_stm32f10x.o(i.SystemInit) refers to system_stm32f10x.o(i.SetSysClockTo72) for SetSysClockTo72
    stm32f10x_usart.o(i.USART_DeInit) refers to stm32f10x_rcc.o(i.RCC_APB2PeriphResetCmd) for RCC_APB2PeriphResetCmd
    stm32f10x_usart.o(i.USART_DeInit) refers to stm32f10x_rcc.o(i.RCC_APB1PeriphResetCmd) for RCC_APB1PeriphResetCmd
    stm32f10x_usart.o(i.USART_Init) refers to stm32f10x_rcc.o(i.RCC_GetClocksFreq) for RCC_GetClocksFreq
    stm32f10x_gpio.o(i.GPIO_AFIODeInit) refers to stm32f10x_rcc.o(i.RCC_APB2PeriphResetCmd) for RCC_APB2PeriphResetCmd
    stm32f10x_gpio.o(i.GPIO_DeInit) refers to stm32f10x_rcc.o(i.RCC_APB2PeriphResetCmd) for RCC_APB2PeriphResetCmd
    stm32f10x_gpio.o(i.GPIO_QuickInit) refers to stm32f10x_rcc.o(i.RCC_APB2PeriphClockCmd) for RCC_APB2PeriphClockCmd
    stm32f10x_gpio.o(i.GPIO_QuickInit) refers to stm32f10x_gpio.o(i.GPIO_Init) for GPIO_Init
    stm32f10x_adc.o(i.ADC_DeInit) refers to stm32f10x_rcc.o(i.RCC_APB2PeriphResetCmd) for RCC_APB2PeriphResetCmd
    stm32f10x_tim.o(i.TIM_DeInit) refers to stm32f10x_rcc.o(i.RCC_APB1PeriphResetCmd) for RCC_APB1PeriphResetCmd
    stm32f10x_tim.o(i.TIM_DeInit) refers to stm32f10x_rcc.o(i.RCC_APB2PeriphResetCmd) for RCC_APB2PeriphResetCmd
    stm32f10x_tim.o(i.TIM_ETRClockMode1Config) refers to stm32f10x_tim.o(i.TIM_ETRConfig) for TIM_ETRConfig
    stm32f10x_tim.o(i.TIM_ETRClockMode2Config) refers to stm32f10x_tim.o(i.TIM_ETRConfig) for TIM_ETRConfig
    stm32f10x_tim.o(i.TIM_ICInit) refers to stm32f10x_tim.o(i.TI1_Config) for TI1_Config
    stm32f10x_tim.o(i.TIM_ICInit) refers to stm32f10x_tim.o(i.TIM_SetIC1Prescaler) for TIM_SetIC1Prescaler
    stm32f10x_tim.o(i.TIM_ICInit) refers to stm32f10x_tim.o(i.TI2_Config) for TI2_Config
    stm32f10x_tim.o(i.TIM_ICInit) refers to stm32f10x_tim.o(i.TIM_SetIC2Prescaler) for TIM_SetIC2Prescaler
    stm32f10x_tim.o(i.TIM_ICInit) refers to stm32f10x_tim.o(i.TIM_SetIC3Prescaler) for TIM_SetIC3Prescaler
    stm32f10x_tim.o(i.TIM_ICInit) refers to stm32f10x_tim.o(i.TIM_SetIC4Prescaler) for TIM_SetIC4Prescaler
    stm32f10x_tim.o(i.TIM_ITRxExternalClockConfig) refers to stm32f10x_tim.o(i.TIM_SelectInputTrigger) for TIM_SelectInputTrigger
    stm32f10x_tim.o(i.TIM_PWMIConfig) refers to stm32f10x_tim.o(i.TI2_Config) for TI2_Config
    stm32f10x_tim.o(i.TIM_PWMIConfig) refers to stm32f10x_tim.o(i.TIM_SetIC2Prescaler) for TIM_SetIC2Prescaler
    stm32f10x_tim.o(i.TIM_PWMIConfig) refers to stm32f10x_tim.o(i.TI1_Config) for TI1_Config
    stm32f10x_tim.o(i.TIM_PWMIConfig) refers to stm32f10x_tim.o(i.TIM_SetIC1Prescaler) for TIM_SetIC1Prescaler
    stm32f10x_tim.o(i.TIM_TIxExternalClockConfig) refers to stm32f10x_tim.o(i.TI1_Config) for TI1_Config
    stm32f10x_tim.o(i.TIM_TIxExternalClockConfig) refers to stm32f10x_tim.o(i.TIM_SelectInputTrigger) for TIM_SelectInputTrigger
[...]
    vPortGetIPSR                             0x080035c9   Thumb Code     6  port.o(.emb_text)
    Reset_Handler                            0x080035d1   Thumb Code     8  startup_stm32f10x_md.o(.text)
    SVC_Handler                              0x080035e3   Thumb Code     2  startup_stm32f10x_md.o(.text)
    OS_CPU_PendSVHandler                     0x080035e7   Thumb Code     2  startup_stm32f10x_md.o(.text)
    SysTick_Handler                          0x080035e9   Thumb Code     2  startup_stm32f10x_md.o(.text)
    ADC1_2_IRQHandler                        0x080035eb   Thumb Code     0  startup_stm32f10x_md.o(.text)
    CAN1_RX1_IRQHandler                      0x080035eb   Thumb Code     0  startup_stm32f10x_md.o(.text)
    CAN1_SCE_IRQHandler                      0x080035eb   Thumb Code     0  startup_stm32f10x_md.o(.text)
    DMA1_Channel1_IRQHandler                 0x080035eb   Thumb Code     0  startup_stm32f10x_md.o(.text)
    DMA1_Channel2_IRQHandler                 0x080035eb   Thumb Code     0  startup_stm32f10x_md.o(.text)
    DMA1_Channel3_IRQHandler                 0x080035eb   Thumb Code     0  startup_stm32f10x_md.o(.text)
    DMA1_Channel4_IRQHandler                 0x080035eb   Thumb Code     0  startup_stm32f10x_md.o(.text)
    DMA1_Channel5_IRQHandler                 0x080035eb   Thumb Code     0  startup_stm32f10x_md.o(.text)
    DMA1_Channel6_IRQHandler                 0x080035eb   Thumb Code     0  startup_stm32f10x_md.o(.text)
    DMA1_Channel7_IRQHandler                 0x080035eb   Thumb Code     0  startup_stm32f10x_md.o(.text)
    EXTI0_IRQHandler                         0x080035eb   Thumb Code     0  startup_stm32f10x_md.o(.text)
    EXTI15_10_IRQHandler                     0x080035eb   Thumb Code     0  startup_stm32f10x_md.o(.text)
    EXTI1_IRQHandler                         0x080035eb   Thumb Code     0  startup_stm32f10x_md.o(.text)
    EXTI2_IRQHandler                         0x080035eb   Thumb Code     0  startup_stm32f10x_md.o(.text)
    EXTI3_IRQHandler                         0x080035eb   Thumb Code     0  startup_stm32f10x_md.o(.text)
    EXTI4_IRQHandler                         0x080035eb   Thumb Code     0  startup_stm32f10x_md.o(.text)
    EXTI9_5_IRQHandler                       0x080035eb   Thumb Code     0  startup_stm32f10x_md.o(.text)
    FLASH_IRQHandler                         0x080035eb   Thumb Code     0  startup_stm32f10x_md.o(.text)
    I2C1_ER_IRQHandler                       0x080035eb   Thumb Code     0  startup_stm32f10x_md.o(.text)
    I2C1_EV_IRQHandler                       0x080035eb   Thumb Code     0  startup_stm32f10x_md.o(.text)
    I2C2_ER_IRQHandler                       0x080035eb   Thumb Code     0  startup_stm32f10x_md.o(.text)
    I2C2_EV_IRQHandler                       0x080035eb   Thumb Code     0  startup_stm32f10x_md.o(.text)
    PVD_IRQHandler                           0x080035eb   Thumb Code     0  startup_stm32f10x_md.o(.text)
    RCC_IRQHandler                           0x080035eb   Thumb Code     0  startup_stm32f10x_md.o(.text)
    RTCAlarm_IRQHandler                      0x080035eb   Thumb Code     0  startup_stm32f10x_md.o(.text)
    RTC_IRQHandler                           0x080035eb   Thumb Code     0  startup_stm32f10x_md.o(.text)
    SPI1_IRQHandler                          0x080035eb   Thumb Code     0  startup_stm32f10x_md.o(.text)
    SPI2_IRQHandler                          0x080035eb   Thumb Code     0  startup_stm32f10x_md.o(.text)
    TAMPER_IRQHandler                        0x080035eb   Thumb Code     0  startup_stm32f10x_md.o(.text)
    TIM1_BRK_IRQHandler                      0x080035eb   Thumb Code     0  startup_stm32f10x_md.o(.text)
    TIM1_CC_IRQHandler                       0x080035eb   Thumb Code     0  startup_stm32f10x_md.o(.text)
    TIM1_TRG_COM_IRQHandler                  0x080035eb   Thumb Code     0  startup_stm32f10x_md.o(.text)
    TIM1_UP_IRQHandler                       0x080035eb   Thumb Code     0  startup_stm32f10x_md.o(.text)
    TIM2_IRQHandler                          0x080035eb   Thumb Code     0  startup_stm32f10x_md.o(.text)
    TIM4_IRQHandler                          0x080035eb   Thumb Code     0  startup_stm32f10x_md.o(.text)
    USART1_IRQHandler                        0x080035eb   Thumb Code     0  startup_stm32f10x_md.o(.text)
    USART2_IRQHandler                        0x080035eb   Thumb Code     0  startup_stm32f10x_md.o(.text)
    USART3_IRQHandler                        0x080035eb   Thumb Code     0  startup_stm32f10x_md.o(.text)
    USB_HP_CAN1_TX_IRQHandler                0x080035eb   Thumb Code     0  startup_stm32f10x_md.o(.text)
    WWDG_IRQHandler                          0x080035eb   Thumb Code     0  startup_stm32f10x_md.o(.text)
    __aeabi_ldivmod                          0x080035f5   Thumb Code    98  ldiv.o(.text)
    __aeabi_memcpy                           0x08003657   Thumb Code    36  memcpya.o(.text)
    __aeabi_memcpy4                          0x08003657   Thumb Code     0  memcpya.o(.text)
    __aeabi_memcpy8                          0x08003657   Thumb Code     0  memcpya.o(.text)
    __aeabi_fadd                             0x0800367b   Thumb Code   164  fadd.o(.text)
    __aeabi_fsub                             0x0800371f   Thumb Code     6  fadd.o(.text)
    __aeabi_frsub                            0x08003725   Thumb Code     6  fadd.o(.text)
    __aeabi_fmul                             0x0800372b   Thumb Code   100  fmul.o(.text)
    __aeabi_fdiv                             0x0800378f   Thumb Code   124  fdiv.o(.text)
    __ARM_scalbnf                            0x0800380b   Thumb Code    24  fscalb.o(.text)
    scalbnf                                  0x0800380b   Thumb Code     0  fscalb.o(.text)
    __aeabi_dadd                             0x08003823   Thumb Code   322  dadd.o(.text)
    __aeabi_dsub                             0x08003965   Thumb Code     6  dadd.o(.text)
    __aeabi_drsub                            0x0800396b   Thumb Code     6  dadd.o(.text)
    __aeabi_dmul                             0x08003971   Thumb Code   228  dmul.o(.text)
    __aeabi_ddiv                             0x08003a55   Thumb Code   222  ddiv.o(.text)
    __aeabi_i2f                              0x08003b33   Thumb Code    18  fflti.o(.text)
    __aeabi_ui2f                             0x08003b45   Thumb Code    10  ffltui.o(.text)
    __aeabi_f2iz                             0x08003b4f   Thumb Code    50  ffixi.o(.text)
    __aeabi_f2uiz                            0x08003b81   Thumb Code    40  ffixui.o(.text)
    __aeabi_f2d                              0x08003ba9   Thumb Code    38  f2d.o(.text)
    __aeabi_d2f                              0x08003bcf   Thumb Code    56  d2f.o(.text)
    __aeabi_cfcmpeq                          0x08003c09   Thumb Code     0  cfcmple.o(.text)
    __aeabi_cfcmple                          0x08003c09   Thumb Code    20  cfcmple.o(.text)
    __aeabi_cfrcmple                         0x08003c1d   Thumb Code    20  cfrcmple.o(.text)
    __aeabi_uidiv                            0x08003c31   Thumb Code     0  uidiv.o(.text)
    __aeabi_uidivmod                         0x08003c31   Thumb Code    44  uidiv.o(.text)
    __aeabi_uldivmod                         0x08003c5d   Thumb Code    98  uldiv.o(.text)
    __aeabi_llsl                             0x08003cbf   Thumb Code    30  llshl.o(.text)
    _ll_shift_l                              0x08003cbf   Thumb Code     0  llshl.o(.text)
    __aeabi_lasr                             0x08003cdd   Thumb Code    36  llsshr.o(.text)
    _ll_sshift_r                             0x08003cdd   Thumb Code     0  llsshr.o(.text)
    __I$use$fp                               0x08003d01   Thumb Code     0  iusefp.o(.text)
    _float_round                             0x08003d01   Thumb Code    18  fepilogue.o(.text)
    _float_epilogue                          0x08003d13   Thumb Code    92  fepilogue.o(.text)
    _frnd                                    0x08003d6f   Thumb Code    60  frnd.o(.text)
    _double_round                            0x08003dab   Thumb Code    30  depilogue.o(.text)
    _double_epilogue                         0x08003dc9   Thumb Code   156  depilogue.o(.text)
    __ARM_scalbn                             0x08003e65   Thumb Code    46  dscalb.o(.text)
    scalbn                                   0x08003e65   Thumb Code     0  dscalb.o(.text)
    __aeabi_i2d                              0x08003e93   Thumb Code    34  dflti.o(.text)
    __aeabi_cdrcmple                         0x08003eb5   Thumb Code    48  cdrcmple.o(.text)
    __scatterload                            0x08003ee5   Thumb Code    28  init.o(.text)
    __scatterload_rt2                        0x08003ee5   Thumb Code     0  init.o(.text)
    __aeabi_llsr                             0x08003f09   Thumb Code    32  llushr.o(.text)
    _ll_ushift_r                             0x08003f09   Thumb Code     0  llushr.o(.text)
    _fsqrt                                   0x08003f29   Thumb Code    94  fsqrt.o(.text)
    _dsqrt                                   0x08003f87   Thumb Code   162  dsqrt.o(.text)
    __decompress                             0x08004029   Thumb Code     0  __dczerorl2.o(.text)
    __decompress1                            0x08004029   Thumb Code    86  __dczerorl2.o(.text)
    ADC_Cmd                                  0x0800407f   Thumb Code    20  stm32f10x_adc.o(i.ADC_Cmd)
    ADC_GetCalibrationStatus                 0x08004093   Thumb Code    14  stm32f10x_adc.o(i.ADC_GetCalibrationStatus)
    ADC_GetConversionValue                   0x080040a1   Thumb Code     6  stm32f10x_adc.o(i.ADC_GetConversionValue)
    ADC_GetFlagStatus                        0x080040a7   Thumb Code    14  stm32f10x_adc.o(i.ADC_GetFlagStatus)
    ADC_GetResetCalibrationStatus            0x080040b5   Thumb Code    14  stm32f10x_adc.o(i.ADC_GetResetCalibrationStatus)
    ADC_Init                                 0x080040c5   Thumb Code    62  stm32f10x_adc.o(i.ADC_Init)
    ADC_RegularChannelConfig                 0x0800410d   Thumb Code   116  stm32f10x_adc.o(i.ADC_RegularChannelConfig)
    ADC_ResetCalibration                     0x08004181   Thumb Code    10  stm32f10x_adc.o(i.ADC_ResetCalibration)
    ADC_SoftwareStartConvCmd                 0x0800418b   Thumb Code    20  stm32f10x_adc.o(i.ADC_SoftwareStartConvCmd)
    ADC_StartCalibration                     0x0800419f   Thumb Code    10  stm32f10x_adc.o(i.ADC_StartCalibration)
    Angle_Get                                0x080042a1   Thumb Code    26  imu.o(i.Angle_Get)
    BSP_init                                 0x080042c1   Thumb Code    30  bf_status_mini_system.o(i.BSP_init)
    BusFault_Handler                         0x080042e9   Thumb Code     2  stm32f10x_it.o(i.BusFault_Handler)
    ByteSwap                                 0x080042eb   Thumb Code    10  usb_regs.o(i.ByteSwap)
    CTR_LP                                   0x080042f5   Thumb Code   314  usb_int.o(i.CTR_LP)
    ClearDTOG_RX                             0x08004685   Thumb Code    36  usb_regs.o(i.ClearDTOG_RX)
    ClearDTOG_TX                             0x080046ad   Thumb Code    36  usb_regs.o(i.ClearDTOG_TX)
    Clear_Status_Out                         0x080046d5   Thumb Code    28  usb_regs.o(i.Clear_Status_Out)
    Control                                  0x080046f5   Thumb Code   246  bf_status_mini_ctrl.o(i.Control)
    DebugMon_Handler                         0x08004d05   Thumb Code     2  stm32f10x_it.o(i.DebugMon_Handler)
    DelayMs                                  0x08004d07   Thumb Code    16  stm32fx_delay.o(i.DelayMs)
    DelayUs                                  0x08004d17   Thumb Code    24  stm32fx_delay.o(i.DelayUs)
    EP1_IN_Callback                          0x08004d31   Thumb Code    60  usb_endp.o(i.EP1_IN_Callback)
    EP3_OUT_Callback                         0x08004d75   Thumb Code    28  usb_endp.o(i.EP3_OUT_Callback)
    EXTI_ClearITPendingBit                   0x08004d95   Thumb Code     6  stm32f10x_exti.o(i.EXTI_ClearITPendingBit)
    EXTI_Init                                0x08004da1   Thumb Code   108  stm32f10x_exti.o(i.EXTI_Init)
    FLASH_ErasePage                          0x08004e11   Thumb Code    56  stm32f10x_flash.o(i.FLASH_ErasePage)
    FLASH_GetBank1Status                     0x08004e4d   Thumb Code    34  stm32f10x_flash.o(i.FLASH_GetBank1Status)
    FLASH_Lock                               0x08004e75   Thumb Code    12  stm32f10x_flash.o(i.FLASH_Lock)
    FLASH_ProgramHalfWord                    0x08004e85   Thumb Code    48  stm32f10x_flash.o(i.FLASH_ProgramHalfWord)
    FLASH_ProgramWord                        0x08004eb9   Thumb Code    76  stm32f10x_flash.o(i.FLASH_ProgramWord)
    FLASH_ReadHalfWord                       0x08004f09   Thumb Code     4  stm32f10x_flash.o(i.FLASH_ReadHalfWord)
    FLASH_ReadWord                           0x08004f0d   Thumb Code     4  stm32f10x_flash.o(i.FLASH_ReadWord)
    FLASH_Unlock                             0x08004f11   Thumb Code    12  stm32f10x_flash.o(i.FLASH_Unlock)
    FLASH_WaitForLastOperation               0x08004f29   Thumb Code    34  stm32f10x_flash.o(i.FLASH_WaitForLastOperation)
    Flag_Clear                               0x08004f4d   Thumb Code    56  bf_status_mini_param.o(i.Flag_Clear)
    GPIO_DeInit                              0x08004fa1   Thumb Code   152  stm32f10x_gpio.o(i.GPIO_DeInit)
    GPIO_Init                                0x08005055   Thumb Code   156  stm32f10x_gpio.o(i.GPIO_Init)
    GPIO_PinRemapConfig                      0x080050f1   Thumb Code    82  stm32f10x_gpio.o(i.GPIO_PinRemapConfig)
    GPIO_QuickInit                           0x08005149   Thumb Code    40  stm32f10x_gpio.o(i.GPIO_QuickInit)
    GPIO_ReadInputDataBit                    0x08005171   Thumb Code    14  stm32f10x_gpio.o(i.GPIO_ReadInputDataBit)
    GPIO_ResetBits                           0x0800517f   Thumb Code     4  stm32f10x_gpio.o(i.GPIO_ResetBits)
    GPIO_SetBits                             0x08005183   Thumb Code     4  stm32f10x_gpio.o(i.GPIO_SetBits)
    GetEPRxAddr                              0x08005189   Thumb Code    22  usb_regs.o(i.GetEPRxAddr)
    GetEPRxCount                             0x080051a9   Thumb Code    24  usb_regs.o(i.GetEPRxCount)
    GetEPTxAddr                              0x080051c9   Thumb Code    20  usb_regs.o(i.GetEPTxAddr)
    Get_SerialNum                            0x080051e5   Thumb Code    44  hw_config.o(i.Get_SerialNum)
    HardFault_Handler                        0x08005219   Thumb Code     2  stm32f10x_it.o(i.HardFault_Handler)
    I2C_Ack                                  0x0800521d   Thumb Code    40  stm32f10x_i2c.o(i.I2C_Ack)
    I2C_INIT                                 0x08005249   Thumb Code    78  stm32f10x_i2c.o(i.I2C_INIT)
    I2C_NoAck                                0x0800529d   Thumb Code    40  stm32f10x_i2c.o(i.I2C_NoAck)
    I2C_RadeByte                             0x080052c9   Thumb Code    58  stm32f10x_i2c.o(i.I2C_RadeByte)
    I2C_Read                                 0x08005309   Thumb Code    90  stm32f10x_i2c.o(i.I2C_Read)
    I2C_SendByte                             0x08005365   Thumb Code    52  stm32f10x_i2c.o(i.I2C_SendByte)
    I2C_Start                                0x0800539d   Thumb Code    52  stm32f10x_i2c.o(i.I2C_Start)
    I2C_Stop                                 0x080053d5   Thumb Code    40  stm32f10x_i2c.o(i.I2C_Stop)
    I2C_WaitAck                              0x08005401   Thumb Code    58  stm32f10x_i2c.o(i.I2C_WaitAck)
    I2C_delay                                0x08005441   Thumb Code    20  stm32f10x_i2c.o(i.I2C_delay)
    IIR_I_Filter                             0x08005455   Thumb Code   188  bf_status_mini_filter.o(i.IIR_I_Filter)
    In0_Process                              0x08005511   Thumb Code    80  usb_core.o(i.In0_Process)
    Jump_To_IAP                              0x080055c5   Thumb Code    82  bf_status_mini_system.o(i.Jump_To_IAP)
    LPF_1st                                  0x08005631   Thumb Code    44  bf_status_mini_filter.o(i.LPF_1st)
    Leave_LowPowerMode                       0x0800565d   Thumb Code    18  hw_config.o(i.Leave_LowPowerMode)
    MPU6050_Read                             0x08005679   Thumb Code   416  mpu6050.o(i.MPU6050_Read)
    MemManage_Handler                        0x08005825   Thumb Code     2  stm32f10x_it.o(i.MemManage_Handler)
    Motor_Stop                               0x0800592d   Thumb Code    18  motor.o(i.Motor_Stop)
    NMI_Handler                              0x0800593f   Thumb Code     2  stm32f10x_it.o(i.NMI_Handler)
    NOP_Process                              0x08005941   Thumb Code     2  usb_core.o(i.NOP_Process)
    NRF_Init                                 0x08005945   Thumb Code   210  nrf24l01.o(i.NRF_Init)
    NRF_RX_Mode                              0x08005a35   Thumb Code    28  nrf24l01.o(i.NRF_RX_Mode)
    NRF_Rx_Dat                               0x08005a55   Thumb Code   100  nrf24l01.o(i.NRF_Rx_Dat)
    NRF_TX_Mode                              0x08005b29   Thumb Code    34  nrf24l01.o(i.NRF_TX_Mode)
    NRF_Tx_Dat                               0x08005b51   Thumb Code    96  nrf24l01.o(i.NRF_Tx_Dat)
    NVIC_DeInit                              0x08005bb9   Thumb Code    44  bf_status_mini_system.o(i.NVIC_DeInit)
    NVIC_Init                                0x08005be5   Thumb Code    94  misc.o(i.NVIC_Init)
    NVIC_PriorityGroupConfig                 0x08005c49   Thumb Code    10  misc.o(i.NVIC_PriorityGroupConfig)
    NVIC_SetVectorTable                      0x08005c5d   Thumb Code    12  misc.o(i.NVIC_SetVectorTable)
    Out0_Process                             0x08005d45   Thumb Code    62  usb_core.o(i.Out0_Process)
    PMAToUserBufferCopy                      0x08005d8d   Thumb Code    26  usb_mem.o(i.PMAToUserBufferCopy)
    PendSV_Handler                           0x08005dad   Thumb Code     2  stm32f10x_it.o(i.PendSV_Handler)
    Post0_Process                            0x08005db1   Thumb Code    52  usb_core.o(i.Post0_Process)
    PowerOn                                  0x08005df5   Thumb Code    36  usb_pwr.o(i.PowerOn)
    QUEUE_PacketCreate                       0x08005e21   Thumb Code    12  usb_queue.o(i.QUEUE_PacketCreate)
    QUEUE_PacketIn                           0x08005e2d   Thumb Code    48  usb_queue.o(i.QUEUE_PacketIn)
    QUEUE_PacketOut                          0x08005e5d   Thumb Code    56  usb_queue.o(i.QUEUE_PacketOut)
    Q_rsqrt                                  0x08005e95   Thumb Code    48  bf_status_mini_math.o(i.Q_rsqrt)
    Quaternion_Get                           0x08005ec9   Thumb Code   950  imu.o(i.Quaternion_Get)
    Quaternion_ToAngE                        0x0800629d   Thumb Code   562  imu.o(i.Quaternion_ToAngE)
    RCC_APB1PeriphClockCmd                   0x08006515   Thumb Code    18  stm32f10x_rcc.o(i.RCC_APB1PeriphClockCmd)
    RCC_APB1PeriphResetCmd                   0x0800652d   Thumb Code    18  stm32f10x_rcc.o(i.RCC_APB1PeriphResetCmd)
    RCC_APB2PeriphClockCmd                   0x08006545   Thumb Code    18  stm32f10x_rcc.o(i.RCC_APB2PeriphClockCmd)
    RCC_APB2PeriphResetCmd                   0x0800655d   Thumb Code    18  stm32f10x_rcc.o(i.RCC_APB2PeriphResetCmd)
    RCC_DeInit                               0x08006575   Thumb Code    50  stm32f10x_rcc.o(i.RCC_DeInit)
    RCC_USBCLKConfig                         0x080065b5   Thumb Code     8  stm32f10x_rcc.o(i.RCC_USBCLKConfig)
    RC_GetData                               0x080065c1   Thumb Code   388  bf_status_mini_rc.o(i.RC_GetData)
    RC_SendData                              0x08006769   Thumb Code   324  bf_status_mini_rc.o(i.RC_SendData)
    Resume                                   0x080068d5   Thumb Code   140  usb_pwr.o(i.Resume)
    Resume_Init                              0x08006969   Thumb Code    26  usb_pwr.o(i.Resume_Init)
    SOF_Callback                             0x08006a39   Thumb Code    76  usb_endp.o(i.SOF_Callback)
    SPI_Cmd                                  0x08006a91   Thumb Code    20  stm32f10x_spi.o(i.SPI_Cmd)
    SPI_I2S_GetFlagStatus                    0x08006aa5   Thumb Code    14  stm32f10x_spi.o(i.SPI_I2S_GetFlagStatus)
    SPI_I2S_ReceiveData                      0x08006ab3   Thumb Code     4  stm32f10x_spi.o(i.SPI_I2S_ReceiveData)
    SPI_I2S_SendData                         0x08006ab7   Thumb Code     4  stm32f10x_spi.o(i.SPI_I2S_SendData)
    SPI_Init                                 0x08006abb   Thumb Code    56  stm32f10x_spi.o(i.SPI_Init)
    ScaleLinear                              0x08006bf1   Thumb Code    80  bf_status_mini_math.o(i.ScaleLinear)
    Send_Once                                0x08006c41   Thumb Code   102  datascope_dp.o(i.Send_Once)
    Sensor_Get                               0x08006cbd   Thumb Code   246  imu.o(i.Sensor_Get)
    Sensor_init                              0x08006ddd   Thumb Code   112  bf_status_mini_system.o(i.Sensor_init)
    SetBTABLE                                0x08006e89   Thumb Code    10  usb_regs.o(i.SetBTABLE)
    SetDeviceAddress                         0x08006e99   Thumb Code    58  usb_core.o(i.SetDeviceAddress)
    SetEPRxAddr                              0x08006ee1   Thumb Code    24  usb_regs.o(i.SetEPRxAddr)
    SetEPRxCount                             0x08006f01   Thumb Code    54  usb_regs.o(i.SetEPRxCount)
    SetEPRxStatus                            0x08006f41   Thumb Code    44  usb_regs.o(i.SetEPRxStatus)
    SetEPRxValid                             0x08006f71   Thumb Code    32  usb_regs.o(i.SetEPRxValid)
    SetEPTxAddr                              0x08006f95   Thumb Code    22  usb_regs.o(i.SetEPTxAddr)
    SetEPTxCount                             0x08006fb5   Thumb Code    20  usb_regs.o(i.SetEPTxCount)
    SetEPTxStatus                            0x08006fd1   Thumb Code    44  usb_regs.o(i.SetEPTxStatus)
    SetEPTxValid                             0x08007001   Thumb Code    32  usb_regs.o(i.SetEPTxValid)
    SetEPType                                0x08007025   Thumb Code    24  usb_regs.o(i.SetEPType)
    Set_SYS_Mode                             0x080070e9   Thumb Code    10  battery.o(i.Set_SYS_Mode)
    Set_System                               0x080070f9   Thumb Code    96  hw_config.o(i.Set_System)
    Set_USBClock                             0x08007169   Thumb Code    20  hw_config.o(i.Set_USBClock)
    Setup0_Process                           0x0800717d   Thumb Code    92  usb_core.o(i.Setup0_Process)
    Single_Read                              0x080071e5   Thumb Code    82  stm32f10x_i2c.o(i.Single_Read)
    Single_Write                             0x08007237   Thumb Code    70  stm32f10x_i2c.o(i.Single_Write)
    Standard_ClearFeature                    0x0800727d   Thumb Code   232  usb_core.o(i.Standard_ClearFeature)
    Standard_GetConfiguration                0x08007379   Thumb Code    30  usb_core.o(i.Standard_GetConfiguration)
    Standard_GetDescriptorData               0x080073a1   Thumb Code    24  usb_core.o(i.Standard_GetDescriptorData)
    Standard_GetInterface                    0x080073bd   Thumb Code    30  usb_core.o(i.Standard_GetInterface)
    Standard_GetStatus                       0x080073e5   Thumb Code   130  usb_core.o(i.Standard_GetStatus)
    Standard_SetConfiguration                0x08007479   Thumb Code    42  usb_core.o(i.Standard_SetConfiguration)
    Standard_SetDeviceFeature                0x080074b1   Thumb Code    26  usb_core.o(i.Standard_SetDeviceFeature)
    Standard_SetEndPointFeature              0x080074d5   Thumb Code   118  usb_core.o(i.Standard_SetEndPointFeature)
    Standard_SetInterface                    0x0800755d   Thumb Code    60  usb_core.o(i.Standard_SetInterface)
    Suspend                                  0x080075a5   Thumb Code   172  usb_pwr.o(i.Suspend)
    SystemInit                               0x08007665   Thumb Code    64  system_stm32f10x.o(i.SystemInit)
    TIM3_IRQHandler                          0x080076b5   Thumb Code    16  stm32f10x_it.o(i.TIM3_IRQHandler)
    TIM_Cmd                                  0x080076c9   Thumb Code    20  stm32f10x_tim.o(i.TIM_Cmd)
    TIM_DeInit                               0x080076dd   Thumb Code   304  stm32f10x_tim.o(i.TIM_DeInit)
    TIM_OC1Init                              0x0800784d   Thumb Code   106  stm32f10x_tim.o(i.TIM_OC1Init)
    TIM_OC1PreloadConfig                     0x080078cd   Thumb Code    12  stm32f10x_tim.o(i.TIM_OC1PreloadConfig)
    TIM_OC2Init                              0x080078d9   Thumb Code   120  stm32f10x_tim.o(i.TIM_OC2Init)
    TIM_OC2PreloadConfig                     0x08007959   Thumb Code    20  stm32f10x_tim.o(i.TIM_OC2PreloadConfig)
    TIM_OC3Init                              0x0800796d   Thumb Code   116  stm32f10x_tim.o(i.TIM_OC3Init)
    TIM_OC3PreloadConfig                     0x080079e9   Thumb Code    12  stm32f10x_tim.o(i.TIM_OC3PreloadConfig)
    TIM_OC4Init                              0x080079f5   Thumb Code    90  stm32f10x_tim.o(i.TIM_OC4Init)
    TIM_OC4PreloadConfig                     0x08007a59   Thumb Code    20  stm32f10x_tim.o(i.TIM_OC4PreloadConfig)
    TIM_OCStructInit                         0x08007a6d   Thumb Code    20  stm32f10x_tim.o(i.TIM_OCStructInit)
    TIM_TimeBaseInit                         0x08007a81   Thumb Code   114  stm32f10x_tim.o(i.TIM_TimeBaseInit)
    Task_Start                               0x08007bd1   Thumb Code   114  app.o(i.Task_Start)
    USART_DeInit                             0x08007d51   Thumb Code    96  stm32f10x_usart.o(i.USART_DeInit)
    USBWakeUp_IRQHandler                     0x08007dc5   Thumb Code     8  usb_it.o(i.USBWakeUp_IRQHandler)
    USB_Cable_Config                         0x08007dcd   Thumb Code    20  hw_config.o(i.USB_Cable_Config)
    USB_Config                               0x08007de5   Thumb Code    22  hw_config.o(i.USB_Config)
    USB_Init                                 0x08007dfd   Thumb Code    22  usb_init.o(i.USB_Init)
    USB_Interrupts_Config                    0x08007e25   Thumb Code    50  hw_config.o(i.USB_Interrupts_Config)
    USB_Istr                                 0x08007e59   Thumb Code   308  usb_istr.o(i.USB_Istr)
    USB_LP_CAN1_RX0_IRQHandler               0x08007fa5   Thumb Code     4  usb_it.o(i.USB_LP_CAN1_RX0_IRQHandler)
    USB_RxRead                               0x08007fa9   Thumb Code    10  hw_config.o(i.USB_RxRead)
    USB_RxWrite                              0x08007fb9   Thumb Code    10  hw_config.o(i.USB_RxWrite)
    USB_SIL_Init                             0x08007fc9   Thumb Code    24  usb_sil.o(i.USB_SIL_Init)
    USB_SIL_Read                             0x08007fe9   Thumb Code    36  usb_sil.o(i.USB_SIL_Read)
    USB_TxRead                               0x0800800d   Thumb Code    10  hw_config.o(i.USB_TxRead)
    USB_TxWrite                              0x0800801d   Thumb Code    10  hw_config.o(i.USB_TxWrite)
    UsageFault_Handler                       0x0800802d   Thumb Code     2  stm32f10x_it.o(i.UsageFault_Handler)
    UserToPMABufferCopy                      0x08008031   Thumb Code    36  usb_mem.o(i.UserToPMABufferCopy)
    Virtual_Com_Port_Data_Setup              0x08008059   Thumb Code    68  usb_prop.o(i.Virtual_Com_Port_Data_Setup)
    Virtual_Com_Port_GetConfigDescriptor     0x080080ad   Thumb Code     6  usb_prop.o(i.Virtual_Com_Port_GetConfigDescriptor)
    Virtual_Com_Port_GetDeviceDescriptor     0x080080b9   Thumb Code     6  usb_prop.o(i.Virtual_Com_Port_GetDeviceDescriptor)
    Virtual_Com_Port_GetLineCoding           0x080080c5   Thumb Code    18  usb_prop.o(i.Virtual_Com_Port_GetLineCoding)
    Virtual_Com_Port_GetStringDescriptor     0x080080e1   Thumb Code    24  usb_prop.o(i.Virtual_Com_Port_GetStringDescriptor)
    Virtual_Com_Port_Get_Interface_Setting   0x08008101   Thumb Code    14  usb_prop.o(i.Virtual_Com_Port_Get_Interface_Setting)
    Virtual_Com_Port_NoData_Setup            0x08008111   Thumb Code    30  usb_prop.o(i.Virtual_Com_Port_NoData_Setup)
    Virtual_Com_Port_Reset                   0x08008135   Thumb Code   208  usb_prop.o(i.Virtual_Com_Port_Reset)
    Virtual_Com_Port_SetConfiguration        0x08008215   Thumb Code    16  usb_prop.o(i.Virtual_Com_Port_SetConfiguration)
    Virtual_Com_Port_SetDeviceAddress        0x0800822d   Thumb Code     8  usb_prop.o(i.Virtual_Com_Port_SetDeviceAddress)
    Virtual_Com_Port_SetLineCoding           0x08008239   Thumb Code    18  usb_prop.o(i.Virtual_Com_Port_SetLineCoding)
    Virtual_Com_Port_Status_In               0x08008255   Thumb Code    14  usb_prop.o(i.Virtual_Com_Port_Status_In)
    Virtual_Com_Port_Status_Out              0x08008269   Thumb Code     2  usb_prop.o(i.Virtual_Com_Port_Status_Out)
    Virtual_Com_Port_init                    0x0800826d   Thumb Code    28  usb_prop.o(i.Virtual_Com_Port_init)
    __0printf$1                              0x08008291   Thumb Code    22  printf1.o(i.__0printf$1)
    __1printf$1                              0x08008291   Thumb Code     0  printf1.o(i.__0printf$1)
    __2printf                                0x08008291   Thumb Code     0  printf1.o(i.__0printf$1)
    __ARM_fpclassify                         0x080082b1   Thumb Code    40  fpclassify.o(i.__ARM_fpclassify)
    __ARM_fpclassifyf                        0x080082d9   Thumb Code    38  fpclassifyf.o(i.__ARM_fpclassifyf)
    __kernel_poly                            0x080082ff   Thumb Code   170  poly.o(i.__kernel_poly)
    __mathlib_dbl_divzero                    0x080083a9   Thumb Code    12  dunder.o(i.__mathlib_dbl_divzero)
    __mathlib_dbl_infnan2                    0x080083b9   Thumb Code     4  dunder.o(i.__mathlib_dbl_infnan2)
    __mathlib_dbl_invalid                    0x080083bd   Thumb Code    12  dunder.o(i.__mathlib_dbl_invalid)
    __mathlib_dbl_overflow                   0x080083c9   Thumb Code    14  dunder.o(i.__mathlib_dbl_overflow)
    __mathlib_dbl_underflow                  0x080083d9   Thumb Code    10  dunder.o(i.__mathlib_dbl_underflow)
    __mathlib_flt_infnan                     0x080083e9   Thumb Code     6  funder.o(i.__mathlib_flt_infnan)
    __mathlib_flt_infnan2                    0x080083ef   Thumb Code     4  funder.o(i.__mathlib_flt_infnan2)
    __mathlib_flt_invalid                    0x080083f3   Thumb Code     8  funder.o(i.__mathlib_flt_invalid)
    __mathlib_flt_underflow                  0x080083fb   Thumb Code    10  funder.o(i.__mathlib_flt_underflow)
    __mathlib_rredf2                         0x08008405   Thumb Code   344  rredf.o(i.__mathlib_rredf2)
    __scatterload_copy                       0x0800856d   Thumb Code    14  handlers.o(i.__scatterload_copy)
    __scatterload_null                       0x0800857b   Thumb Code     2  handlers.o(i.__scatterload_null)
    __scatterload_zeroinit                   0x0800857d   Thumb Code    14  handlers.o(i.__scatterload_zeroinit)
    __set_errno                              0x0800858d   Thumb Code     6  errno.o(i.__set_errno)
    asinf                                    0x080086ed   Thumb Code   254  asinf.o(i.asinf)
    atan2f                                   0x08008811   Thumb Code   528  atan2f.o(i.atan2f)
    battery_init                             0x08008a6d   Thumb Code   168  battery.o(i.battery_init)
    battery_read                             0x08008b21   Thumb Code   124  battery.o(i.battery_read)
    bmp280GetData                            0x08008d19   Thumb Code   184  bmp280.o(i.bmp280GetData)
    bmp280_init                              0x08008e55   Thumb Code   166  bmp280.o(i.bmp280_init)
    cosf                                     0x08008f3d   Thumb Code   328  cosf.o(i.cosf)
    data_load                                0x080090b9   Thumb Code    88  bf_status_mini_param.o(i.data_load)
    data_save                                0x08009121   Thumb Code   104  bf_status_mini_param.o(i.data_save)
    deadband                                 0x08009199   Thumb Code    60  bf_status_mini_math.o(i.deadband)
    fputc                                    0x08009301   Thumb Code    14  hw_config.o(i.fputc)
    led_init                                 0x08009311   Thumb Code   104  led.o(i.led_init)
    led_ref                                  0x08009391   Thumb Code   240  led.o(i.led_ref)
    main                                     0x08009491   Thumb Code    32  main.o(i.main)
    motor_init                               0x080094c1   Thumb Code   180  motor.o(i.motor_init)
    motor_output                             0x08009581   Thumb Code   150  motor.o(i.motor_output)
    mpu_init                                 0x0800961d   Thumb Code    88  mpu6050.o(i.mpu_init)
    param_init                               0x08009675   Thumb Code   132  bf_status_mini_param.o(i.param_init)
    pow                                      0x08009731   Thumb Code  2512  pow.o(i.pow)
    presssureFilter                          0x0800a109   Thumb Code   176  bf_status_mini_filter.o(i.presssureFilter)
    pvPortMalloc                             0x0800a5a9   Thumb Code   172  heap_2.o(i.pvPortMalloc)
    pvTaskIncrementMutexHeldCount            0x0800a65d   Thumb Code    18  tasks.o(i.pvTaskIncrementMutexHeldCount)
    pxPortInitialiseStack                    0x0800a675   Thumb Code    32  port.o(i.pxPortInitialiseStack)
    sinf                                     0x0800a699   Thumb Code   338  sinf.o(i.sinf)
    sqrt                                     0x0800a821   Thumb Code    76  sqrt.o(i.sqrt)
    sqrtf                                    0x0800a86d   Thumb Code    44  sqrtf.o(i.sqrtf)
    start_led                                0x0800a899   Thumb Code    82  led.o(i.start_led)
    system_init                              0x0800a8f5   Thumb Code    44  bf_status_mini_system.o(i.system_init)
    thrust_bat_compensated                   0x0800a929   Thumb Code    82  motor.o(i.thrust_bat_compensated)
    uxListRemove                             0x0800a991   Thumb Code    36  list.o(i.uxListRemove)
    vListInitialise                          0x0800a9b5   Thumb Code    22  list.o(i.vListInitialise)
    vListInitialiseItem                      0x0800a9cb   Thumb Code     6  list.o(i.vListInitialiseItem)
    vListInsert                              0x0800a9d1   Thumb Code    48  list.o(i.vListInsert)
    vListInsertEnd                           0x0800aa01   Thumb Code    24  list.o(i.vListInsertEnd)
    vPortEnterCritical                       0x0800aa19   Thumb Code    24  port.o(i.vPortEnterCritical)
    vPortExitCritical                        0x0800aa35   Thumb Code    16  port.o(i.vPortExitCritical)
    vPortFree                                0x0800aa49   Thumb Code    56  heap_2.o(i.vPortFree)
    vPortSetupTimerInterrupt                 0x0800aa85   Thumb Code    14  port.o(i.vPortSetupTimerInterrupt)
    vTaskDelay                               0x0800aa99   Thumb Code    44  tasks.o(i.vTaskDelay)
    vTaskDelayUntil                          0x0800aac9   Thumb Code    78  tasks.o(i.vTaskDelayUntil)
    vTaskDelete                              0x0800ab21   Thumb Code   136  tasks.o(i.vTaskDelete)
    vTaskMissedYield                         0x0800abb9   Thumb Code     8  tasks.o(i.vTaskMissedYield)
    vTaskPlaceOnEventList                    0x0800abc5   Thumb Code    30  tasks.o(i.vTaskPlaceOnEventList)
    vTaskPriorityInherit                     0x0800abe9   Thumb Code   124  tasks.o(i.vTaskPriorityInherit)
    vTaskSetTimeOutState                     0x0800ac6d   Thumb Code    12  tasks.o(i.vTaskSetTimeOutState)
    vTaskStartScheduler                      0x0800ac7d   Thumb Code    66  tasks.o(i.vTaskStartScheduler)
    vTaskSuspendAll                          0x0800acd1   Thumb Code    10  tasks.o(i.vTaskSuspendAll)
    vTaskSwitchContext                       0x0800ace1   Thumb Code    60  tasks.o(i.vTaskSwitchContext)
    xPortGetFreeHeapSize                     0x0800ad25   Thumb Code     6  heap_2.o(i.xPortGetFreeHeapSize)
    xPortStartScheduler                      0x0800ad31   Thumb Code    38  port.o(i.xPortStartScheduler)
    xPortSysTickHandler                      0x0800ad61   Thumb Code    38  port.o(i.xPortSysTickHandler)
    xQueueCreateMutex                        0x0800ad8d   Thumb Code    36  queue.o(i.xQueueCreateMutex)
    xQueueGenericCreate                      0x0800adb1   Thumb Code    58  queue.o(i.xQueueGenericCreate)
    xQueueGenericReceive                     0x0800aded   Thumb Code   286  queue.o(i.xQueueGenericReceive)
    xQueueGenericReset                       0x0800af11   Thumb Code   112  queue.o(i.xQueueGenericReset)
    xQueueGenericSend                        0x0800af85   Thumb Code   264  queue.o(i.xQueueGenericSend)
    xTaskCheckForTimeOut                     0x0800b091   Thumb Code    66  tasks.o(i.xTaskCheckForTimeOut)
    xTaskCreate                              0x0800b0d9   Thumb Code    86  tasks.o(i.xTaskCreate)
    xTaskGetTickCount                        0x0800b131   Thumb Code     6  tasks.o(i.xTaskGetTickCount)
    xTaskIncrementTick                       0x0800b13d   Thumb Code   170  tasks.o(i.xTaskIncrementTick)
    xTaskPriorityDisinherit                  0x0800b1f1   Thumb Code   102  tasks.o(i.xTaskPriorityDisinherit)
    xTaskRemoveFromEventList                 0x0800b261   Thumb Code    90  tasks.o(i.xTaskRemoveFromEventList)
    xTaskResumeAll                           0x0800b2c5   Thumb Code   164  tasks.o(i.xTaskResumeAll)
    Virtual_Com_Port_DeviceDescriptor        0x0800b374   Data          18  usb_desc.o(.constdata)
    Virtual_Com_Port_ConfigDescriptor        0x0800b386   Data          67  usb_desc.o(.constdata)
    Virtual_Com_Port_StringLangID            0x0800b3c9   Data           4  usb_desc.o(.constdata)
    Virtual_Com_Port_StringVendor            0x0800b3cd   Data          14  usb_desc.o(.constdata)
    Virtual_Com_Port_StringProduct           0x0800b3db   Data          34  usb_desc.o(.constdata)
    __mathlib_zero                           0x0800b488   Data           8  qnan.o(.constdata)
    Region$$Table$$Base                      0x0800b4b0   Number         0  anon$$obj.o(Region$$Table)
    Region$$Table$$Limit                     0x0800b4d0   Number         0  anon$$obj.o(Region$$Table)
    SystemCoreClock                          0x20000000   Data           4  system_stm32f10x.o(.data)
    AHBPrescTable                            0x20000004   Data          16  system_stm32f10x.o(.data)
    gSensorMpu                               0x20000014   Data         108  mpu6050.o(.data)
    bmp280_data                              0x20000080   Data          12  bmp280.o(.data)
    gSensorBmp                               0x2000008c   Data          28  bmp280.o(.data)
    gSensorNRF                               0x200000a8   Data          92  nrf24l01.o(.data)
    gBattery                                 0x20000104   Data          20  battery.o(.data)
    gMotor                                   0x20000118   Data          32  motor.o(.data)
    gParam                                   0x2000013c   Data          16  bf_status_mini_param.o(.data)
    b_IIR                                    0x20000150   Data          40  bf_status_mini_filter.o(.data)
    a_IIR                                    0x20000178   Data          40  bf_status_mini_filter.o(.data)
    take_off_status                          0x200001a4   Data           1  bf_status_mini_ctrl.o(.data)
    StopHodeHeader                           0x200001a5   Data           1  bf_status_mini_ctrl.o(.data)
    Lock_Count                               0x200001a8   Data           2  bf_status_mini_ctrl.o(.data)
    roll_flip_int                            0x200001ac   Data           4  bf_status_mini_ctrl.o(.data)
    gRCData                                  0x200001bc   Data          14  bf_status_mini_rc.o(.data)
    gIMU                                     0x200001ec   Data          28  imu.o(.data)
    gNumQ                                    0x20000208   Data          16  imu.o(.data)
    startTaskHandle                          0x20000218   Data           4  app.o(.data)
    EXTI_InitStructure                       0x2000021c   Data           8  hw_config.o(.data)
    Virtual_Com_Port_StringSerial            0x20000224   Data          34  usb_desc.o(.data)
    bIntPackSOF                              0x20000250   Data           1  usb_istr.o(.data)
    wIstr                                    0x20000252   Data           2  usb_istr.o(.data)
    esof_counter                             0x20000254   Data           4  usb_istr.o(.data)
    wCNTR                                    0x20000258   Data           4  usb_istr.o(.data)
    pEpInt_IN                                0x2000025c   Data          28  usb_istr.o(.data)
    pEpInt_OUT                               0x20000278   Data          28  usb_istr.o(.data)
    Request                                  0x20000294   Data           1  usb_prop.o(.data)
    linecoding                               0x20000298   Data           8  usb_prop.o(.data)
    Device_Descriptor                        0x200002a0   Data           8  usb_prop.o(.data)
    Config_Descriptor                        0x200002a8   Data           8  usb_prop.o(.data)
    Device_Property                          0x200002b0   Data          48  usb_prop.o(.data)
    String_Descriptor                        0x200002e0   Data          32  usb_prop.o(.data)
    Device_Table                             0x20000300   Data           2  usb_prop.o(.data)
    User_Standard_Requests                   0x20000304   Data          36  usb_prop.o(.data)
    bDeviceState                             0x20000328   Data           4  usb_pwr.o(.data)
    fSuspendEnabled                          0x2000032c   Data           1  usb_pwr.o(.data)
    ResumeS                                  0x20000330   Data           2  usb_pwr.o(.data)
    remotewakeupon                           0x20000334   Data           4  usb_pwr.o(.data)
    Data_Mul_MaxPacketSize                   0x20000338   Data           1  usb_core.o(.data)
    StatusInfo                               0x2000033a   Data           2  usb_core.o(.data)
    EPindex                                  0x2000033c   Data           1  usb_init.o(.data)
    pInformation                             0x20000340   Data           4  usb_init.o(.data)
    pProperty                                0x20000344   Data           4  usb_init.o(.data)
    pUser_Standard_Requests                  0x20000348   Data           4  usb_init.o(.data)
    wInterrupt_Mask                          0x2000034c   Data           2  usb_init.o(.data)
    SaveRState                               0x2000034e   Data           2  usb_int.o(.data)
    SaveTState                               0x20000350   Data           2  usb_int.o(.data)
    pxCurrentTCB                             0x20000358   Data           4  tasks.o(.data)
    __stdout                                 0x200003ac   Data           4  stdout.o(.data)
    bmp280_cal_data                          0x200003e0   Data          28  bmp280.o(.bss)
    gSelfState                               0x200003fc   Data          20  bf_status_mini_global.o(.bss)
    flag                                     0x20000410   Data          24  bf_status_mini_global.o(.bss)
    InPut_IIR                                0x20000428   Data         120  bf_status_mini_filter.o(.bss)
    OutPut_IIR                               0x200004a0   Data         120  bf_status_mini_filter.o(.bss)
    Data                                     0x20000518   Data          84  bf_status_mini_filter.o(.bss)
    gCtrl                                    0x20000580   Data         360  bf_status_mini_ctrl.o(.bss)
    gTarget                                  0x200006e8   Data          28  bf_status_mini_ctrl.o(.bss)
    EP                                       0x200011a4   Data          32  usb_pwr.o(.bss)
    Device_Info                              0x200011c4   Data          28  usb_init.o(.bss)
    __initial_sp                             0x20004710   Data           0  startup_stm32f10x_md.o(STACK)



==============================================================================

Memory Map of the image

  Image Entry point : 0x080034ed

  Load Region LR_IROM1 (Base: 0x08003400, Size: 0x00008484, Max: 0x0000c000, ABSOLUTE, COMPRESSED[0x00008208])

    Execution Region ER_IROM1 (Base: 0x08003400, Size: 0x000080d0, Max: 0x0000c000, ABSOLUTE)

    Base Addr    Size         Type   Attr      Idx    E Section Name        Object

    0x08003400   0x000000ec   Data   RO            3    RESET               startup_stm32f10x_md.o
    0x080034ec   0x00000000   Code   RO         4635  * .ARM.Collect$$$$00000000  mc_w.l(entry.o)
    0x080034ec   0x00000004   Code   RO         4989    .ARM.Collect$$$$00000001  mc_w.l(entry2.o)
    0x080034f0   0x00000004   Code   RO         4992    .ARM.Collect$$$$00000004  mc_w.l(entry5.o)
    0x080034f4   0x00000000   Code   RO         4994    .ARM.Collect$$$$00000008  mc_w.l(entry7b.o)
    0x080034f4   0x00000000   Code   RO         4996    .ARM.Collect$$$$0000000A  mc_w.l(entry8b.o)
    0x080034f4   0x00000008   Code   RO         4997    .ARM.Collect$$$$0000000B  mc_w.l(entry9a.o)
    0x080034fc   0x00000000   Code   RO         4999    .ARM.Collect$$$$0000000D  mc_w.l(entry10a.o)
    0x080034fc   0x00000000   Code   RO         5001    .ARM.Collect$$$$0000000F  mc_w.l(entry11a.o)
    0x080034fc   0x00000004   Code   RO         4990    .ARM.Collect$$$$00002712  mc_w.l(entry2.o)
    0x08003500   0x00000020   Code   RO           10    .emb_text           core_cm3.o
    0x08003520   0x00000018   Code   RO         2322    .emb_text           battery.o
    0x08003538   0x00000096   Code   RO         3940    .emb_text           port.o
    0x080035ce   0x00000002   PAD
    0x080035d0   0x00000024   Code   RO            4    .text               startup_stm32f10x_md.o
    0x080035f4   0x00000062   Code   RO         4638    .text               mc_w.l(ldiv.o)
    0x08003656   0x00000024   Code   RO         4640    .text               mc_w.l(memcpya.o)
    0x0800367a   0x000000b0   Code   RO         4905    .text               mf_w.l(fadd.o)
    0x0800372a   0x00000064   Code   RO         4907    .text               mf_w.l(fmul.o)
    0x0800378e   0x0000007c   Code   RO         4909    .text               mf_w.l(fdiv.o)
    0x0800380a   0x00000018   Code   RO         4911    .text               mf_w.l(fscalb.o)
    0x08003822   0x0000014e   Code   RO         4913    .text               mf_w.l(dadd.o)
    0x08003970   0x000000e4   Code   RO         4915    .text               mf_w.l(dmul.o)
    0x08003a54   0x000000de   Code   RO         4917    .text               mf_w.l(ddiv.o)
    0x08003b32   0x00000012   Code   RO         4919    .text               mf_w.l(fflti.o)
    0x08003b44   0x0000000a   Code   RO         4921    .text               mf_w.l(ffltui.o)
    0x08003b4e   0x00000032   Code   RO         4923    .text               mf_w.l(ffixi.o)
    0x08003b80   0x00000028   Code   RO         4925    .text               mf_w.l(ffixui.o)
    0x08003ba8   0x00000026   Code   RO         4927    .text               mf_w.l(f2d.o)
    0x08003bce   0x00000038   Code   RO         4929    .text               mf_w.l(d2f.o)
    0x08003c06   0x00000002   PAD
    0x08003c08   0x00000014   Code   RO         4931    .text               mf_w.l(cfcmple.o)
    0x08003c1c   0x00000014   Code   RO         4933    .text               mf_w.l(cfrcmple.o)
    0x08003c30   0x0000002c   Code   RO         5004    .text               mc_w.l(uidiv.o)
    0x08003c5c   0x00000062   Code   RO         5006    .text               mc_w.l(uldiv.o)
    0x08003cbe   0x0000001e   Code   RO         5008    .text               mc_w.l(llshl.o)
    0x08003cdc   0x00000024   Code   RO         5010    .text               mc_w.l(llsshr.o)
    0x08003d00   0x00000000   Code   RO         5019    .text               mc_w.l(iusefp.o)
    0x08003d00   0x0000006e   Code   RO         5020    .text               mf_w.l(fepilogue.o)
    0x08003d6e   0x0000003c   Code   RO         5022    .text               mf_w.l(frnd.o)
    0x08003daa   0x000000ba   Code   RO         5024    .text               mf_w.l(depilogue.o)
    0x08003e64   0x0000002e   Code   RO         5026    .text               mf_w.l(dscalb.o)
    0x08003e92   0x00000022   Code   RO         5028    .text               mf_w.l(dflti.o)
    0x08003eb4   0x00000030   Code   RO         5032    .text               mf_w.l(cdrcmple.o)
    0x08003ee4   0x00000024   Code   RO         5034    .text               mc_w.l(init.o)
    0x08003f08   0x00000020   Code   RO         5036    .text               mc_w.l(llushr.o)
    0x08003f28   0x0000005e   Code   RO         5038    .text               mf_w.l(fsqrt.o)
    0x08003f86   0x000000a2   Code   RO         5040    .text               mf_w.l(dsqrt.o)
    0x08004028   0x00000056   Code   RO         5052    .text               mc_w.l(__dczerorl2.o)
    0x0800407e   0x00000014   Code   RO          436    i.ADC_Cmd           stm32f10x_adc.o
    0x08004092   0x0000000e   Code   RO          444    i.ADC_GetCalibrationStatus  stm32f10x_adc.o
    0x080040a0   0x00000006   Code   RO          445    i.ADC_GetConversionValue  stm32f10x_adc.o
    0x080040a6   0x0000000e   Code   RO          447    i.ADC_GetFlagStatus  stm32f10x_adc.o
    0x080040b4   0x0000000e   Code   RO          450    i.ADC_GetResetCalibrationStatus  stm32f10x_adc.o
    0x080040c2   0x00000002   PAD
    0x080040c4   0x00000048   Code   RO          454    i.ADC_Init          stm32f10x_adc.o
    0x0800410c   0x00000074   Code   RO          458    i.ADC_RegularChannelConfig  stm32f10x_adc.o
    0x08004180   0x0000000a   Code   RO          459    i.ADC_ResetCalibration  stm32f10x_adc.o
    0x0800418a   0x00000014   Code   RO          461    i.ADC_SoftwareStartConvCmd  stm32f10x_adc.o
    0x0800419e   0x0000000a   Code   RO          463    i.ADC_StartCalibration  stm32f10x_adc.o
    0x080041a8   0x000000f8   Code   RO         2643    i.AltControl        bf_status_mini_ctrl.o
    0x080042a0   0x00000020   Code   RO         2726    i.Angle_Get         imu.o
    0x080042c0   0x00000028   Code   RO         2453    i.BSP_init          bf_status_mini_system.o
    0x080042e8   0x00000002   Code   RO         2816    i.BusFault_Handler  stm32f10x_it.o
    0x080042ea   0x0000000a   Code   RO         3511    i.ByteSwap          usb_regs.o
    0x080042f4   0x00000158   Code   RO         3383    i.CTR_LP            usb_int.o
    0x0800444c   0x00000238   Code   RO         2644    i.Calculate_Target  bf_status_mini_ctrl.o
    0x08004684   0x00000028   Code   RO         3512    i.ClearDTOG_RX      usb_regs.o
    0x080046ac   0x00000028   Code   RO         3513    i.ClearDTOG_TX      usb_regs.o
    0x080046d4   0x00000020   Code   RO         3518    i.Clear_Status_Out  usb_regs.o
    0x080046f4   0x00000110   Code   RO         2645    i.Control           bf_status_mini_ctrl.o
    0x08004804   0x00000138   Code   RO         2646    i.CorePID           bf_status_mini_ctrl.o
    0x0800493c   0x00000080   Code   RO         1965    i.DataScope_Data_Generate  datascope_dp.o
    0x080049bc   0x00000054   Code   RO         1966    i.DataScope_Get_Channel_Data  datascope_dp.o
    0x08004a10   0x000000b4   Code   RO         3237    i.DataStageIn       usb_core.o
    0x08004ac4   0x000000a4   Code   RO         3238    i.DataStageOut      usb_core.o
    0x08004b68   0x0000019c   Code   RO         3239    i.Data_Setup0       usb_core.o
    0x08004d04   0x00000002   Code   RO         2817    i.DebugMon_Handler  stm32f10x_it.o
    0x08004d06   0x00000010   Code   RO         1670    i.DelayMs           stm32fx_delay.o
    0x08004d16   0x00000018   Code   RO         1672    i.DelayUs           stm32fx_delay.o
    0x08004d2e   0x00000002   PAD
    0x08004d30   0x00000044   Code   RO         3021    i.EP1_IN_Callback   usb_endp.o
    0x08004d74   0x00000020   Code   RO         3022    i.EP3_OUT_Callback  usb_endp.o
    0x08004d94   0x0000000c   Code   RO         1186    i.EXTI_ClearITPendingBit  stm32f10x_exti.o
    0x08004da0   0x00000070   Code   RO         1191    i.EXTI_Init         stm32f10x_exti.o
    0x08004e10   0x0000003c   Code   RO         1783    i.FLASH_ErasePage   stm32f10x_flash.o
    0x08004e4c   0x00000028   Code   RO         1784    i.FLASH_GetBank1Status  stm32f10x_flash.o
    0x08004e74   0x00000010   Code   RO         1793    i.FLASH_Lock        stm32f10x_flash.o
    0x08004e84   0x00000034   Code   RO         1796    i.FLASH_ProgramHalfWord  stm32f10x_flash.o
    0x08004eb8   0x00000050   Code   RO         1798    i.FLASH_ProgramWord  stm32f10x_flash.o
    0x08004f08   0x00000004   Code   RO         1799    i.FLASH_ReadHalfWord  stm32f10x_flash.o
    0x08004f0c   0x00000004   Code   RO         1801    i.FLASH_ReadWord    stm32f10x_flash.o
    0x08004f10   0x00000018   Code   RO         1803    i.FLASH_Unlock      stm32f10x_flash.o
    0x08004f28   0x00000022   Code   RO         1807    i.FLASH_WaitForLastOperation  stm32f10x_flash.o
    0x08004f4a   0x00000002   PAD
    0x08004f4c   0x00000040   Code   RO         2417    i.Flag_Clear        bf_status_mini_param.o
    0x08004f8c   0x00000014   Code   RO         1967    i.Float2Byte        datascope_dp.o
    0x08004fa0   0x000000b4   Code   RO          311    i.GPIO_DeInit       stm32f10x_gpio.o
    0x08005054   0x0000009c   Code   RO          316    i.GPIO_Init         stm32f10x_gpio.o
    0x080050f0   0x00000058   Code   RO          318    i.GPIO_PinRemapConfig  stm32f10x_gpio.o
    0x08005148   0x00000028   Code   RO          319    i.GPIO_QuickInit    stm32f10x_gpio.o
    0x08005170   0x0000000e   Code   RO          321    i.GPIO_ReadInputDataBit  stm32f10x_gpio.o
    0x0800517e   0x00000004   Code   RO          324    i.GPIO_ResetBits    stm32f10x_gpio.o
    0x08005182   0x00000004   Code   RO          325    i.GPIO_SetBits      stm32f10x_gpio.o
    0x08005186   0x00000002   PAD
    0x08005188   0x00000020   Code   RO         3530    i.GetEPRxAddr       usb_regs.o
    0x080051a8   0x00000020   Code   RO         3531    i.GetEPRxCount      usb_regs.o
    0x080051c8   0x0000001c   Code   RO         3533    i.GetEPTxAddr       usb_regs.o
    0x080051e4   0x00000034   Code   RO         2890    i.Get_SerialNum     hw_config.o
    0x08005218   0x00000002   Code   RO         2818    i.HardFault_Handler  stm32f10x_it.o
    0x0800521a   0x00000002   PAD
    0x0800521c   0x0000002c   Code   RO         1239    i.I2C_Ack           stm32f10x_i2c.o
    0x08005248   0x00000054   Code   RO         1240    i.I2C_INIT          stm32f10x_i2c.o
    0x0800529c   0x0000002c   Code   RO         1241    i.I2C_NoAck         stm32f10x_i2c.o
    0x080052c8   0x00000040   Code   RO         1242    i.I2C_RadeByte      stm32f10x_i2c.o
    0x08005308   0x0000005a   Code   RO         1243    i.I2C_Read          stm32f10x_i2c.o
    0x08005362   0x00000002   PAD
    0x08005364   0x00000038   Code   RO         1244    i.I2C_SendByte      stm32f10x_i2c.o
    0x0800539c   0x00000038   Code   RO         1245    i.I2C_Start         stm32f10x_i2c.o
    0x080053d4   0x0000002c   Code   RO         1246    i.I2C_Stop          stm32f10x_i2c.o
    0x08005400   0x00000040   Code   RO         1247    i.I2C_WaitAck       stm32f10x_i2c.o
    0x08005440   0x00000014   Code   RO         1249    i.I2C_delay         stm32f10x_i2c.o
    0x08005454   0x000000bc   Code   RO         2572    i.IIR_I_Filter      bf_status_mini_filter.o
    0x08005510   0x0000005c   Code   RO         3240    i.In0_Process       usb_core.o
    0x0800556c   0x00000036   Code   RO         2891    i.IntToUnicode      hw_config.o
    0x080055a2   0x00000002   PAD
    0x080055a4   0x00000020   Code   RO         2647    i.IntegralClear     bf_status_mini_ctrl.o
    0x080055c4   0x0000006c   Code   RO         2454    i.Jump_To_IAP       bf_status_mini_system.o
    0x08005630   0x0000002c   Code   RO         2573    i.LPF_1st           bf_status_mini_filter.o
    0x0800565c   0x0000001c   Code   RO         2892    i.Leave_LowPowerMode  hw_config.o
    0x08005678   0x000001ac   Code   RO         2136    i.MPU6050_Read      mpu6050.o
    0x08005824   0x00000002   Code   RO         2819    i.MemManage_Handler  stm32f10x_it.o
    0x08005826   0x00000002   PAD
    0x08005828   0x00000104   Code   RO         2648    i.MotorOutPut       bf_status_mini_ctrl.o
    0x0800592c   0x00000012   Code   RO         2356    i.Motor_Stop        motor.o
    0x0800593e   0x00000002   Code   RO         2820    i.NMI_Handler       stm32f10x_it.o
    0x08005940   0x00000002   Code   RO         3241    i.NOP_Process       usb_core.o
    0x08005942   0x00000002   PAD
    0x08005944   0x000000f0   Code   RO         2226    i.NRF_Init          nrf24l01.o
    0x08005a34   0x00000020   Code   RO         2227    i.NRF_RX_Mode       nrf24l01.o
    0x08005a54   0x0000006c   Code   RO         2228    i.NRF_Rx_Dat        nrf24l01.o
    0x08005ac0   0x00000068   Code   RO         2229    i.NRF_SETUP         nrf24l01.o
    0x08005b28   0x00000028   Code   RO         2230    i.NRF_TX_Mode       nrf24l01.o
    0x08005b50   0x00000068   Code   RO         2231    i.NRF_Tx_Dat        nrf24l01.o
    0x08005bb8   0x0000002c   Code   RO         2455    i.NVIC_DeInit       bf_status_mini_system.o
    0x08005be4   0x00000064   Code   RO           90    i.NVIC_Init         misc.o
    0x08005c48   0x00000014   Code   RO           91    i.NVIC_PriorityGroupConfig  misc.o
    0x08005c5c   0x00000014   Code   RO           92    i.NVIC_SetVectorTable  misc.o
    0x08005c70   0x000000d4   Code   RO         3242    i.NoData_Setup0     usb_core.o
    0x08005d44   0x00000048   Code   RO         3243    i.Out0_Process      usb_core.o
    0x08005d8c   0x00000020   Code   RO         3412    i.PMAToUserBufferCopy  usb_mem.o
    0x08005dac   0x00000002   Code   RO         2821    i.PendSV_Handler    stm32f10x_it.o
    0x08005dae   0x00000002   PAD
    0x08005db0   0x00000044   Code   RO         3244    i.Post0_Process     usb_core.o
    0x08005df4   0x0000002c   Code   RO         3193    i.PowerOn           usb_pwr.o
    0x08005e20   0x0000000c   Code   RO         3431    i.QUEUE_PacketCreate  usb_queue.o
    0x08005e2c   0x00000030   Code   RO         3433    i.QUEUE_PacketIn    usb_queue.o
    0x08005e5c   0x00000038   Code   RO         3435    i.QUEUE_PacketOut   usb_queue.o
    0x08005e94   0x00000034   Code   RO         2536    i.Q_rsqrt           bf_status_mini_math.o
    0x08005ec8   0x000003d4   Code   RO         2727    i.Quaternion_Get    imu.o
    0x0800629c   0x00000278   Code   RO         2728    i.Quaternion_ToAngE  imu.o
    0x08006514   0x00000018   Code   RO         1328    i.RCC_APB1PeriphClockCmd  stm32f10x_rcc.o
    0x0800652c   0x00000018   Code   RO         1329    i.RCC_APB1PeriphResetCmd  stm32f10x_rcc.o
    0x08006544   0x00000018   Code   RO         1330    i.RCC_APB2PeriphClockCmd  stm32f10x_rcc.o
    0x0800655c   0x00000018   Code   RO         1331    i.RCC_APB2PeriphResetCmd  stm32f10x_rcc.o
    0x08006574   0x00000040   Code   RO         1337    i.RCC_DeInit        stm32f10x_rcc.o
    0x080065b4   0x0000000c   Code   RO         1356    i.RCC_USBCLKConfig  stm32f10x_rcc.o
    0x080065c0   0x000001a8   Code   RO         2702    i.RC_GetData        bf_status_mini_rc.o
    0x08006768   0x0000016c   Code   RO         2703    i.RC_SendData       bf_status_mini_rc.o
    0x080068d4   0x00000094   Code   RO         3194    i.Resume            usb_pwr.o
    0x08006968   0x00000020   Code   RO         3195    i.Resume_Init       usb_pwr.o
    0x08006988   0x000000ae   Code   RO         2649    i.RunPID            bf_status_mini_ctrl.o
    0x08006a36   0x00000002   PAD
    0x08006a38   0x00000058   Code   RO         3023    i.SOF_Callback      usb_endp.o
    0x08006a90   0x00000014   Code   RO         1531    i.SPI_Cmd           stm32f10x_spi.o
    0x08006aa4   0x0000000e   Code   RO         1539    i.SPI_I2S_GetFlagStatus  stm32f10x_spi.o
    0x08006ab2   0x00000004   Code   RO         1542    i.SPI_I2S_ReceiveData  stm32f10x_spi.o
    0x08006ab6   0x00000004   Code   RO         1543    i.SPI_I2S_SendData  stm32f10x_spi.o
    0x08006aba   0x00000038   Code   RO         1544    i.SPI_Init          stm32f10x_spi.o
    0x08006af2   0x00000002   PAD
    0x08006af4   0x00000034   Code   RO         2232    i.SPI_NRF_RW        nrf24l01.o
    0x08006b28   0x0000003c   Code   RO         2233    i.SPI_NRF_ReadBuf   nrf24l01.o
    0x08006b64   0x00000024   Code   RO         2234    i.SPI_NRF_ReadReg   nrf24l01.o
    0x08006b88   0x0000003c   Code   RO         2235    i.SPI_NRF_WriteBuf  nrf24l01.o
    0x08006bc4   0x0000002c   Code   RO         2236    i.SPI_NRF_WriteReg  nrf24l01.o
    0x08006bf0   0x00000050   Code   RO         2537    i.ScaleLinear       bf_status_mini_math.o
    0x08006c40   0x0000007c   Code   RO         1968    i.Send_Once         datascope_dp.o
    0x08006cbc   0x00000120   Code   RO         2729    i.Sensor_Get        imu.o
    0x08006ddc   0x000000ac   Code   RO         2456    i.Sensor_init       bf_status_mini_system.o
    0x08006e88   0x00000010   Code   RO         3541    i.SetBTABLE         usb_regs.o
    0x08006e98   0x00000048   Code   RO         3245    i.SetDeviceAddress  usb_core.o
    0x08006ee0   0x00000020   Code   RO         3555    i.SetEPRxAddr       usb_regs.o
    0x08006f00   0x00000040   Code   RO         3556    i.SetEPRxCount      usb_regs.o
    0x08006f40   0x00000030   Code   RO         3557    i.SetEPRxStatus     usb_regs.o
    0x08006f70   0x00000024   Code   RO         3558    i.SetEPRxValid      usb_regs.o
    0x08006f94   0x00000020   Code   RO         3559    i.SetEPTxAddr       usb_regs.o
    0x08006fb4   0x0000001c   Code   RO         3560    i.SetEPTxCount      usb_regs.o
    0x08006fd0   0x00000030   Code   RO         3561    i.SetEPTxStatus     usb_regs.o
    0x08007000   0x00000024   Code   RO         3562    i.SetEPTxValid      usb_regs.o
    0x08007024   0x0000001c   Code   RO         3563    i.SetEPType         usb_regs.o
    0x08007040   0x000000a8   Code   RO           24    i.SetSysClockTo72   system_stm32f10x.o
    0x080070e8   0x00000010   Code   RO         2323    i.Set_SYS_Mode      battery.o
    0x080070f8   0x00000070   Code   RO         2893    i.Set_System        hw_config.o
    0x08007168   0x00000014   Code   RO         2894    i.Set_USBClock      hw_config.o
    0x0800717c   0x00000068   Code   RO         3246    i.Setup0_Process    usb_core.o
    0x080071e4   0x00000052   Code   RO         1250    i.Single_Read       stm32f10x_i2c.o
    0x08007236   0x00000046   Code   RO         1251    i.Single_Write      stm32f10x_i2c.o
    0x0800727c   0x000000fc   Code   RO         3247    i.Standard_ClearFeature  usb_core.o
    0x08007378   0x00000028   Code   RO         3248    i.Standard_GetConfiguration  usb_core.o
    0x080073a0   0x0000001c   Code   RO         3249    i.Standard_GetDescriptorData  usb_core.o
    0x080073bc   0x00000028   Code   RO         3250    i.Standard_GetInterface  usb_core.o
    0x080073e4   0x00000094   Code   RO         3251    i.Standard_GetStatus  usb_core.o
    0x08007478   0x00000038   Code   RO         3252    i.Standard_SetConfiguration  usb_core.o
    0x080074b0   0x00000024   Code   RO         3253    i.Standard_SetDeviceFeature  usb_core.o
    0x080074d4   0x00000088   Code   RO         3254    i.Standard_SetEndPointFeature  usb_core.o
    0x0800755c   0x00000048   Code   RO         3255    i.Standard_SetInterface  usb_core.o
    0x080075a4   0x000000c0   Code   RO         3196    i.Suspend           usb_pwr.o
    0x08007664   0x00000050   Code   RO           26    i.SystemInit        system_stm32f10x.o
    0x080076b4   0x00000014   Code   RO         2822    i.TIM3_IRQHandler   stm32f10x_it.o
    0x080076c8   0x00000014   Code   RO          666    i.TIM_Cmd           stm32f10x_tim.o
    0x080076dc   0x00000170   Code   RO          671    i.TIM_DeInit        stm32f10x_tim.o
    0x0800784c   0x00000080   Code   RO          695    i.TIM_OC1Init       stm32f10x_tim.o
    0x080078cc   0x0000000c   Code   RO          698    i.TIM_OC1PreloadConfig  stm32f10x_tim.o
    0x080078d8   0x00000080   Code   RO          700    i.TIM_OC2Init       stm32f10x_tim.o
    0x08007958   0x00000014   Code   RO          703    i.TIM_OC2PreloadConfig  stm32f10x_tim.o
    0x0800796c   0x0000007c   Code   RO          705    i.TIM_OC3Init       stm32f10x_tim.o
    0x080079e8   0x0000000c   Code   RO          708    i.TIM_OC3PreloadConfig  stm32f10x_tim.o
    0x080079f4   0x00000064   Code   RO          710    i.TIM_OC4Init       stm32f10x_tim.o
    0x08007a58   0x00000014   Code   RO          712    i.TIM_OC4PreloadConfig  stm32f10x_tim.o
    0x08007a6c   0x00000014   Code   RO          713    i.TIM_OCStructInit  stm32f10x_tim.o
    0x08007a80   0x0000009c   Code   RO          737    i.TIM_TimeBaseInit  stm32f10x_tim.o
    0x08007b1c   0x00000060   Code   RO         2650    i.TakeOff           bf_status_mini_ctrl.o
    0x08007b7c   0x00000020   Code   RO         2778    i.Task_Ctrl         app.o
    0x08007b9c   0x00000034   Code   RO         2779    i.Task_RC           app.o
    0x08007bd0   0x000000bc   Code   RO         2780    i.Task_Start        app.o
    0x08007c8c   0x00000060   Code   RO         2781    i.Task_SysSta       app.o
    0x08007cec   0x00000064   Code   RO         2782    i.Task_USB          app.o
    0x08007d50   0x00000074   Code   RO          136    i.USART_DeInit      stm32f10x_usart.o
    0x08007dc4   0x00000008   Code   RO         3071    i.USBWakeUp_IRQHandler  usb_it.o
    0x08007dcc   0x00000018   Code   RO         2895    i.USB_Cable_Config  hw_config.o
    0x08007de4   0x00000016   Code   RO         2896    i.USB_Config        hw_config.o
    0x08007dfa   0x00000002   PAD
    0x08007dfc   0x00000028   Code   RO         3356    i.USB_Init          usb_init.o
    0x08007e24   0x00000032   Code   RO         2897    i.USB_Interrupts_Config  hw_config.o
    0x08007e56   0x00000002   PAD
    0x08007e58   0x0000014c   Code   RO         3051    i.USB_Istr          usb_istr.o
    0x08007fa4   0x00000004   Code   RO         3072    i.USB_LP_CAN1_RX0_IRQHandler  usb_it.o
    0x08007fa8   0x00000010   Code   RO         2898    i.USB_RxRead        hw_config.o
    0x08007fb8   0x00000010   Code   RO         2899    i.USB_RxWrite       hw_config.o
    0x08007fc8   0x00000020   Code   RO         3871    i.USB_SIL_Init      usb_sil.o
    0x08007fe8   0x00000024   Code   RO         3872    i.USB_SIL_Read      usb_sil.o
    0x0800800c   0x00000010   Code   RO         2900    i.USB_TxRead        hw_config.o
    0x0800801c   0x00000010   Code   RO         2901    i.USB_TxWrite       hw_config.o
    0x0800802c   0x00000002   Code   RO         2823    i.UsageFault_Handler  stm32f10x_it.o
    0x0800802e   0x00000002   PAD
    0x08008030   0x00000028   Code   RO         3413    i.UserToPMABufferCopy  usb_mem.o
    0x08008058   0x00000054   Code   RO         3089    i.Virtual_Com_Port_Data_Setup  usb_prop.o
    0x080080ac   0x0000000c   Code   RO         3090    i.Virtual_Com_Port_GetConfigDescriptor  usb_prop.o
    0x080080b8   0x0000000c   Code   RO         3091    i.Virtual_Com_Port_GetDeviceDescriptor  usb_prop.o
    0x080080c4   0x0000001c   Code   RO         3092    i.Virtual_Com_Port_GetLineCoding  usb_prop.o
    0x080080e0   0x00000020   Code   RO         3093    i.Virtual_Com_Port_GetStringDescriptor  usb_prop.o
    0x08008100   0x0000000e   Code   RO         3094    i.Virtual_Com_Port_Get_Interface_Setting  usb_prop.o
    0x0800810e   0x00000002   PAD
    0x08008110   0x00000024   Code   RO         3095    i.Virtual_Com_Port_NoData_Setup  usb_prop.o
    0x08008134   0x000000e0   Code   RO         3096    i.Virtual_Com_Port_Reset  usb_prop.o
    0x08008214   0x00000018   Code   RO         3097    i.Virtual_Com_Port_SetConfiguration  usb_prop.o
    0x0800822c   0x0000000c   Code   RO         3098    i.Virtual_Com_Port_SetDeviceAddress  usb_prop.o
    0x08008238   0x0000001c   Code   RO         3099    i.Virtual_Com_Port_SetLineCoding  usb_prop.o
    0x08008254   0x00000014   Code   RO         3100    i.Virtual_Com_Port_Status_In  usb_prop.o
    0x08008268   0x00000002   Code   RO         3101    i.Virtual_Com_Port_Status_Out  usb_prop.o
    0x0800826a   0x00000002   PAD
    0x0800826c   0x00000024   Code   RO         3102    i.Virtual_Com_Port_init  usb_prop.o
    0x08008290   0x00000020   Code   RO         4689    i.__0printf$1       mc_w.l(printf1.o)
    0x080082b0   0x00000028   Code   RO         4949    i.__ARM_fpclassify  m_ws.l(fpclassify.o)
    0x080082d8   0x00000026   Code   RO         4951    i.__ARM_fpclassifyf  m_ws.l(fpclassifyf.o)
    0x080082fe   0x000000aa   Code   RO         4967    i.__kernel_poly     m_ws.l(poly.o)
    0x080083a8   0x00000010   Code   RO         4935    i.__mathlib_dbl_divzero  m_ws.l(dunder.o)
    0x080083b8   0x00000004   Code   RO         4937    i.__mathlib_dbl_infnan2  m_ws.l(dunder.o)
    0x080083bc   0x0000000c   Code   RO         4938    i.__mathlib_dbl_invalid  m_ws.l(dunder.o)
    0x080083c8   0x0000000e   Code   RO         4939    i.__mathlib_dbl_overflow  m_ws.l(dunder.o)
    0x080083d6   0x00000002   PAD
    0x080083d8   0x00000010   Code   RO         4941    i.__mathlib_dbl_underflow  m_ws.l(dunder.o)
    0x080083e8   0x00000006   Code   RO         4954    i.__mathlib_flt_infnan  m_ws.l(funder.o)
    0x080083ee   0x00000004   Code   RO         4955    i.__mathlib_flt_infnan2  m_ws.l(funder.o)
    0x080083f2   0x00000008   Code   RO         4956    i.__mathlib_flt_invalid  m_ws.l(funder.o)
    0x080083fa   0x0000000a   Code   RO         4959    i.__mathlib_flt_underflow  m_ws.l(funder.o)
    0x08008404   0x00000168   Code   RO         4970    i.__mathlib_rredf2  m_ws.l(rredf.o)
    0x0800856c   0x0000000e   Code   RO         5046    i.__scatterload_copy  mc_w.l(handlers.o)
    0x0800857a   0x00000002   Code   RO         5047    i.__scatterload_null  mc_w.l(handlers.o)
    0x0800857c   0x0000000e   Code   RO         5048    i.__scatterload_zeroinit  mc_w.l(handlers.o)
    0x0800858a   0x00000002   PAD
    0x0800858c   0x0000000c   Code   RO         5014    i.__set_errno       mc_w.l(errno.o)
    0x08008598   0x00000154   Code   RO         4696    i._printf_core      mc_w.l(printf1.o)
    0x080086ec   0x00000124   Code   RO         4586    i.asinf             m_ws.l(asinf.o)
    0x08008810   0x0000025c   Code   RO         4594    i.atan2f            m_ws.l(atan2f.o)
    0x08008a6c   0x000000b4   Code   RO         2324    i.battery_init      battery.o
    0x08008b20   0x00000094   Code   RO         2325    i.battery_read      battery.o
    0x08008bb4   0x00000164   Code   RO         2188    i.bmp280CompensateP  bmp280.o
    0x08008d18   0x000000c8   Code   RO         2189    i.bmp280GetData     bmp280.o
    0x08008de0   0x00000074   Code   RO         2190    i.bmp280PressureToAltitude  bmp280.o
    0x08008e54   0x000000e8   Code   RO         2191    i.bmp280_init       bmp280.o
    0x08008f3c   0x0000017c   Code   RO         4602    i.cosf              m_ws.l(cosf.o)
    0x080090b8   0x00000068   Code   RO         2418    i.data_load         bf_status_mini_param.o
    0x08009120   0x00000078   Code   RO         2419    i.data_save         bf_status_mini_param.o
    0x08009198   0x00000040   Code   RO         2540    i.deadband          bf_status_mini_math.o
    0x080091d8   0x00000128   Code   RO         2651    i.detecWeight       bf_status_mini_ctrl.o
    0x08009300   0x0000000e   Code   RO         2903    i.fputc             hw_config.o
    0x0800930e   0x00000002   PAD
    0x08009310   0x00000080   Code   RO         2392    i.led_init          led.o
    0x08009390   0x00000100   Code   RO         2393    i.led_ref           led.o
    0x08009490   0x00000030   Code   RO         2873    i.main              main.o
    0x080094c0   0x000000c0   Code   RO         2357    i.motor_init        motor.o
    0x08009580   0x0000009c   Code   RO         2358    i.motor_output      motor.o
    0x0800961c   0x00000058   Code   RO         2137    i.mpu_init          mpu6050.o
    0x08009674   0x000000bc   Code   RO         2420    i.param_init        bf_status_mini_param.o
    0x08009730   0x000009d8   Code   RO         4610    i.pow               m_ws.l(pow.o)
    0x0800a108   0x000000bc   Code   RO         2579    i.presssureFilter   bf_status_mini_filter.o
    0x0800a1c4   0x00000070   Code   RO         4190    i.prvAddCurrentTaskToDelayedList  tasks.o
    0x0800a234   0x000000d0   Code   RO         4191    i.prvAddNewTaskToReadyList  tasks.o
    0x0800a304   0x00000054   Code   RO         4192    i.prvCheckTasksWaitingTermination  tasks.o
    0x0800a358   0x00000026   Code   RO         4011    i.prvCopyDataFromQueue  queue.o
    0x0800a37e   0x0000006c   Code   RO         4012    i.prvCopyDataToQueue  queue.o
    0x0800a3ea   0x00000014   Code   RO         4193    i.prvDeleteTCB      tasks.o
    0x0800a3fe   0x00000002   PAD
    0x0800a400   0x00000028   Code   RO         4194    i.prvIdleTask       tasks.o
    0x0800a428   0x00000078   Code   RO         4195    i.prvInitialiseNewTask  tasks.o
    0x0800a4a0   0x0000001a   Code   RO         4013    i.prvIsQueueEmpty   queue.o
    0x0800a4ba   0x00000044   Code   RO         4014    i.prvNotifyQueueSetContainer  queue.o
    0x0800a4fe   0x00000002   PAD
    0x0800a500   0x00000020   Code   RO         4196    i.prvResetNextTaskUnblockTime  tasks.o
    0x0800a520   0x00000010   Code   RO         3941    i.prvTaskExitError  port.o
    0x0800a530   0x00000078   Code   RO         4015    i.prvUnlockQueue    queue.o
    0x0800a5a8   0x000000b4   Code   RO         4484    i.pvPortMalloc      heap_2.o
    0x0800a65c   0x00000018   Code   RO         4198    i.pvTaskIncrementMutexHeldCount  tasks.o
    0x0800a674   0x00000024   Code   RO         3942    i.pxPortInitialiseStack  port.o
    0x0800a698   0x00000188   Code   RO         4620    i.sinf              m_ws.l(sinf.o)
    0x0800a820   0x0000004c   Code   RO         4974    i.sqrt              m_ws.l(sqrt.o)
    0x0800a86c   0x0000002c   Code   RO         4982    i.sqrtf             m_ws.l(sqrtf.o)
    0x0800a898   0x0000005c   Code   RO         2394    i.start_led         led.o
    0x0800a8f4   0x00000034   Code   RO         2457    i.system_init       bf_status_mini_system.o
    0x0800a928   0x00000068   Code   RO         2359    i.thrust_bat_compensated  motor.o
    0x0800a990   0x00000024   Code   RO         3895    i.uxListRemove      list.o
    0x0800a9b4   0x00000016   Code   RO         3896    i.vListInitialise   list.o
    0x0800a9ca   0x00000006   Code   RO         3897    i.vListInitialiseItem  list.o
    0x0800a9d0   0x00000030   Code   RO         3898    i.vListInsert       list.o
    0x0800aa00   0x00000018   Code   RO         3899    i.vListInsertEnd    list.o
    0x0800aa18   0x0000001c   Code   RO         3944    i.vPortEnterCritical  port.o
    0x0800aa34   0x00000014   Code   RO         3945    i.vPortExitCritical  port.o
    0x0800aa48   0x0000003c   Code   RO         4485    i.vPortFree         heap_2.o
    0x0800aa84   0x00000014   Code   RO         3946    i.vPortSetupTimerInterrupt  port.o
    0x0800aa98   0x00000030   Code   RO         4204    i.vTaskDelay        tasks.o
    0x0800aac8   0x00000058   Code   RO         4205    i.vTaskDelayUntil   tasks.o
    0x0800ab20   0x00000098   Code   RO         4206    i.vTaskDelete       tasks.o
    0x0800abb8   0x0000000c   Code   RO         4208    i.vTaskMissedYield  tasks.o
    0x0800abc4   0x00000024   Code   RO         4210    i.vTaskPlaceOnEventList  tasks.o
    0x0800abe8   0x00000084   Code   RO         4212    i.vTaskPriorityInherit  tasks.o
    0x0800ac6c   0x00000010   Code   RO         4215    i.vTaskSetTimeOutState  tasks.o
    0x0800ac7c   0x00000054   Code   RO         4216    i.vTaskStartScheduler  tasks.o
    0x0800acd0   0x00000010   Code   RO         4218    i.vTaskSuspendAll   tasks.o
    0x0800ace0   0x00000044   Code   RO         4219    i.vTaskSwitchContext  tasks.o
    0x0800ad24   0x0000000c   Code   RO         4487    i.xPortGetFreeHeapSize  heap_2.o
    0x0800ad30   0x00000030   Code   RO         3947    i.xPortStartScheduler  port.o
    0x0800ad60   0x0000002c   Code   RO         3948    i.xPortSysTickHandler  port.o
    0x0800ad8c   0x00000024   Code   RO         4021    i.xQueueCreateMutex  queue.o
    0x0800adb0   0x0000003a   Code   RO         4023    i.xQueueGenericCreate  queue.o
    0x0800adea   0x00000002   PAD
    0x0800adec   0x00000124   Code   RO         4024    i.xQueueGenericReceive  queue.o
    0x0800af10   0x00000074   Code   RO         4025    i.xQueueGenericReset  queue.o
    0x0800af84   0x0000010c   Code   RO         4026    i.xQueueGenericSend  queue.o
    0x0800b090   0x00000048   Code   RO         4220    i.xTaskCheckForTimeOut  tasks.o
    0x0800b0d8   0x00000056   Code   RO         4221    i.xTaskCreate       tasks.o
    0x0800b12e   0x00000002   PAD
    0x0800b130   0x0000000c   Code   RO         4225    i.xTaskGetTickCount  tasks.o
    0x0800b13c   0x000000b4   Code   RO         4227    i.xTaskIncrementTick  tasks.o
    0x0800b1f0   0x00000070   Code   RO         4230    i.xTaskPriorityDisinherit  tasks.o
    0x0800b260   0x00000064   Code   RO         4231    i.xTaskRemoveFromEventList  tasks.o
    0x0800b2c4   0x000000b0   Code   RO         4233    i.xTaskResumeAll    tasks.o
    0x0800b374   0x00000012   Data   RO         3001    .constdata          usb_desc.o
    0x0800b386   0x00000043   Data   RO         3002    .constdata          usb_desc.o
    0x0800b3c9   0x00000004   Data   RO         3003    .constdata          usb_desc.o
    0x0800b3cd   0x0000000e   Data   RO         3004    .constdata          usb_desc.o
    0x0800b3db   0x00000022   Data   RO         3005    .constdata          usb_desc.o
    0x0800b3fd   0x00000003   PAD
    0x0800b400   0x00000088   Data   RO         4611    .constdata          m_ws.l(pow.o)
    0x0800b488   0x00000008   Data   RO         4969    .constdata          m_ws.l(qnan.o)
    0x0800b490   0x00000020   Data   RO         4971    .constdata          m_ws.l(rredf.o)
    0x0800b4b0   0x00000020   Data   RO         5044    Region$$Table       anon$$obj.o


    Execution Region RW_IRAM1 (Base: 0x20000000, Size: 0x00004710, Max: 0x00005000, ABSOLUTE, COMPRESSED[0x00000138])

    Base Addr    Size         Type   Attr      Idx    E Section Name        Object

    0x20000000   0x00000014   Data   RW           27    .data               system_stm32f10x.o
    0x20000014   0x0000006c   Data   RW         2138    .data               mpu6050.o
    0x20000080   0x00000028   Data   RW         2193    .data               bmp280.o
    0x200000a8   0x0000005c   Data   RW         2237    .data               nrf24l01.o
    0x20000104   0x00000014   Data   RW         2326    .data               battery.o
    0x20000118   0x00000020   Data   RW         2360    .data               motor.o
    0x20000138   0x00000001   Data   RW         2395    .data               led.o
    0x20000139   0x00000003   PAD
    0x2000013c   0x00000010   Data   RW         2421    .data               bf_status_mini_param.o
    0x2000014c   0x00000004   PAD
    0x20000150   0x00000028   Data   RW         2583    .data               bf_status_mini_filter.o
    0x20000178   0x00000028   Data   RW         2584    .data               bf_status_mini_filter.o
    0x200001a0   0x00000001   Data   RW         2587    .data               bf_status_mini_filter.o
    0x200001a1   0x00000003   PAD
    0x200001a4   0x00000018   Data   RW         2653    .data               bf_status_mini_ctrl.o
    0x200001bc   0x0000000e   Data   RW         2704    .data               bf_status_mini_rc.o
    0x200001ca   0x00000002   PAD
    0x200001cc   0x0000004c   Data   RW         2730    .data               imu.o
    0x20000218   0x00000004   Data   RW         2783    .data               app.o
    0x2000021c   0x00000008   Data   RW         2907    .data               hw_config.o
    0x20000224   0x00000022   Data   RW         3006    .data               usb_desc.o
    0x20000246   0x00000002   PAD
    0x20000248   0x00000008   Data   RW         3025    .data               usb_endp.o
    0x20000250   0x0000000c   Data   RW         3052    .data               usb_istr.o
    0x2000025c   0x0000001c   Data   RW         3053    .data               usb_istr.o
    0x20000278   0x0000001c   Data   RW         3054    .data               usb_istr.o
    0x20000294   0x0000006c   Data   RW         3103    .data               usb_prop.o
    0x20000300   0x00000002   Data   RW         3104    .data               usb_prop.o
    0x20000302   0x00000002   PAD
    0x20000304   0x00000024   Data   RW         3105    .data               usb_prop.o
    0x20000328   0x00000004   Data   RW         3198    .data               usb_pwr.o
    0x2000032c   0x00000001   Data   RW         3199    .data               usb_pwr.o
    0x2000032d   0x00000003   PAD
    0x20000330   0x00000008   Data   RW         3200    .data               usb_pwr.o
    0x20000338   0x00000004   Data   RW         3256    .data               usb_core.o
    0x2000033c   0x00000001   Data   RW         3358    .data               usb_init.o
    0x2000033d   0x00000003   PAD
    0x20000340   0x0000000c   Data   RW         3359    .data               usb_init.o
    0x2000034c   0x00000002   Data   RW         3361    .data               usb_init.o
    0x2000034e   0x00000004   Data   RW         3384    .data               usb_int.o
    0x20000352   0x00000002   PAD
    0x20000354   0x00000004   Data   RW         3949    .data               port.o
    0x20000358   0x0000003c   Data   RW         4236    .data               tasks.o
    0x20000394   0x00000018   Data   RW         4489    .data               heap_2.o
    0x200003ac   0x00000004   Data   RW         5003    .data               mc_w.l(stdout.o)
    0x200003b0   0x00000004   Data   RW         5015    .data               mc_w.l(errno.o)
    0x200003b4   0x0000002a   Zero   RW         1969    .bss                datascope_dp.o
    0x200003de   0x00000002   PAD
    0x200003e0   0x0000001c   Zero   RW         2192    .bss                bmp280.o
    0x200003fc   0x00000014   Zero   RW         2523    .bss                bf_status_mini_global.o
    0x20000410   0x00000018   Zero   RW         2524    .bss                bf_status_mini_global.o
    0x20000428   0x00000078   Zero   RW         2580    .bss                bf_status_mini_filter.o
    0x200004a0   0x00000078   Zero   RW         2581    .bss                bf_status_mini_filter.o
    0x20000518   0x00000068   Zero   RW         2582    .bss                bf_status_mini_filter.o
    0x20000580   0x00000184   Zero   RW         2652    .bss                bf_status_mini_ctrl.o
    0x20000704   0x00000a20   Zero   RW         2904    .bss                hw_config.o
    0x20001124   0x00000080   Zero   RW         3024    .bss                usb_endp.o
    0x200011a4   0x00000020   Zero   RW         3197    .bss                usb_pwr.o
    0x200011c4   0x0000001c   Zero   RW         3357    .bss                usb_init.o
    0x200011e0   0x0000012c   Zero   RW         4235    .bss                tasks.o
    0x2000130c   0x00003000   Zero   RW         4488    .bss                heap_2.o
    0x2000430c   0x00000004   PAD
    0x20004310   0x00000400   Zero   RW            1    STACK               startup_stm32f10x_md.o


==============================================================================

Image component sizes


      Code (inc. data)   RO Data    RW Data    ZI Data      Debug   Object Name

       468        102          0          4          0       2955   app.o
       368         50          0         20          0       3796   battery.o
      2258        274          0         24        388       8654   bf_status_mini_ctrl.o
       420         12          0         81        344       4683   bf_status_mini_filter.o
         0          0          0          0         44       1782   bf_status_mini_global.o
       196          8          0          0          0       2059   bf_status_mini_math.o
       476         96          0         16          0       2963   bf_status_mini_param.o
       788         76          0         14          0       2985   bf_status_mini_rc.o
       416        104          0          0          0       6287   bf_status_mini_system.o
       904        122          0         40         28       5399   bmp280.o
        32          0          0          0          0       5068   core_cm3.o
       356         56          0          0         42      17916   datascope_dp.o
         0          0          0          0          0       1228   debug_usart.o
       252         18          0         24      12288       3622   heap_2.o
       440         62          0          8       2592       9654   hw_config.o
      1932        148          0         76          0       4723   imu.o
       476         50          0          1          0       1745   led.o
       136          0          0          0          0       4522   list.o
        48         16          0          0          0        447   main.o
       140         24          0          0          0       2053   misc.o
       470         40          0         32          0       3675   motor.o
       516         12          0        108          0       4617   mpu6050.o
       880         90          0         92          0       8948   nrf24l01.o
       362         46          0          4          0       8624   port.o
      1130         14          0          0          0      18098   queue.o
        36          8        236          0       1024        868   startup_stm32f10x_md.o
       296         10          0          0          0       8065   stm32f10x_adc.o
       124         10          0          0          0       1557   stm32f10x_exti.o
       314         34          0          0          0      13437   stm32f10x_flash.o
       486         34          0          0          0       5929   stm32f10x_gpio.o
       718         38          0          0          0       7636   stm32f10x_i2c.o
        34          4          0          0          0       3420   stm32f10x_it.o
       172         42          0          0          0       3304   stm32f10x_rcc.o
        98          0          0          0          0       3822   stm32f10x_spi.o
      1108        154          0          0          0       9664   stm32f10x_tim.o
       116         20          0          0          0       2083   stm32f10x_usart.o
        40          0          0          0          0       1364   stm32fx_delay.o
       248         24          0         20          0     258901   system_stm32f10x.o
      2030        196          0         60        300      27980   tasks.o
      2186        284          0          4          0      14527   usb_core.o
         0          0        137         34          0       1091   usb_desc.o
       188         24          0          8        128       2356   usb_endp.o
        40         18          0         15         28       4010   usb_init.o
       344         30          0          4          0       1616   usb_int.o
       332         24          0         68          0       1679   usb_istr.o
        12          0          0          0          0        912   usb_it.o
        72         10          0          0          0       1756   usb_mem.o
       564        104          0        146          0      11593   usb_prop.o
       416         48          0         13         32       3892   usb_pwr.o
       116          0          0          0          0       2384   usb_queue.o
       582        100          0          0          0       9349   usb_regs.o
        68          8          0          0          0       1406   usb_sil.o

    ----------------------------------------------------------------------
     24250       2644        408        940      17244     541104   Object Totals
         0          0         32          0          0          0   (incl. Generated)
        46          0          3         24          6          0   (incl. Padding)

    ----------------------------------------------------------------------

      Code (inc. data)   RO Data    RW Data    ZI Data      Debug   Library Member Name

       292         38          0          0          0        120   asinf.o
       604         76          0          0          0        116   atan2f.o
       380         52          0          0          0        124   cosf.o
        62         10          0          0          0        340   dunder.o
        40          0          0          0          0         68   fpclassify.o
        38          0          0          0          0         68   fpclassifyf.o
        28          0          0          0          0        272   funder.o
       170          0          0          0          0         96   poly.o
      2520        190        136          0          0        324   pow.o
         0          0          8          0          0          0   qnan.o
       360         16         32          0          0         88   rredf.o
       392         54          0          0          0        124   sinf.o
        76          0          0          0          0         84   sqrt.o
        44          0          0          0          0         80   sqrtf.o
        86          0          0          0          0          0   __dczerorl2.o
         0          0          0          0          0          0   entry.o
         0          0          0          0          0          0   entry10a.o
         0          0          0          0          0          0   entry11a.o
         8          4          0          0          0          0   entry2.o
         4          0          0          0          0          0   entry5.o
         0          0          0          0          0          0   entry7b.o
         0          0          0          0          0          0   entry8b.o
         8          4          0          0          0          0   entry9a.o
        12          6          0          4          0         68   errno.o
        30          0          0          0          0          0   handlers.o
        36          8          0          0          0         68   init.o
         0          0          0          0          0          0   iusefp.o
        98          0          0          0          0         84   ldiv.o
        30          0          0          0          0         68   llshl.o
        36          0          0          0          0         68   llsshr.o
        32          0          0          0          0         68   llushr.o
        36          0          0          0          0         68   memcpya.o
       372         14          0          0          0        184   printf1.o
         0          0          0          4          0          0   stdout.o
        44          0          0          0          0         80   uidiv.o
        98          0          0          0          0         92   uldiv.o
        48          0          0          0          0         68   cdrcmple.o
        20          0          0          0          0         68   cfcmple.o
        20          0          0          0          0         68   cfrcmple.o
        56          0          0          0          0         88   d2f.o
       334          0          0          0          0        148   dadd.o
       222          0          0          0          0        100   ddiv.o
       186          0          0          0          0        176   depilogue.o
        34          0          0          0          0         76   dflti.o
       228          0          0          0          0         96   dmul.o
        46          0          0          0          0         80   dscalb.o
       162          0          0          0          0        100   dsqrt.o
        38          0          0          0          0         68   f2d.o
       176          0          0          0          0        140   fadd.o
       124          0          0          0          0         88   fdiv.o
       110          0          0          0          0        168   fepilogue.o
        50          0          0          0          0         68   ffixi.o
        40          0          0          0          0         68   ffixui.o
        18          0          0          0          0         68   fflti.o
        10          0          0          0          0         68   ffltui.o
       100          0          0          0          0         76   fmul.o
        60          0          0          0          0         76   frnd.o
        24          0          0          0          0         68   fscalb.o
        94          0          0          0          0         96   fsqrt.o

    ----------------------------------------------------------------------
      8142        472        176          8          0       4872   Library Totals
         6          0          0          0          0          0   (incl. Padding)

    ----------------------------------------------------------------------

      Code (inc. data)   RO Data    RW Data    ZI Data      Debug   Library Name

      5006        436        176          0          0       1904   m_ws.l
       930         36          0          8          0        848   mc_w.l
      2200          0          0          0          0       2120   mf_w.l

    ----------------------------------------------------------------------
      8142        472        176          8          0       4872   Library Totals

    ----------------------------------------------------------------------

==============================================================================


      Code (inc. data)   RO Data    RW Data    ZI Data      Debug   

     32392       3116        584        948      17244     529204   Grand Totals
     32392       3116        584        312      17244     529204   ELF Image Totals (compressed)
     32392       3116        584        312          0          0   ROM Totals

==============================================================================

    Total RO  Size (Code + RO Data)                32976 (  32.20kB)
    Total RW  Size (RW Data + ZI Data)             18192 (  17.77kB)
    Total ROM Size (Code + RO Data + RW Data)      33288 (  32.51kB)

==============================================================================

