Component: ARM Compiler 5.06 update 4 (build 422) Tool: armlink [4d35d2]

==============================================================================

Section Cross References

    startup_stm32f10x_md_boot.o(RESET) refers to startup_stm32f10x_md_boot.o(STACK) for __initial_sp
    startup_stm32f10x_md_boot.o(RESET) refers to startup_stm32f10x_md_boot.o(.text) for Reset_Handler
    startup_stm32f10x_md_boot.o(RESET) refers to stm32f10x_it.o(i.NMI_Handler) for NMI_Handler
    startup_stm32f10x_md_boot.o(RESET) refers to stm32f10x_it.o(i.HardFault_Handler) for HardFault_Handler
    startup_stm32f10x_md_boot.o(RESET) refers to stm32f10x_it.o(i.MemManage_Handler) for MemManage_Handler
    startup_stm32f10x_md_boot.o(RESET) refers to stm32f10x_it.o(i.BusFault_Handler) for BusFault_Handler
    startup_stm32f10x_md_boot.o(RESET) refers to stm32f10x_it.o(i.UsageFault_Handler) for UsageFault_Handler
    startup_stm32f10x_md_boot.o(RESET) refers to stm32f10x_it.o(i.DebugMon_Handler) for DebugMon_Handler
    startup_stm32f10x_md_boot.o(RESET) refers to stm32f10x_it.o(i.PendSV_Handler) for PendSV_Handler
    startup_stm32f10x_md_boot.o(RESET) refers to stm32f10x_it.o(i.SysTick_Handler) for SysTick_Handler
    startup_stm32f10x_md_boot.o(RESET) refers to boot_main.o(i.EXTI3_IRQHandler) for EXTI3_IRQHandler
    startup_stm32f10x_md_boot.o(RESET) refers to usb_it.o(i.USB_LP_CAN1_RX0_IRQHandler) for USB_LP_CAN1_RX0_IRQHandler
    startup_stm32f10x_md_boot.o(RESET) refers to stm32f10x_it.o(i.TIM3_IRQHandler) for TIM3_IRQHandler
    startup_stm32f10x_md_boot.o(RESET) refers to usb_it.o(i.USBWakeUp_IRQHandler) for USBWakeUp_IRQHandler
    startup_stm32f10x_md_boot.o(.text) refers to system_stm32f10x.o(i.SystemInit) for SystemInit
    startup_stm32f10x_md_boot.o(.text) refers to entry.o(.ARM.Collect$$$$00000000) for __main
    system_stm32f10x.o(i.SystemCoreClockUpdate) refers to system_stm32f10x.o(.data) for .data
    system_stm32f10x.o(i.SystemInit) refers to system_stm32f10x.o(i.SetSysClockTo72) for SetSysClockTo72
    stm32f10x_usart.o(i.USART_DeInit) refers to stm32f10x_rcc.o(i.RCC_APB2PeriphResetCmd) for RCC_APB2PeriphResetCmd
    stm32f10x_usart.o(i.USART_DeInit) refers to stm32f10x_rcc.o(i.RCC_APB1PeriphResetCmd) for RCC_APB1PeriphResetCmd
    stm32f10x_usart.o(i.USART_Init) refers to stm32f10x_rcc.o(i.RCC_GetClocksFreq) for RCC_GetClocksFreq
    stm32f10x_gpio.o(i.GPIO_AFIODeInit) refers to stm32f10x_rcc.o(i.RCC_APB2PeriphResetCmd) for RCC_APB2PeriphResetCmd
    stm32f10x_gpio.o(i.GPIO_DeInit) refers to stm32f10x_rcc.o(i.RCC_APB2PeriphResetCmd) for RCC_APB2PeriphResetCmd
    stm32f10x_gpio.o(i.GPIO_QuickInit) refers to stm32f10x_rcc.o(i.RCC_APB2PeriphClockCmd) for RCC_APB2PeriphClockCmd
    stm32f10x_gpio.o(i.GPIO_QuickInit) refers to stm32f10x_gpio.o(i.GPIO_Init) for GPIO_Init
    stm32f10x_adc.o(i.ADC_DeInit) refers to stm32f10x_rcc.o(i.RCC_APB2PeriphResetCmd) for RCC_APB2PeriphResetCmd
    stm32f10x_rcc.o(i.RCC_GetClocksFreq) refers to stm32f10x_rcc.o(.data) for .data
    stm32f10x_rcc.o(i.RCC_WaitForHSEStartUp) refers to stm32f10x_rcc.o(i.RCC_GetFlagStatus) for RCC_GetFlagStatus
    stm32f10x_spi.o(i.I2S_Init) refers to stm32f10x_rcc.o(i.RCC_GetClocksFreq) for RCC_GetClocksFreq
    stm32f10x_spi.o(i.SPI_I2S_DeInit) refers to stm32f10x_rcc.o(i.RCC_APB2PeriphResetCmd) for RCC_APB2PeriphResetCmd
    stm32f10x_spi.o(i.SPI_I2S_DeInit) refers to stm32f10x_rcc.o(i.RCC_APB1PeriphResetCmd) for RCC_APB1PeriphResetCmd
    stm32fx_delay.o(i.DelayMs) refers to stm32fx_delay.o(i.DelayUs) for DelayUs
    stm32fx_delay.o(i.DelayMs_Tick) refers to stm32fx_delay.o(i.DelayUs_Tick) for DelayUs_Tick
    stm32fx_delay.o(i.DelayUs_Tick) refers to stm32fx_delay.o(.data) for .data
    stm32fx_delay.o(i.Init_SysTick) refers to stm32fx_delay.o(.data) for .data
    stm32f10x_pwr.o(i.PWR_DeInit) refers to stm32f10x_rcc.o(i.RCC_APB1PeriphResetCmd) for RCC_APB1PeriphResetCmd
    stm32f10x_flash.o(i.FLASH_EnableWriteProtection) refers to stm32f10x_flash.o(i.FLASH_WaitForLastOperation) for FLASH_WaitForLastOperation
    stm32f10x_flash.o(i.FLASH_EraseAllBank1Pages) refers to stm32f10x_flash.o(i.FLASH_WaitForLastBank1Operation) for FLASH_WaitForLastBank1Operation
    stm32f10x_flash.o(i.FLASH_EraseAllPages) refers to stm32f10x_flash.o(i.FLASH_WaitForLastOperation) for FLASH_WaitForLastOperation
    stm32f10x_flash.o(i.FLASH_EraseOptionBytes) refers to stm32f10x_flash.o(i.FLASH_GetReadOutProtectionStatus) for FLASH_GetReadOutProtectionStatus
    stm32f10x_flash.o(i.FLASH_EraseOptionBytes) refers to stm32f10x_flash.o(i.FLASH_WaitForLastOperation) for FLASH_WaitForLastOperation
    stm32f10x_flash.o(i.FLASH_ErasePage) refers to stm32f10x_flash.o(i.FLASH_WaitForLastOperation) for FLASH_WaitForLastOperation
    stm32f10x_flash.o(i.FLASH_ProgramHalfWord) refers to stm32f10x_flash.o(i.FLASH_WaitForLastOperation) for FLASH_WaitForLastOperation
[...]
    printf8.o(i.__0vprintf$8) refers to stdout.o(.data) for __stdout
    printf8.o(i.__0vsnprintf$8) refers to printf8.o(i._printf_core) for _printf_core
    printf8.o(i.__0vsnprintf$8) refers to printf8.o(i._snputc) for _snputc
    printf8.o(i.__0vsprintf$8) refers to printf8.o(i._printf_core) for _printf_core
    printf8.o(i.__0vsprintf$8) refers to printf8.o(i._sputc) for _sputc
    printf8.o(i._printf_core) refers to printf8.o(i._printf_pre_padding) for _printf_pre_padding
    printf8.o(i._printf_core) refers to uldiv.o(.text) for __aeabi_uldivmod
    printf8.o(i._printf_core) refers to printf8.o(i._printf_post_padding) for _printf_post_padding
    printfa.o(i.__0fprintf) refers (Special) to iusefp.o(.text) for __I$use$fp
    printfa.o(i.__0fprintf) refers to printfa.o(i._printf_core) for _printf_core
    printfa.o(i.__0fprintf) refers to hw_config.o(i.fputc) for fputc
    printfa.o(i.__0printf) refers (Special) to iusefp.o(.text) for __I$use$fp
    printfa.o(i.__0printf) refers to printfa.o(i._printf_core) for _printf_core
    printfa.o(i.__0printf) refers to hw_config.o(i.fputc) for fputc
    printfa.o(i.__0printf) refers to stdout.o(.data) for __stdout
    printfa.o(i.__0snprintf) refers (Special) to iusefp.o(.text) for __I$use$fp
    printfa.o(i.__0snprintf) refers to printfa.o(i._printf_core) for _printf_core
    printfa.o(i.__0snprintf) refers to printfa.o(i._snputc) for _snputc
    printfa.o(i.__0sprintf) refers (Special) to iusefp.o(.text) for __I$use$fp
    printfa.o(i.__0sprintf) refers to printfa.o(i._printf_core) for _printf_core
    printfa.o(i.__0sprintf) refers to printfa.o(i._sputc) for _sputc
    printfa.o(i.__0vfprintf) refers (Special) to iusefp.o(.text) for __I$use$fp
    printfa.o(i.__0vfprintf) refers to printfa.o(i._printf_core) for _printf_core
    printfa.o(i.__0vfprintf) refers to hw_config.o(i.fputc) for fputc
    printfa.o(i.__0vprintf) refers (Special) to iusefp.o(.text) for __I$use$fp
    printfa.o(i.__0vprintf) refers to printfa.o(i._printf_core) for _printf_core
    printfa.o(i.__0vprintf) refers to hw_config.o(i.fputc) for fputc
    printfa.o(i.__0vprintf) refers to stdout.o(.data) for __stdout
    printfa.o(i.__0vsnprintf) refers (Special) to iusefp.o(.text) for __I$use$fp
    printfa.o(i.__0vsnprintf) refers to printfa.o(i._printf_core) for _printf_core
    printfa.o(i.__0vsnprintf) refers to printfa.o(i._snputc) for _snputc
    printfa.o(i.__0vsprintf) refers (Special) to iusefp.o(.text) for __I$use$fp
    printfa.o(i.__0vsprintf) refers to printfa.o(i._printf_core) for _printf_core
    printfa.o(i.__0vsprintf) refers to printfa.o(i._sputc) for _sputc
    printfa.o(i._fp_digits) refers (Special) to iusefp.o(.text) for __I$use$fp
    printfa.o(i._fp_digits) refers to dmul.o(.text) for __aeabi_dmul
    printfa.o(i._fp_digits) refers to ddiv.o(.text) for __aeabi_ddiv
    printfa.o(i._fp_digits) refers to cdrcmple.o(.text) for __aeabi_cdrcmple
    printfa.o(i._fp_digits) refers to dadd.o(.text) for __aeabi_dadd
    printfa.o(i._fp_digits) refers to dfixul.o(.text) for __aeabi_d2ulz
    printfa.o(i._fp_digits) refers to uldiv.o(.text) for __aeabi_uldivmod
    printfa.o(i._printf_core) refers (Special) to iusefp.o(.text) for __I$use$fp
    printfa.o(i._printf_core) refers to printfa.o(i._printf_pre_padding) for _printf_pre_padding
    printfa.o(i._printf_core) refers to uldiv.o(.text) for __aeabi_uldivmod
    printfa.o(i._printf_core) refers to printfa.o(i._printf_post_padding) for _printf_post_padding
    printfa.o(i._printf_core) refers to printfa.o(i._fp_digits) for _fp_digits
    printfa.o(i._printf_core) refers to uidiv.o(.text) for __aeabi_uidivmod
    printfa.o(i._printf_post_padding) refers (Special) to iusefp.o(.text) for __I$use$fp
    printfa.o(i._printf_pre_padding) refers (Special) to iusefp.o(.text) for __I$use$fp
    printfa.o(i._snputc) refers (Special) to iusefp.o(.text) for __I$use$fp
    printfa.o(i._sputc) refers (Special) to iusefp.o(.text) for __I$use$fp
    entry2.o(.ARM.Collect$$$$00000001) refers to entry2.o(.ARM.Collect$$$$00002712) for __lit__00000000
    entry2.o(.ARM.Collect$$$$00002712) refers to startup_stm32f10x_md_boot.o(STACK) for __initial_sp
    entry2.o(__vectab_stack_and_reset_area) refers to startup_stm32f10x_md_boot.o(STACK) for __initial_sp
    entry2.o(__vectab_stack_and_reset_area) refers to entry.o(.ARM.Collect$$$$00000000) for __main
    entry5.o(.ARM.Collect$$$$00000004) refers to init.o(.text) for __scatterload
    entry9a.o(.ARM.Collect$$$$0000000B) refers to boot_main.o(i.main) for main
    entry9b.o(.ARM.Collect$$$$0000000C) refers to boot_main.o(i.main) for main
    uldiv.o(.text) refers to llushr.o(.text) for __aeabi_llsr
    uldiv.o(.text) refers to llshl.o(.text) for __aeabi_llsl
    dadd.o(.text) refers to llshl.o(.text) for __aeabi_llsl
    dadd.o(.text) refers to llsshr.o(.text) for __aeabi_lasr
    dadd.o(.text) refers to depilogue.o(.text) for _double_epilogue
    dmul.o(.text) refers to depilogue.o(.text) for _double_epilogue
    ddiv.o(.text) refers to depilogue.o(.text) for _double_round
    dfixul.o(.text) refers to llushr.o(.text) for __aeabi_llsr
    dfixul.o(.text) refers to llshl.o(.text) for __aeabi_llsl
    init.o(.text) refers to entry5.o(.ARM.Collect$$$$00000004) for __main_after_scatterload
    depilogue.o(.text) refers to llshl.o(.text) for __aeabi_llsl
    depilogue.o(.text) refers to llushr.o(.text) for __aeabi_llsr


==============================================================================

Removing Unused input sections from the image.

    Removing startup_stm32f10x_md_boot.o(HEAP), (512 bytes).
    Removing system_stm32f10x.o(i.SystemCoreClockUpdate), (116 bytes).
    Removing system_stm32f10x.o(.data), (20 bytes).
    Removing misc.o(i.NVIC_PriorityGroupConfig), (20 bytes).
    Removing misc.o(i.NVIC_SystemLPConfig), (24 bytes).
    Removing misc.o(i.SysTick_CLKSourceConfig), (24 bytes).
    Removing stm32f10x_usart.o(i.USART_ClearFlag), (6 bytes).
    Removing stm32f10x_usart.o(i.USART_ClearITPendingBit), (12 bytes).
    Removing stm32f10x_usart.o(i.USART_ClockInit), (30 bytes).
    Removing stm32f10x_usart.o(i.USART_ClockStructInit), (12 bytes).
    Removing stm32f10x_usart.o(i.USART_Cmd), (20 bytes).
    Removing stm32f10x_usart.o(i.USART_DMACmd), (16 bytes).
    Removing stm32f10x_usart.o(i.USART_DeInit), (116 bytes).
    Removing stm32f10x_usart.o(i.USART_GetFlagStatus), (14 bytes).
    Removing stm32f10x_usart.o(i.USART_GetITStatus), (62 bytes).
    Removing stm32f10x_usart.o(i.USART_HalfDuplexCmd), (20 bytes).
    Removing stm32f10x_usart.o(i.USART_ITConfig), (48 bytes).
    Removing stm32f10x_usart.o(i.USART_Init), (172 bytes).
    Removing stm32f10x_usart.o(i.USART_IrDACmd), (20 bytes).
    Removing stm32f10x_usart.o(i.USART_IrDAConfig), (16 bytes).
    Removing stm32f10x_usart.o(i.USART_LINBreakDetectLengthConfig), (16 bytes).
    Removing stm32f10x_usart.o(i.USART_LINCmd), (20 bytes).
    Removing stm32f10x_usart.o(i.USART_OneBitMethodCmd), (20 bytes).
    Removing stm32f10x_usart.o(i.USART_OverSampling8Cmd), (20 bytes).
    Removing stm32f10x_usart.o(i.USART_ReceiveData), (8 bytes).
    Removing stm32f10x_usart.o(i.USART_ReceiverWakeUpCmd), (20 bytes).
    Removing stm32f10x_usart.o(i.USART_SendBreak), (10 bytes).
    Removing stm32f10x_usart.o(i.USART_SendData), (8 bytes).
    Removing stm32f10x_usart.o(i.USART_SetAddress), (16 bytes).
    Removing stm32f10x_usart.o(i.USART_SetGuardTime), (16 bytes).
    Removing stm32f10x_usart.o(i.USART_SetPrescaler), (16 bytes).
    Removing stm32f10x_usart.o(i.USART_SmartCardCmd), (20 bytes).
    Removing stm32f10x_usart.o(i.USART_SmartCardNACKCmd), (20 bytes).
    Removing stm32f10x_usart.o(i.USART_StructInit), (22 bytes).
    Removing stm32f10x_usart.o(i.USART_WakeUpConfig), (16 bytes).
    Removing stm32f10x_gpio.o(i.GPIO_AFIODeInit), (22 bytes).
    Removing stm32f10x_gpio.o(i.GPIO_DeInit), (180 bytes).
    Removing stm32f10x_gpio.o(i.GPIO_ETH_MediaInterfaceConfig), (12 bytes).
    Removing stm32f10x_gpio.o(i.GPIO_EventOutputCmd), (12 bytes).
    Removing stm32f10x_gpio.o(i.GPIO_EventOutputConfig), (28 bytes).
    Removing stm32f10x_gpio.o(i.GPIO_PinLockConfig), (16 bytes).
    Removing stm32f10x_gpio.o(i.GPIO_ReadInputData), (6 bytes).
    Removing stm32f10x_gpio.o(i.GPIO_ReadOutputData), (6 bytes).
    Removing stm32f10x_gpio.o(i.GPIO_ReadOutputDataBit), (14 bytes).
    Removing stm32f10x_gpio.o(i.GPIO_StructInit), (16 bytes).
    Removing stm32f10x_gpio.o(i.GPIO_Write), (4 bytes).
    Removing stm32f10x_gpio.o(i.GPIO_WriteBit), (10 bytes).
    Removing stm32f10x_adc.o(i.ADC_AnalogWatchdogCmd), (16 bytes).
    Removing stm32f10x_adc.o(i.ADC_AnalogWatchdogSingleChannelConfig), (12 bytes).
    Removing stm32f10x_adc.o(i.ADC_AnalogWatchdogThresholdsConfig), (6 bytes).
    Removing stm32f10x_adc.o(i.ADC_AutoInjectedConvCmd), (20 bytes).
    Removing stm32f10x_adc.o(i.ADC_ClearFlag), (6 bytes).
    Removing stm32f10x_adc.o(i.ADC_ClearITPendingBit), (8 bytes).
    Removing stm32f10x_adc.o(i.ADC_Cmd), (20 bytes).
    Removing stm32f10x_adc.o(i.ADC_DMACmd), (20 bytes).
    Removing stm32f10x_adc.o(i.ADC_DeInit), (68 bytes).
    Removing stm32f10x_adc.o(i.ADC_DiscModeChannelCountConfig), (16 bytes).
    Removing stm32f10x_adc.o(i.ADC_DiscModeCmd), (20 bytes).
    Removing stm32f10x_adc.o(i.ADC_ExternalTrigConvCmd), (20 bytes).
    Removing stm32f10x_adc.o(i.ADC_ExternalTrigInjectedConvCmd), (20 bytes).
    Removing stm32f10x_adc.o(i.ADC_ExternalTrigInjectedConvConfig), (12 bytes).
    Removing stm32f10x_adc.o(i.ADC_GetCalibrationStatus), (14 bytes).
    Removing stm32f10x_adc.o(i.ADC_GetConversionValue), (6 bytes).
    Removing stm32f10x_adc.o(i.ADC_GetDualModeConversionValue), (12 bytes).
    Removing stm32f10x_adc.o(i.ADC_GetFlagStatus), (14 bytes).
    Removing stm32f10x_adc.o(i.ADC_GetITStatus), (28 bytes).
    Removing stm32f10x_adc.o(i.ADC_GetInjectedConversionValue), (14 bytes).
    Removing stm32f10x_adc.o(i.ADC_GetResetCalibrationStatus), (14 bytes).
    Removing stm32f10x_adc.o(i.ADC_GetSoftwareStartConvStatus), (14 bytes).
    Removing stm32f10x_adc.o(i.ADC_GetSoftwareStartInjectedConvCmdStatus), (14 bytes).
    Removing stm32f10x_adc.o(i.ADC_ITConfig), (18 bytes).
    Removing stm32f10x_adc.o(i.ADC_Init), (72 bytes).
    Removing stm32f10x_adc.o(i.ADC_InjectedChannelConfig), (74 bytes).
    Removing stm32f10x_adc.o(i.ADC_InjectedDiscModeCmd), (20 bytes).
    Removing stm32f10x_adc.o(i.ADC_InjectedSequencerLengthConfig), (16 bytes).
    Removing stm32f10x_adc.o(i.ADC_RegularChannelConfig), (116 bytes).
    Removing stm32f10x_adc.o(i.ADC_ResetCalibration), (10 bytes).
    Removing stm32f10x_adc.o(i.ADC_SetInjectedOffset), (10 bytes).
    Removing stm32f10x_adc.o(i.ADC_SoftwareStartConvCmd), (20 bytes).
    Removing stm32f10x_adc.o(i.ADC_SoftwareStartInjectedConvCmd), (20 bytes).
    Removing stm32f10x_adc.o(i.ADC_StartCalibration), (10 bytes).
    Removing stm32f10x_adc.o(i.ADC_StructInit), (18 bytes).
    Removing stm32f10x_adc.o(i.ADC_TempSensorVrefintCmd), (28 bytes).
    Removing stm32f10x_exti.o(i.EXTI_ClearFlag), (12 bytes).
    Removing stm32f10x_exti.o(i.EXTI_DeInit), (36 bytes).
    Removing stm32f10x_exti.o(i.EXTI_GenerateSWInterrupt), (16 bytes).
    Removing stm32f10x_exti.o(i.EXTI_GetFlagStatus), (20 bytes).
    Removing stm32f10x_exti.o(i.EXTI_StructInit), (14 bytes).
    Removing stm32f10x_rcc.o(i.RCC_ADCCLKConfig), (20 bytes).
    Removing stm32f10x_rcc.o(i.RCC_AHBPeriphClockCmd), (24 bytes).
    Removing stm32f10x_rcc.o(i.RCC_APB1PeriphClockCmd), (24 bytes).
    Removing stm32f10x_rcc.o(i.RCC_APB1PeriphResetCmd), (24 bytes).
    Removing stm32f10x_rcc.o(i.RCC_APB2PeriphResetCmd), (24 bytes).
    Removing stm32f10x_rcc.o(i.RCC_AdjustHSICalibrationValue), (20 bytes).
    Removing stm32f10x_rcc.o(i.RCC_BackupResetCmd), (12 bytes).
    Removing stm32f10x_rcc.o(i.RCC_ClearFlag), (16 bytes).
    Removing stm32f10x_rcc.o(i.RCC_ClearITPendingBit), (12 bytes).
    Removing stm32f10x_rcc.o(i.RCC_ClockSecuritySystemCmd), (12 bytes).
    Removing stm32f10x_rcc.o(i.RCC_GetClocksFreq), (160 bytes).
    Removing stm32f10x_rcc.o(i.RCC_GetFlagStatus), (48 bytes).
    Removing stm32f10x_rcc.o(i.RCC_GetITStatus), (20 bytes).
    Removing stm32f10x_rcc.o(i.RCC_GetSYSCLKSource), (16 bytes).
    Removing stm32f10x_rcc.o(i.RCC_HCLKConfig), (20 bytes).
    Removing stm32f10x_rcc.o(i.RCC_HSEConfig), (52 bytes).
    Removing stm32f10x_rcc.o(i.RCC_HSICmd), (12 bytes).
    Removing stm32f10x_rcc.o(i.RCC_ITConfig), (24 bytes).
    Removing stm32f10x_rcc.o(i.RCC_LSEConfig), (32 bytes).
    Removing stm32f10x_rcc.o(i.RCC_LSICmd), (12 bytes).
    Removing stm32f10x_rcc.o(i.RCC_MCOConfig), (12 bytes).
    Removing stm32f10x_rcc.o(i.RCC_PCLK1Config), (20 bytes).
    Removing stm32f10x_rcc.o(i.RCC_PCLK2Config), (20 bytes).
    Removing stm32f10x_rcc.o(i.RCC_PLLCmd), (12 bytes).
    Removing stm32f10x_rcc.o(i.RCC_PLLConfig), (20 bytes).
    Removing stm32f10x_rcc.o(i.RCC_RTCCLKCmd), (12 bytes).
    Removing stm32f10x_rcc.o(i.RCC_RTCCLKConfig), (16 bytes).
    Removing stm32f10x_rcc.o(i.RCC_SYSCLKConfig), (20 bytes).
    Removing stm32f10x_rcc.o(i.RCC_USBCLKConfig), (12 bytes).
    Removing stm32f10x_rcc.o(i.RCC_WaitForHSEStartUp), (44 bytes).
    Removing stm32f10x_rcc.o(.data), (20 bytes).
    Removing stm32f10x_spi.o(i.I2S_Cmd), (20 bytes).
    Removing stm32f10x_spi.o(i.I2S_Init), (152 bytes).
    Removing stm32f10x_spi.o(i.I2S_StructInit), (18 bytes).
    Removing stm32f10x_spi.o(i.SPI_BiDirectionalLineConfig), (22 bytes).
    Removing stm32f10x_spi.o(i.SPI_CalculateCRC), (20 bytes).
    Removing stm32f10x_spi.o(i.SPI_Cmd), (20 bytes).
    Removing stm32f10x_spi.o(i.SPI_DataSizeConfig), (16 bytes).
    Removing stm32f10x_spi.o(i.SPI_GetCRC), (12 bytes).
    Removing stm32f10x_spi.o(i.SPI_GetCRCPolynomial), (4 bytes).
    Removing stm32f10x_spi.o(i.SPI_I2S_ClearFlag), (6 bytes).
    Removing stm32f10x_spi.o(i.SPI_I2S_ClearITPendingBit), (14 bytes).
    Removing stm32f10x_spi.o(i.SPI_I2S_DMACmd), (16 bytes).
    Removing stm32f10x_spi.o(i.SPI_I2S_DeInit), (84 bytes).
    Removing stm32f10x_spi.o(i.SPI_I2S_GetFlagStatus), (14 bytes).
    Removing stm32f10x_spi.o(i.SPI_I2S_GetITStatus), (42 bytes).
    Removing stm32f10x_spi.o(i.SPI_I2S_ITConfig), (24 bytes).
    Removing stm32f10x_spi.o(i.SPI_I2S_ReceiveData), (4 bytes).
    Removing stm32f10x_spi.o(i.SPI_I2S_SendData), (4 bytes).
    Removing stm32f10x_spi.o(i.SPI_Init), (56 bytes).
    Removing stm32f10x_spi.o(i.SPI_NSSInternalSoftwareConfig), (24 bytes).
    Removing stm32f10x_spi.o(i.SPI_SSOutputCmd), (20 bytes).
    Removing stm32f10x_spi.o(i.SPI_StructInit), (24 bytes).
    Removing stm32f10x_spi.o(i.SPI_TransmitCRC), (10 bytes).
    Removing stm32fx_delay.o(i.DelayMs), (16 bytes).
    Removing stm32fx_delay.o(i.DelayUs), (16 bytes).
    Removing stm32fx_delay.o(i.delay), (24 bytes).
    Removing stm32f10x_pwr.o(i.PWR_BackupAccessCmd), (12 bytes).
    Removing stm32f10x_pwr.o(i.PWR_ClearFlag), (16 bytes).
    Removing stm32f10x_pwr.o(i.PWR_DeInit), (24 bytes).
    Removing stm32f10x_pwr.o(i.PWR_EnterSTANDBYMode), (40 bytes).
    Removing stm32f10x_pwr.o(i.PWR_GetFlagStatus), (20 bytes).
    Removing stm32f10x_pwr.o(i.PWR_PVDCmd), (12 bytes).
    Removing stm32f10x_pwr.o(i.PWR_PVDLevelConfig), (20 bytes).
    Removing stm32f10x_pwr.o(i.PWR_WakeUpPinCmd), (12 bytes).
    Removing stm32f10x_flash.o(i.FLASH_ClearFlag), (12 bytes).
    Removing stm32f10x_flash.o(i.FLASH_EnableWriteProtection), (172 bytes).
    Removing stm32f10x_flash.o(i.FLASH_EraseAllBank1Pages), (56 bytes).
    Removing stm32f10x_flash.o(i.FLASH_EraseAllPages), (56 bytes).
    Removing stm32f10x_flash.o(i.FLASH_EraseOptionBytes), (124 bytes).
    Removing stm32f10x_flash.o(i.FLASH_ErasePage), (60 bytes).
    Removing stm32f10x_flash.o(i.FLASH_GetBank1Status), (40 bytes).
    Removing stm32f10x_flash.o(i.FLASH_GetFlagStatus), (32 bytes).
    Removing stm32f10x_flash.o(i.FLASH_GetPrefetchBufferStatus), (20 bytes).
    Removing stm32f10x_flash.o(i.FLASH_GetReadOutProtectionStatus), (20 bytes).
    Removing stm32f10x_flash.o(i.FLASH_GetStatus), (40 bytes).
    Removing stm32f10x_flash.o(i.FLASH_GetUserOptionByte), (12 bytes).
    Removing stm32f10x_flash.o(i.FLASH_GetWriteProtectionOptionByte), (12 bytes).
    Removing stm32f10x_flash.o(i.FLASH_HalfCycleAccessCmd), (24 bytes).
    Removing stm32f10x_flash.o(i.FLASH_ITConfig), (24 bytes).
    Removing stm32f10x_flash.o(i.FLASH_Lock), (16 bytes).
    Removing stm32f10x_flash.o(i.FLASH_LockBank1), (16 bytes).
    Removing stm32f10x_flash.o(i.FLASH_PrefetchBufferCmd), (24 bytes).
    Removing stm32f10x_flash.o(i.FLASH_ProgramHalfWord), (52 bytes).
    Removing stm32f10x_flash.o(i.FLASH_ProgramOptionByteData), (76 bytes).
    Removing stm32f10x_flash.o(i.FLASH_ProgramWord), (80 bytes).
    Removing stm32f10x_flash.o(i.FLASH_ReadHalfWord), (4 bytes).
    Removing stm32f10x_flash.o(i.FLASH_ReadOutProtection), (136 bytes).
    Removing stm32f10x_flash.o(i.FLASH_ReadWord), (4 bytes).
    Removing stm32f10x_flash.o(i.FLASH_SetLatency), (20 bytes).
    Removing stm32f10x_flash.o(i.FLASH_Unlock), (24 bytes).
    Removing stm32f10x_flash.o(i.FLASH_UnlockBank1), (24 bytes).
    Removing stm32f10x_flash.o(i.FLASH_UserOptionByteConfig), (96 bytes).
    Removing stm32f10x_flash.o(i.FLASH_WaitForLastBank1Operation), (36 bytes).
    Removing stm32f10x_flash.o(i.FLASH_WaitForLastOperation), (36 bytes).
    Removing stm32f10x_i2c_boot.o(i.I2C_Ack), (52 bytes).
    Removing stm32f10x_i2c_boot.o(i.I2C_INIT), (76 bytes).
    Removing stm32f10x_i2c_boot.o(i.I2C_NoAck), (52 bytes).
    Removing stm32f10x_i2c_boot.o(i.I2C_RadeByte), (84 bytes).
    Removing stm32f10x_i2c_boot.o(i.I2C_Read), (102 bytes).
    Removing stm32f10x_i2c_boot.o(i.I2C_SendByte), (80 bytes).
    Removing stm32f10x_i2c_boot.o(i.I2C_Start), (64 bytes).
    Removing stm32f10x_i2c_boot.o(i.I2C_Stop), (52 bytes).
    Removing stm32f10x_i2c_boot.o(i.I2C_WaitAck), (72 bytes).
    Removing stm32f10x_i2c_boot.o(i.I2C_delay), (6 bytes).
    Removing stm32f10x_i2c_boot.o(i.Single_Read), (82 bytes).
    Removing stm32f10x_i2c_boot.o(i.Single_Write), (70 bytes).
    Removing stm32f10x_i2c_boot.o(i.delay5ms), (6 bytes).
    Removing hw_config.o(i.Enter_LowPowerMode), (12 bytes).
    Removing hw_config.o(i.Set_System), (112 bytes).
    Removing hw_config.o(i.Set_USBClock), (20 bytes).
    Removing hw_config.o(i.USB_Config), (22 bytes).
    Removing hw_config.o(i.USB_Interrupts_Config), (50 bytes).
    Removing hw_config.o(i.USB_RxRead), (16 bytes).
    Removing hw_config.o(i.USB_TxWrite), (16 bytes).
    Removing hw_config.o(i.fgetc), (20 bytes).
    Removing hw_config.o(i.fputc), (14 bytes).
    Removing hw_config.o(.bss), (16 bytes).
    Removing hw_config.o(.data), (1 bytes).
    Removing hw_config.o(.data), (8 bytes).
    Removing usb_prop.o(i.Virtual_Com_Port_SetConfiguration), (24 bytes).
    Removing usb_prop.o(i.Virtual_Com_Port_SetDeviceAddress), (12 bytes).
    Removing usb_prop.o(.data), (36 bytes).
    Removing usb_pwr.o(i.PowerOff), (32 bytes).
    Removing usb_init.o(i.USB_Init), (40 bytes).
    Removing usb_init.o(.data), (2 bytes).
    Removing usb_int.o(i.CTR_HP), (128 bytes).
    Removing usb_queue.o(i.QUEUE_PacketCharSplit), (116 bytes).
    Removing usb_queue.o(i.QUEUE_PacketCreate), (12 bytes).
    Removing usb_queue.o(i.QUEUE_PacketDoubleEndCharSplit), (132 bytes).
    Removing usb_queue.o(i.QUEUE_PacketLengthGet), (40 bytes).
    Removing usb_queue.o(i.QUEUE_PacketStartEndCharSplit), (196 bytes).
    Removing usb_queue.o(i.QUEUE_PacketStartEndDifferentCharSplit), (182 bytes).
    Removing usb_queue.o(i.QUEUE_StructCountGet), (34 bytes).
    Removing usb_queue.o(i.QUEUE_StructCreate), (20 bytes).
    Removing usb_queue.o(i.QUEUE_StructIn), (68 bytes).
    Removing usb_queue.o(i.QUEUE_StructOut), (78 bytes).
    Removing usb_regs.o(i.ClearEPDoubleBuff), (32 bytes).
    Removing usb_regs.o(i.ClearEP_CTR_RX), (28 bytes).
    Removing usb_regs.o(i.ClearEP_CTR_TX), (28 bytes).
    Removing usb_regs.o(i.ClearEP_KIND), (32 bytes).
    Removing usb_regs.o(i.FreeUserBuffer), (52 bytes).
    Removing usb_regs.o(i.GetBTABLE), (12 bytes).
    Removing usb_regs.o(i.GetCNTR), (12 bytes).
    Removing usb_regs.o(i.GetDADDR), (12 bytes).
    Removing usb_regs.o(i.GetENDPOINT), (20 bytes).
    Removing usb_regs.o(i.GetEPAddress), (20 bytes).
    Removing usb_regs.o(i.GetEPDblBuf0Addr), (28 bytes).
    Removing usb_regs.o(i.GetEPDblBuf0Count), (32 bytes).
    Removing usb_regs.o(i.GetEPDblBuf1Addr), (32 bytes).
    Removing usb_regs.o(i.GetEPDblBuf1Count), (32 bytes).
    Removing usb_regs.o(i.GetEPDblBufDir), (60 bytes).
    Removing usb_regs.o(i.GetEPRxStatus), (24 bytes).
    Removing usb_regs.o(i.GetEPTxCount), (32 bytes).
    Removing usb_regs.o(i.GetEPTxStatus), (24 bytes).
    Removing usb_regs.o(i.GetEPType), (24 bytes).
    Removing usb_regs.o(i.GetFNR), (12 bytes).
    Removing usb_regs.o(i.GetISTR), (12 bytes).
    Removing usb_regs.o(i.GetRxStallStatus), (28 bytes).
    Removing usb_regs.o(i.GetTxStallStatus), (28 bytes).
    Removing usb_regs.o(i.SetCNTR), (12 bytes).
    Removing usb_regs.o(i.SetDADDR), (12 bytes).
    Removing usb_regs.o(i.SetDouBleBuffEPStall), (44 bytes).
    Removing usb_regs.o(i.SetENDPOINT), (16 bytes).
    Removing usb_regs.o(i.SetEPAddress), (36 bytes).
    Removing usb_regs.o(i.SetEPCountRxReg), (38 bytes).
    Removing usb_regs.o(i.SetEPDblBuf0Addr), (32 bytes).
    Removing usb_regs.o(i.SetEPDblBuf0Count), (92 bytes).
    Removing usb_regs.o(i.SetEPDblBuf1Addr), (32 bytes).
    Removing usb_regs.o(i.SetEPDblBuf1Count), (92 bytes).
    Removing usb_regs.o(i.SetEPDblBuffAddr), (52 bytes).
    Removing usb_regs.o(i.SetEPDblBuffCount), (164 bytes).
    Removing usb_regs.o(i.SetEPDoubleBuff), (32 bytes).
    Removing usb_regs.o(i.SetEP_KIND), (32 bytes).
    Removing usb_regs.o(i.SetISTR), (12 bytes).
    Removing usb_regs.o(i.Set_Status_Out), (32 bytes).
    Removing usb_regs.o(i.ToWord), (6 bytes).
    Removing usb_regs.o(i.ToggleDTOG_RX), (32 bytes).
    Removing usb_regs.o(i.ToggleDTOG_TX), (32 bytes).
    Removing usb_sil.o(i.USB_SIL_Write), (38 bytes).
    Removing boot_main.o(i.PowerOFF), (38 bytes).
    Removing boot_main.o(i.bq_reset), (102 bytes).
    Removing boot_main.o(i.charge_handle), (308 bytes).
    Removing boot_main.o(i.sf_update_check), (756 bytes).
    Removing boot_main.o(.bss), (1010 bytes).
    Removing dadd.o(.text), (334 bytes).
    Removing dmul.o(.text), (228 bytes).
    Removing ddiv.o(.text), (222 bytes).
    Removing dfixul.o(.text), (48 bytes).
    Removing cdrcmple.o(.text), (48 bytes).
    Removing depilogue.o(.text), (186 bytes).

279 unused section(s) (total 12747 bytes) removed from the image.

==============================================================================

Image Symbol Table

    Local Symbols

    Symbol Name                              Value     Ov Type        Size  Object(Section)

    ../clib/microlib/division.c              0x00000000   Number         0  uidiv.o ABSOLUTE
    ../clib/microlib/division.c              0x00000000   Number         0  uldiv.o ABSOLUTE
    ../clib/microlib/init/entry.s            0x00000000   Number         0  entry11b.o ABSOLUTE
    ../clib/microlib/init/entry.s            0x00000000   Number         0  entry9a.o ABSOLUTE
    ../clib/microlib/init/entry.s            0x00000000   Number         0  entry10a.o ABSOLUTE
    ../clib/microlib/init/entry.s            0x00000000   Number         0  entry11a.o ABSOLUTE
    ../clib/microlib/init/entry.s            0x00000000   Number         0  entry2.o ABSOLUTE
    ../clib/microlib/init/entry.s            0x00000000   Number         0  entry10b.o ABSOLUTE
    ../clib/microlib/init/entry.s            0x00000000   Number         0  entry9b.o ABSOLUTE
    ../clib/microlib/init/entry.s            0x00000000   Number         0  entry5.o ABSOLUTE
    ../clib/microlib/init/entry.s            0x00000000   Number         0  entry.o ABSOLUTE
    ../clib/microlib/init/entry.s            0x00000000   Number         0  entry8a.o ABSOLUTE
    ../clib/microlib/init/entry.s            0x00000000   Number         0  entry7a.o ABSOLUTE
    ../clib/microlib/init/entry.s            0x00000000   Number         0  entry7b.o ABSOLUTE
    ../clib/microlib/init/entry.s            0x00000000   Number         0  entry8b.o ABSOLUTE
    ../clib/microlib/longlong.c              0x00000000   Number         0  llshl.o ABSOLUTE
    ../clib/microlib/longlong.c              0x00000000   Number         0  llsshr.o ABSOLUTE
    ../clib/microlib/longlong.c              0x00000000   Number         0  llushr.o ABSOLUTE
    ../clib/microlib/printf/printf.c         0x00000000   Number         0  printf5.o ABSOLUTE
    ../clib/microlib/printf/printf.c         0x00000000   Number         0  printf4.o ABSOLUTE
    ../clib/microlib/printf/printf.c         0x00000000   Number         0  printf7.o ABSOLUTE
    ../clib/microlib/printf/printf.c         0x00000000   Number         0  printf8.o ABSOLUTE
    ../clib/microlib/printf/printf.c         0x00000000   Number         0  printfa.o ABSOLUTE
    ../clib/microlib/printf/printf.c         0x00000000   Number         0  printfb.o ABSOLUTE
    ../clib/microlib/printf/printf.c         0x00000000   Number         0  printf0.o ABSOLUTE
    ../clib/microlib/printf/printf.c         0x00000000   Number         0  printf1.o ABSOLUTE
    ../clib/microlib/printf/printf.c         0x00000000   Number         0  printf6.o ABSOLUTE
    ../clib/microlib/printf/printf.c         0x00000000   Number         0  printf2.o ABSOLUTE
    ../clib/microlib/printf/printf.c         0x00000000   Number         0  printf3.o ABSOLUTE
    ../clib/microlib/printf/stubs.s          0x00000000   Number         0  stubs.o ABSOLUTE
    ../clib/microlib/stdio/streams.c         0x00000000   Number         0  stdout.o ABSOLUTE
    ../clib/microlib/string/memcpy.c         0x00000000   Number         0  memcpya.o ABSOLUTE
    ../clib/microlib/string/memcpy.c         0x00000000   Number         0  memcpyb.o ABSOLUTE
    ../clib/microlib/string/strcmp.c         0x00000000   Number         0  strcmp.o ABSOLUTE
    ../clib/microlib/stubs.s                 0x00000000   Number         0  iusefp.o ABSOLUTE
    ../fplib/microlib/fpadd.c                0x00000000   Number         0  dadd.o ABSOLUTE
    ../fplib/microlib/fpdiv.c                0x00000000   Number         0  ddiv.o ABSOLUTE
    ../fplib/microlib/fpepilogue.c           0x00000000   Number         0  depilogue.o ABSOLUTE
    ../fplib/microlib/fpfix.c                0x00000000   Number         0  dfixul.o ABSOLUTE
    ../fplib/microlib/fpmul.c                0x00000000   Number         0  dmul.o ABSOLUTE
    ..\..\Libraries\CMSIS\core_cm3.c         0x00000000   Number         0  core_cm3.o ABSOLUTE
    ..\..\Libraries\CMSIS\startup\startup_stm32f10x_md_boot.s 0x00000000   Number         0  startup_stm32f10x_md_boot.o ABSOLUTE
    ..\..\Libraries\CMSIS\system_stm32f10x.c 0x00000000   Number         0  system_stm32f10x.o ABSOLUTE
    ..\..\Libraries\Lib\src\misc.c           0x00000000   Number         0  misc.o ABSOLUTE
    ..\..\Libraries\Lib\src\stm32f10x_adc.c  0x00000000   Number         0  stm32f10x_adc.o ABSOLUTE
    ..\..\Libraries\Lib\src\stm32f10x_exti.c 0x00000000   Number         0  stm32f10x_exti.o ABSOLUTE
    ..\..\Libraries\Lib\src\stm32f10x_flash.c 0x00000000   Number         0  stm32f10x_flash.o ABSOLUTE
    ..\..\Libraries\Lib\src\stm32f10x_gpio.c 0x00000000   Number         0  stm32f10x_gpio.o ABSOLUTE
    ..\..\Libraries\Lib\src\stm32f10x_i2c_boot.c 0x00000000   Number         0  stm32f10x_i2c_boot.o ABSOLUTE
    ..\..\Libraries\Lib\src\stm32f10x_pwr.c  0x00000000   Number         0  stm32f10x_pwr.o ABSOLUTE
    ..\..\Libraries\Lib\src\stm32f10x_rcc.c  0x00000000   Number         0  stm32f10x_rcc.o ABSOLUTE
    ..\..\Libraries\Lib\src\stm32f10x_spi.c  0x00000000   Number         0  stm32f10x_spi.o ABSOLUTE
    ..\..\Libraries\Lib\src\stm32f10x_usart.c 0x00000000   Number         0  stm32f10x_usart.o ABSOLUTE
    ..\..\Libraries\Lib\src\stm32fx_delay.c  0x00000000   Number         0  stm32fx_delay.o ABSOLUTE
    ..\..\Libraries\USB\lib\hw_config.c      0x00000000   Number         0  hw_config.o ABSOLUTE
    ..\..\Libraries\USB\lib\usb_desc.c       0x00000000   Number         0  usb_desc.o ABSOLUTE
    ..\..\Libraries\USB\lib\usb_endp.c       0x00000000   Number         0  usb_endp.o ABSOLUTE
    ..\..\Libraries\USB\lib\usb_istr.c       0x00000000   Number         0  usb_istr.o ABSOLUTE
    ..\..\Libraries\USB\lib\usb_it.c         0x00000000   Number         0  usb_it.o ABSOLUTE
    ..\..\Libraries\USB\lib\usb_prop.c       0x00000000   Number         0  usb_prop.o ABSOLUTE
    ..\..\Libraries\USB\lib\usb_pwr.c        0x00000000   Number         0  usb_pwr.o ABSOLUTE
    ..\..\Libraries\USB\src\usb_core.c       0x00000000   Number         0  usb_core.o ABSOLUTE
    ..\..\Libraries\USB\src\usb_init.c       0x00000000   Number         0  usb_init.o ABSOLUTE
    ..\..\Libraries\USB\src\usb_int.c        0x00000000   Number         0  usb_int.o ABSOLUTE
    ..\..\Libraries\USB\src\usb_mem.c        0x00000000   Number         0  usb_mem.o ABSOLUTE
    ..\..\Libraries\USB\src\usb_queue.c      0x00000000   Number         0  usb_queue.o ABSOLUTE
    ..\..\Libraries\USB\src\usb_regs.c       0x00000000   Number         0  usb_regs.o ABSOLUTE
    ..\..\Libraries\USB\src\usb_sil.c        0x00000000   Number         0  usb_sil.o ABSOLUTE
    ..\..\User\bootloader\boot_main.c        0x00000000   Number         0  boot_main.o ABSOLUTE
    ..\..\User\bootloader\stm32f10x_it.c     0x00000000   Number         0  stm32f10x_it.o ABSOLUTE
    ..\\..\\Libraries\\CMSIS\\core_cm3.c     0x00000000   Number         0  core_cm3.o ABSOLUTE
    ..\\..\\User\\bootloader\\boot_main.c    0x00000000   Number         0  boot_main.o ABSOLUTE
    cdrcmple.s                               0x00000000   Number         0  cdrcmple.o ABSOLUTE
    dc.s                                     0x00000000   Number         0  dc.o ABSOLUTE
    handlers.s                               0x00000000   Number         0  handlers.o ABSOLUTE
    init.s                                   0x00000000   Number         0  init.o ABSOLUTE
    RESET                                    0x08000000   Section      236  startup_stm32f10x_md_boot.o(RESET)
    .ARM.Collect$$$$00000000                 0x080000ec   Section        0  entry.o(.ARM.Collect$$$$00000000)
    .ARM.Collect$$$$00000001                 0x080000ec   Section        4  entry2.o(.ARM.Collect$$$$00000001)
    .ARM.Collect$$$$00000004                 0x080000f0   Section        4  entry5.o(.ARM.Collect$$$$00000004)
    .ARM.Collect$$$$00000008                 0x080000f4   Section        0  entry7b.o(.ARM.Collect$$$$00000008)
    .ARM.Collect$$$$0000000A                 0x080000f4   Section        0  entry8b.o(.ARM.Collect$$$$0000000A)
    .ARM.Collect$$$$0000000B                 0x080000f4   Section        8  entry9a.o(.ARM.Collect$$$$0000000B)
    .ARM.Collect$$$$0000000D                 0x080000fc   Section        0  entry10a.o(.ARM.Collect$$$$0000000D)
    .ARM.Collect$$$$0000000F                 0x080000fc   Section        0  entry11a.o(.ARM.Collect$$$$0000000F)
    .ARM.Collect$$$$00002712                 0x080000fc   Section        4  entry2.o(.ARM.Collect$$$$00002712)
    __lit__00000000                          0x080000fc   Data           4  entry2.o(.ARM.Collect$$$$00002712)
    .emb_text                                0x08000100   Section       32  core_cm3.o(.emb_text)
    .emb_text                                0x08000120   Section       24  boot_main.o(.emb_text)
    .text                                    0x08000138   Section       36  startup_stm32f10x_md_boot.o(.text)
    .text                                    0x0800015c   Section       36  init.o(.text)
    i.BusFault_Handler                       0x08000180   Section        0  stm32f10x_it.o(i.BusFault_Handler)
    i.ByteSwap                               0x08000182   Section        0  usb_regs.o(i.ByteSwap)
    i.CTR_LP                                 0x0800018c   Section        0  usb_int.o(i.CTR_LP)
    i.ClearDTOG_RX                           0x080002e8   Section        0  usb_regs.o(i.ClearDTOG_RX)
    i.ClearDTOG_TX                           0x08000310   Section        0  usb_regs.o(i.ClearDTOG_TX)
    i.Clear_Status_Out                       0x08000338   Section        0  usb_regs.o(i.Clear_Status_Out)
    i.DataStageIn                            0x08000358   Section        0  usb_core.o(i.DataStageIn)
    DataStageIn                              0x08000359   Thumb Code   156  usb_core.o(i.DataStageIn)
    i.DataStageOut                           0x0800040c   Section        0  usb_core.o(i.DataStageOut)
    DataStageOut                             0x0800040d   Thumb Code   142  usb_core.o(i.DataStageOut)
    i.Data_Setup0                            0x080004b0   Section        0  usb_core.o(i.Data_Setup0)
    Data_Setup0                              0x080004b1   Thumb Code   376  usb_core.o(i.Data_Setup0)
    i.DebugMon_Handler                       0x0800064c   Section        0  stm32f10x_it.o(i.DebugMon_Handler)
    i.DelayMs_Tick                           0x0800064e   Section        0  stm32fx_delay.o(i.DelayMs_Tick)
    i.DelayUs_Tick                           0x08000660   Section        0  stm32fx_delay.o(i.DelayUs_Tick)
    i.EP1_IN_Callback                        0x0800068c   Section        0  usb_endp.o(i.EP1_IN_Callback)
    i.EP3_OUT_Callback                       0x080006d0   Section        0  usb_endp.o(i.EP3_OUT_Callback)
    i.EXTI3_IRQHandler                       0x080006f0   Section        0  boot_main.o(i.EXTI3_IRQHandler)
    i.EXTI_ClearITPendingBit                 0x08000710   Section        0  stm32f10x_exti.o(i.EXTI_ClearITPendingBit)
    i.EXTI_GetITStatus                       0x0800071c   Section        0  stm32f10x_exti.o(i.EXTI_GetITStatus)
    i.EXTI_Init                              0x0800073c   Section        0  stm32f10x_exti.o(i.EXTI_Init)
    i.GPIO_EXTILineConfig                    0x080007ac   Section        0  stm32f10x_gpio.o(i.GPIO_EXTILineConfig)
    i.GPIO_Init                              0x080007d4   Section        0  stm32f10x_gpio.o(i.GPIO_Init)
    i.GPIO_PinRemapConfig                    0x08000878   Section        0  stm32f10x_gpio.o(i.GPIO_PinRemapConfig)
    i.GPIO_QuickInit                         0x080008d0   Section        0  stm32f10x_gpio.o(i.GPIO_QuickInit)
    i.GPIO_ReadInputDataBit                  0x080008f8   Section        0  stm32f10x_gpio.o(i.GPIO_ReadInputDataBit)
    i.GPIO_ResetBits                         0x08000906   Section        0  stm32f10x_gpio.o(i.GPIO_ResetBits)
    i.GPIO_SetBits                           0x0800090a   Section        0  stm32f10x_gpio.o(i.GPIO_SetBits)
    i.GetEPRxAddr                            0x08000910   Section        0  usb_regs.o(i.GetEPRxAddr)
    i.GetEPRxCount                           0x08000930   Section        0  usb_regs.o(i.GetEPRxCount)
    i.GetEPTxAddr                            0x08000950   Section        0  usb_regs.o(i.GetEPTxAddr)
    i.Get_SerialNum                          0x0800096c   Section        0  hw_config.o(i.Get_SerialNum)
    i.HardFault_Handler                      0x080009a0   Section        0  stm32f10x_it.o(i.HardFault_Handler)
    i.In0_Process                            0x080009a4   Section        0  usb_core.o(i.In0_Process)
    i.Init_SysTick                           0x08000a00   Section        0  stm32fx_delay.o(i.Init_SysTick)
    i.IntToUnicode                           0x08000a24   Section        0  hw_config.o(i.IntToUnicode)
    IntToUnicode                             0x08000a25   Thumb Code    56  hw_config.o(i.IntToUnicode)
    i.Jump_To_APP                            0x08000a5c   Section        0  boot_main.o(i.Jump_To_APP)
    i.Key_Init                               0x08000a94   Section        0  boot_main.o(i.Key_Init)
    i.Key_Int_Init                           0x08000ab8   Section        0  boot_main.o(i.Key_Int_Init)
    i.Leave_LowPowerMode                     0x08000b14   Section        0  hw_config.o(i.Leave_LowPowerMode)
    i.MemManage_Handler                      0x08000b30   Section        0  stm32f10x_it.o(i.MemManage_Handler)
    i.NMI_Handler                            0x08000b32   Section        0  stm32f10x_it.o(i.NMI_Handler)
    i.NOP_Process                            0x08000b34   Section        0  usb_core.o(i.NOP_Process)
    i.NVIC_DeInit                            0x08000b36   Section        0  boot_main.o(i.NVIC_DeInit)
    i.NVIC_Init                              0x08000b6c   Section        0  misc.o(i.NVIC_Init)
    i.NVIC_SetVectorTable                    0x08000bd0   Section        0  misc.o(i.NVIC_SetVectorTable)
    i.NoData_Setup0                          0x08000be4   Section        0  usb_core.o(i.NoData_Setup0)
    NoData_Setup0                            0x08000be5   Thumb Code   190  usb_core.o(i.NoData_Setup0)
    i.Out0_Process                           0x08000cb8   Section        0  usb_core.o(i.Out0_Process)
    i.PMAToUserBufferCopy                    0x08000d00   Section        0  usb_mem.o(i.PMAToUserBufferCopy)
    i.PWR_EnterSTOPMode                      0x08000d20   Section        0  stm32f10x_pwr.o(i.PWR_EnterSTOPMode)
    i.PendSV_Handler                         0x08000d54   Section        0  stm32f10x_it.o(i.PendSV_Handler)
    i.Post0_Process                          0x08000d58   Section        0  usb_core.o(i.Post0_Process)
    i.PowerOn                                0x08000d9c   Section        0  usb_pwr.o(i.PowerOn)
    i.Power_OFF                              0x08000dc8   Section        0  boot_main.o(i.Power_OFF)
    i.QUEUE_PacketIn                         0x08000e38   Section        0  usb_queue.o(i.QUEUE_PacketIn)
    i.QUEUE_PacketOut                        0x08000e68   Section        0  usb_queue.o(i.QUEUE_PacketOut)
    i.RCC_APB2PeriphClockCmd                 0x08000ea0   Section        0  stm32f10x_rcc.o(i.RCC_APB2PeriphClockCmd)
    i.RCC_DeInit                             0x08000eb8   Section        0  stm32f10x_rcc.o(i.RCC_DeInit)
    i.Resume                                 0x08000ef8   Section        0  usb_pwr.o(i.Resume)
    i.Resume_Init                            0x08000f8c   Section        0  usb_pwr.o(i.Resume_Init)
    i.SOF_Callback                           0x08000fac   Section        0  usb_endp.o(i.SOF_Callback)
    i.SetBTABLE                              0x08001004   Section        0  usb_regs.o(i.SetBTABLE)
    i.SetDeviceAddress                       0x08001014   Section        0  usb_core.o(i.SetDeviceAddress)
    i.SetEPRxAddr                            0x0800105c   Section        0  usb_regs.o(i.SetEPRxAddr)
    i.SetEPRxCount                           0x0800107c   Section        0  usb_regs.o(i.SetEPRxCount)
    i.SetEPRxStatus                          0x080010bc   Section        0  usb_regs.o(i.SetEPRxStatus)
    i.SetEPRxValid                           0x080010ec   Section        0  usb_regs.o(i.SetEPRxValid)
    i.SetEPTxAddr                            0x08001110   Section        0  usb_regs.o(i.SetEPTxAddr)
    i.SetEPTxCount                           0x08001130   Section        0  usb_regs.o(i.SetEPTxCount)
    i.SetEPTxStatus                          0x0800114c   Section        0  usb_regs.o(i.SetEPTxStatus)
    i.SetEPTxValid                           0x0800117c   Section        0  usb_regs.o(i.SetEPTxValid)
    i.SetEPType                              0x080011a0   Section        0  usb_regs.o(i.SetEPType)
    i.SetSysClockTo72                        0x080011bc   Section        0  system_stm32f10x.o(i.SetSysClockTo72)
    SetSysClockTo72                          0x080011bd   Thumb Code   160  system_stm32f10x.o(i.SetSysClockTo72)
    i.Setup0_Process                         0x08001264   Section        0  usb_core.o(i.Setup0_Process)
    i.Standard_ClearFeature                  0x080012cc   Section        0  usb_core.o(i.Standard_ClearFeature)
    i.Standard_GetConfiguration              0x080013c8   Section        0  usb_core.o(i.Standard_GetConfiguration)
    i.Standard_GetDescriptorData             0x080013f0   Section        0  usb_core.o(i.Standard_GetDescriptorData)
    i.Standard_GetInterface                  0x0800140c   Section        0  usb_core.o(i.Standard_GetInterface)
    i.Standard_GetStatus                     0x08001434   Section        0  usb_core.o(i.Standard_GetStatus)
    i.Standard_SetConfiguration              0x080014c8   Section        0  usb_core.o(i.Standard_SetConfiguration)
    i.Standard_SetDeviceFeature              0x08001500   Section        0  usb_core.o(i.Standard_SetDeviceFeature)
    i.Standard_SetEndPointFeature            0x08001524   Section        0  usb_core.o(i.Standard_SetEndPointFeature)
    i.Standard_SetInterface                  0x080015ac   Section        0  usb_core.o(i.Standard_SetInterface)
    i.Suspend                                0x080015f4   Section        0  usb_pwr.o(i.Suspend)
    i.SysTick_Handler                        0x080016b4   Section        0  stm32f10x_it.o(i.SysTick_Handler)
    i.SystemInit                             0x080016b8   Section        0  system_stm32f10x.o(i.SystemInit)
    i.TIM3_IRQHandler                        0x08001708   Section        0  stm32f10x_it.o(i.TIM3_IRQHandler)
    i.USBWakeUp_IRQHandler                   0x0800171c   Section        0  usb_it.o(i.USBWakeUp_IRQHandler)
    i.USB_Cable_Config                       0x08001724   Section        0  hw_config.o(i.USB_Cable_Config)
    i.USB_Istr                               0x0800173c   Section        0  usb_istr.o(i.USB_Istr)
    i.USB_LP_CAN1_RX0_IRQHandler             0x0800188c   Section        0  usb_it.o(i.USB_LP_CAN1_RX0_IRQHandler)
    i.USB_RxWrite                            0x08001890   Section        0  hw_config.o(i.USB_RxWrite)
    i.USB_SIL_Init                           0x080018a0   Section        0  usb_sil.o(i.USB_SIL_Init)
    i.USB_SIL_Read                           0x080018c0   Section        0  usb_sil.o(i.USB_SIL_Read)
    i.USB_TxRead                             0x080018e4   Section        0  hw_config.o(i.USB_TxRead)
    i.UsageFault_Handler                     0x080018f4   Section        0  stm32f10x_it.o(i.UsageFault_Handler)
    i.UserToPMABufferCopy                    0x080018f8   Section        0  usb_mem.o(i.UserToPMABufferCopy)
    i.Virtual_Com_Port_Data_Setup            0x08001924   Section        0  usb_prop.o(i.Virtual_Com_Port_Data_Setup)
    i.Virtual_Com_Port_GetConfigDescriptor   0x08001978   Section        0  usb_prop.o(i.Virtual_Com_Port_GetConfigDescriptor)
    i.Virtual_Com_Port_GetDeviceDescriptor   0x08001984   Section        0  usb_prop.o(i.Virtual_Com_Port_GetDeviceDescriptor)
    i.Virtual_Com_Port_GetLineCoding         0x08001990   Section        0  usb_prop.o(i.Virtual_Com_Port_GetLineCoding)
    i.Virtual_Com_Port_GetStringDescriptor   0x080019ac   Section        0  usb_prop.o(i.Virtual_Com_Port_GetStringDescriptor)
    i.Virtual_Com_Port_Get_Interface_Setting 0x080019cc   Section        0  usb_prop.o(i.Virtual_Com_Port_Get_Interface_Setting)
    i.Virtual_Com_Port_NoData_Setup          0x080019dc   Section        0  usb_prop.o(i.Virtual_Com_Port_NoData_Setup)
    i.Virtual_Com_Port_Reset                 0x08001a00   Section        0  usb_prop.o(i.Virtual_Com_Port_Reset)
    i.Virtual_Com_Port_SetLineCoding         0x08001ae0   Section        0  usb_prop.o(i.Virtual_Com_Port_SetLineCoding)
    i.Virtual_Com_Port_Status_In             0x08001afc   Section        0  usb_prop.o(i.Virtual_Com_Port_Status_In)
    i.Virtual_Com_Port_Status_Out            0x08001b10   Section        0  usb_prop.o(i.Virtual_Com_Port_Status_Out)
    i.Virtual_Com_Port_init                  0x08001b14   Section        0  usb_prop.o(i.Virtual_Com_Port_init)
    i.__scatterload_copy                     0x08001b38   Section       14  handlers.o(i.__scatterload_copy)
    i.__scatterload_null                     0x08001b46   Section        2  handlers.o(i.__scatterload_null)
    i.__scatterload_zeroinit                 0x08001b48   Section       14  handlers.o(i.__scatterload_zeroinit)
    i.led_disp                               0x08001b58   Section        0  boot_main.o(i.led_disp)
    i.led_init                               0x08001bb4   Section        0  boot_main.o(i.led_init)
    i.main                                   0x08001c0c   Section        0  boot_main.o(i.main)
    i.normal_start_scan                      0x08001c70   Section        0  boot_main.o(i.normal_start_scan)
    .constdata                               0x08001cc8   Section       18  usb_desc.o(.constdata)
    .constdata                               0x08001cda   Section       67  usb_desc.o(.constdata)
    .constdata                               0x08001d1d   Section        4  usb_desc.o(.constdata)
    .constdata                               0x08001d21   Section       14  usb_desc.o(.constdata)
    .constdata                               0x08001d2f   Section       34  usb_desc.o(.constdata)
    .data                                    0x20000000   Section        8  stm32fx_delay.o(.data)
    .data                                    0x20000008   Section       34  usb_desc.o(.data)
    .data                                    0x2000002c   Section        8  usb_endp.o(.data)
    txFlg                                    0x2000002c   Data           1  usb_endp.o(.data)
    FrameCount                               0x20000030   Data           4  usb_endp.o(.data)
    .data                                    0x20000034   Section       12  usb_istr.o(.data)
    .data                                    0x20000040   Section       28  usb_istr.o(.data)
    .data                                    0x2000005c   Section       28  usb_istr.o(.data)
    .data                                    0x20000078   Section      108  usb_prop.o(.data)
    .data                                    0x200000e4   Section        2  usb_prop.o(.data)
    .data                                    0x200000e8   Section        4  usb_pwr.o(.data)
    .data                                    0x200000ec   Section        1  usb_pwr.o(.data)
    .data                                    0x200000f0   Section        8  usb_pwr.o(.data)
    .data                                    0x200000f8   Section        4  usb_core.o(.data)
    .data                                    0x200000fc   Section        1  usb_init.o(.data)
    .data                                    0x20000100   Section       12  usb_init.o(.data)
    .data                                    0x2000010c   Section        2  usb_init.o(.data)
    .data                                    0x2000010e   Section        4  usb_int.o(.data)
    .bss                                     0x20000114   Section     2592  hw_config.o(.bss)
    m_QueueUsbComRx                          0x20000114   Data          16  hw_config.o(.bss)
    m_QueueUsbComTx                          0x20000124   Data          16  hw_config.o(.bss)
    m_UsbComRxBuf                            0x20000134   Data        1280  hw_config.o(.bss)
    m_UsbComTxBuf                            0x20000634   Data        1280  hw_config.o(.bss)
    .bss                                     0x20000b34   Section      128  usb_endp.o(.bss)
    txBuffter                                0x20000b34   Data          64  usb_endp.o(.bss)
    buffter                                  0x20000b74   Data          64  usb_endp.o(.bss)
    .bss                                     0x20000bb4   Section       32  usb_pwr.o(.bss)
    .bss                                     0x20000bd4   Section       28  usb_init.o(.bss)
    STACK                                    0x20000bf0   Section     1024  startup_stm32f10x_md_boot.o(STACK)

    Global Symbols

    Symbol Name                              Value     Ov Type        Size  Object(Section)

    BuildAttributes$$THM_ISAv4$P$D$K$B$S$PE$A:L22UL41UL21$X:L11$S22US41US21$IEEE1$IW$USESV6$~STKCKD$USESV7$~SHL$OSPACE$ROPI$EBA8$MICROLIB$REQ8$PRES8$EABIv2 0x00000000   Number         0  anon$$obj.o ABSOLUTE
    __ARM_use_no_argv                        0x00000000   Number         0  boot_main.o ABSOLUTE
    _printf_a                                0x00000000   Number         0  stubs.o ABSOLUTE
    _printf_c                                0x00000000   Number         0  stubs.o ABSOLUTE
    _printf_charcount                        0x00000000   Number         0  stubs.o ABSOLUTE
    _printf_d                                0x00000000   Number         0  stubs.o ABSOLUTE
    _printf_e                                0x00000000   Number         0  stubs.o ABSOLUTE
    _printf_f                                0x00000000   Number         0  stubs.o ABSOLUTE
    _printf_flags                            0x00000000   Number         0  stubs.o ABSOLUTE
    _printf_fp_dec                           0x00000000   Number         0  stubs.o ABSOLUTE
    _printf_fp_hex                           0x00000000   Number         0  stubs.o ABSOLUTE
    _printf_g                                0x00000000   Number         0  stubs.o ABSOLUTE
    _printf_i                                0x00000000   Number         0  stubs.o ABSOLUTE
    _printf_int_dec                          0x00000000   Number         0  stubs.o ABSOLUTE
    _printf_l                                0x00000000   Number         0  stubs.o ABSOLUTE
    _printf_lc                               0x00000000   Number         0  stubs.o ABSOLUTE
    _printf_ll                               0x00000000   Number         0  stubs.o ABSOLUTE
    _printf_lld                              0x00000000   Number         0  stubs.o ABSOLUTE
    _printf_lli                              0x00000000   Number         0  stubs.o ABSOLUTE
    _printf_llo                              0x00000000   Number         0  stubs.o ABSOLUTE
    _printf_llu                              0x00000000   Number         0  stubs.o ABSOLUTE
    _printf_llx                              0x00000000   Number         0  stubs.o ABSOLUTE
    _printf_longlong_dec                     0x00000000   Number         0  stubs.o ABSOLUTE
    _printf_longlong_hex                     0x00000000   Number         0  stubs.o ABSOLUTE
    _printf_longlong_oct                     0x00000000   Number         0  stubs.o ABSOLUTE
    _printf_ls                               0x00000000   Number         0  stubs.o ABSOLUTE
    _printf_mbtowc                           0x00000000   Number         0  stubs.o ABSOLUTE
    _printf_n                                0x00000000   Number         0  stubs.o ABSOLUTE
    _printf_o                                0x00000000   Number         0  stubs.o ABSOLUTE
    _printf_p                                0x00000000   Number         0  stubs.o ABSOLUTE
    _printf_percent                          0x00000000   Number         0  stubs.o ABSOLUTE
    _printf_pre_padding                      0x00000000   Number         0  stubs.o ABSOLUTE
    _printf_return_value                     0x00000000   Number         0  stubs.o ABSOLUTE
    _printf_s                                0x00000000   Number         0  stubs.o ABSOLUTE
    _printf_sizespec                         0x00000000   Number         0  stubs.o ABSOLUTE
    _printf_str                              0x00000000   Number         0  stubs.o ABSOLUTE
    _printf_truncate_signed                  0x00000000   Number         0  stubs.o ABSOLUTE
    _printf_truncate_unsigned                0x00000000   Number         0  stubs.o ABSOLUTE
    _printf_u                                0x00000000   Number         0  stubs.o ABSOLUTE
    _printf_wc                               0x00000000   Number         0  stubs.o ABSOLUTE
    _printf_wctomb                           0x00000000   Number         0  stubs.o ABSOLUTE
    _printf_widthprec                        0x00000000   Number         0  stubs.o ABSOLUTE
    _printf_x                                0x00000000   Number         0  stubs.o ABSOLUTE
    __cpp_initialize__aeabi_                  - Undefined Weak Reference
    __cxa_finalize                            - Undefined Weak Reference
    __decompress                              - Undefined Weak Reference
    _clock_init                               - Undefined Weak Reference
    _microlib_exit                            - Undefined Weak Reference
    __Vectors_Size                           0x000000ec   Number         0  startup_stm32f10x_md_boot.o ABSOLUTE
    __Vectors                                0x08000000   Data           4  startup_stm32f10x_md_boot.o(RESET)
    __Vectors_End                            0x080000ec   Data           0  startup_stm32f10x_md_boot.o(RESET)
    __main                                   0x080000ed   Thumb Code     0  entry.o(.ARM.Collect$$$$00000000)
    _main_stk                                0x080000ed   Thumb Code     0  entry2.o(.ARM.Collect$$$$00000001)
    _main_scatterload                        0x080000f1   Thumb Code     0  entry5.o(.ARM.Collect$$$$00000004)
    __main_after_scatterload                 0x080000f5   Thumb Code     0  entry5.o(.ARM.Collect$$$$00000004)
    _main_clock                              0x080000f5   Thumb Code     0  entry7b.o(.ARM.Collect$$$$00000008)
    _main_cpp_init                           0x080000f5   Thumb Code     0  entry8b.o(.ARM.Collect$$$$0000000A)
    _main_init                               0x080000f5   Thumb Code     0  entry9a.o(.ARM.Collect$$$$0000000B)
    __rt_final_cpp                           0x080000fd   Thumb Code     0  entry10a.o(.ARM.Collect$$$$0000000D)
    __rt_final_exit                          0x080000fd   Thumb Code     0  entry11a.o(.ARM.Collect$$$$0000000F)
    __get_PSP                                0x08000101   Thumb Code     6  core_cm3.o(.emb_text)
    __set_PSP                                0x08000107   Thumb Code     6  core_cm3.o(.emb_text)
    __get_MSP                                0x0800010d   Thumb Code     6  core_cm3.o(.emb_text)
    __set_MSP                                0x08000113   Thumb Code     6  core_cm3.o(.emb_text)
    __REV16                                  0x08000119   Thumb Code     4  core_cm3.o(.emb_text)
    __REVSH                                  0x0800011d   Thumb Code     4  core_cm3.o(.emb_text)
    SystemReset                              0x08000121   Thumb Code    16  boot_main.o(.emb_text)
    Reset_Handler                            0x08000139   Thumb Code     8  startup_stm32f10x_md_boot.o(.text)
    SVC_Handler                              0x0800014b   Thumb Code     2  startup_stm32f10x_md_boot.o(.text)
    OS_CPU_PendSVHandler                     0x0800014f   Thumb Code     2  startup_stm32f10x_md_boot.o(.text)
    ADC1_2_IRQHandler                        0x08000153   Thumb Code     0  startup_stm32f10x_md_boot.o(.text)
    CAN1_RX1_IRQHandler                      0x08000153   Thumb Code     0  startup_stm32f10x_md_boot.o(.text)
    CAN1_SCE_IRQHandler                      0x08000153   Thumb Code     0  startup_stm32f10x_md_boot.o(.text)
    DMA1_Channel1_IRQHandler                 0x08000153   Thumb Code     0  startup_stm32f10x_md_boot.o(.text)
    DMA1_Channel2_IRQHandler                 0x08000153   Thumb Code     0  startup_stm32f10x_md_boot.o(.text)
    DMA1_Channel3_IRQHandler                 0x08000153   Thumb Code     0  startup_stm32f10x_md_boot.o(.text)
    DMA1_Channel4_IRQHandler                 0x08000153   Thumb Code     0  startup_stm32f10x_md_boot.o(.text)
    DMA1_Channel5_IRQHandler                 0x08000153   Thumb Code     0  startup_stm32f10x_md_boot.o(.text)
    DMA1_Channel6_IRQHandler                 0x08000153   Thumb Code     0  startup_stm32f10x_md_boot.o(.text)
    DMA1_Channel7_IRQHandler                 0x08000153   Thumb Code     0  startup_stm32f10x_md_boot.o(.text)
    EXTI0_IRQHandler                         0x08000153   Thumb Code     0  startup_stm32f10x_md_boot.o(.text)
    EXTI15_10_IRQHandler                     0x08000153   Thumb Code     0  startup_stm32f10x_md_boot.o(.text)
    EXTI1_IRQHandler                         0x08000153   Thumb Code     0  startup_stm32f10x_md_boot.o(.text)
    EXTI2_IRQHandler                         0x08000153   Thumb Code     0  startup_stm32f10x_md_boot.o(.text)
    EXTI4_IRQHandler                         0x08000153   Thumb Code     0  startup_stm32f10x_md_boot.o(.text)
    EXTI9_5_IRQHandler                       0x08000153   Thumb Code     0  startup_stm32f10x_md_boot.o(.text)
    FLASH_IRQHandler                         0x08000153   Thumb Code     0  startup_stm32f10x_md_boot.o(.text)
    I2C1_ER_IRQHandler                       0x08000153   Thumb Code     0  startup_stm32f10x_md_boot.o(.text)
    I2C1_EV_IRQHandler                       0x08000153   Thumb Code     0  startup_stm32f10x_md_boot.o(.text)
    I2C2_ER_IRQHandler                       0x08000153   Thumb Code     0  startup_stm32f10x_md_boot.o(.text)
    I2C2_EV_IRQHandler                       0x08000153   Thumb Code     0  startup_stm32f10x_md_boot.o(.text)
    PVD_IRQHandler                           0x08000153   Thumb Code     0  startup_stm32f10x_md_boot.o(.text)
    RCC_IRQHandler                           0x08000153   Thumb Code     0  startup_stm32f10x_md_boot.o(.text)
    RTCAlarm_IRQHandler                      0x08000153   Thumb Code     0  startup_stm32f10x_md_boot.o(.text)
    RTC_IRQHandler                           0x08000153   Thumb Code     0  startup_stm32f10x_md_boot.o(.text)
    SPI1_IRQHandler                          0x08000153   Thumb Code     0  startup_stm32f10x_md_boot.o(.text)
    SPI2_IRQHandler                          0x08000153   Thumb Code     0  startup_stm32f10x_md_boot.o(.text)
    TAMPER_IRQHandler                        0x08000153   Thumb Code     0  startup_stm32f10x_md_boot.o(.text)
    TIM1_BRK_IRQHandler                      0x08000153   Thumb Code     0  startup_stm32f10x_md_boot.o(.text)
    TIM1_CC_IRQHandler                       0x08000153   Thumb Code     0  startup_stm32f10x_md_boot.o(.text)
    TIM1_TRG_COM_IRQHandler                  0x08000153   Thumb Code     0  startup_stm32f10x_md_boot.o(.text)
    TIM1_UP_IRQHandler                       0x08000153   Thumb Code     0  startup_stm32f10x_md_boot.o(.text)
    TIM2_IRQHandler                          0x08000153   Thumb Code     0  startup_stm32f10x_md_boot.o(.text)
    TIM4_IRQHandler                          0x08000153   Thumb Code     0  startup_stm32f10x_md_boot.o(.text)
    USART1_IRQHandler                        0x08000153   Thumb Code     0  startup_stm32f10x_md_boot.o(.text)
    USART2_IRQHandler                        0x08000153   Thumb Code     0  startup_stm32f10x_md_boot.o(.text)
    USART3_IRQHandler                        0x08000153   Thumb Code     0  startup_stm32f10x_md_boot.o(.text)
    USB_HP_CAN1_TX_IRQHandler                0x08000153   Thumb Code     0  startup_stm32f10x_md_boot.o(.text)
    WWDG_IRQHandler                          0x08000153   Thumb Code     0  startup_stm32f10x_md_boot.o(.text)
    __scatterload                            0x0800015d   Thumb Code    28  init.o(.text)
    __scatterload_rt2                        0x0800015d   Thumb Code     0  init.o(.text)
    BusFault_Handler                         0x08000181   Thumb Code     2  stm32f10x_it.o(i.BusFault_Handler)
    ByteSwap                                 0x08000183   Thumb Code    10  usb_regs.o(i.ByteSwap)
    CTR_LP                                   0x0800018d   Thumb Code   318  usb_int.o(i.CTR_LP)
    ClearDTOG_RX                             0x080002e9   Thumb Code    36  usb_regs.o(i.ClearDTOG_RX)
    ClearDTOG_TX                             0x08000311   Thumb Code    36  usb_regs.o(i.ClearDTOG_TX)
    Clear_Status_Out                         0x08000339   Thumb Code    28  usb_regs.o(i.Clear_Status_Out)
    DebugMon_Handler                         0x0800064d   Thumb Code     2  stm32f10x_it.o(i.DebugMon_Handler)
    DelayMs_Tick                             0x0800064f   Thumb Code    16  stm32fx_delay.o(i.DelayMs_Tick)
    DelayUs_Tick                             0x08000661   Thumb Code    38  stm32fx_delay.o(i.DelayUs_Tick)
    EP1_IN_Callback                          0x0800068d   Thumb Code    60  usb_endp.o(i.EP1_IN_Callback)
    EP3_OUT_Callback                         0x080006d1   Thumb Code    28  usb_endp.o(i.EP3_OUT_Callback)
    EXTI3_IRQHandler                         0x080006f1   Thumb Code    32  boot_main.o(i.EXTI3_IRQHandler)
    EXTI_ClearITPendingBit                   0x08000711   Thumb Code     6  stm32f10x_exti.o(i.EXTI_ClearITPendingBit)
    EXTI_GetITStatus                         0x0800071d   Thumb Code    28  stm32f10x_exti.o(i.EXTI_GetITStatus)
    EXTI_Init                                0x0800073d   Thumb Code   108  stm32f10x_exti.o(i.EXTI_Init)
    GPIO_EXTILineConfig                      0x080007ad   Thumb Code    34  stm32f10x_gpio.o(i.GPIO_EXTILineConfig)
    GPIO_Init                                0x080007d5   Thumb Code   162  stm32f10x_gpio.o(i.GPIO_Init)
    GPIO_PinRemapConfig                      0x08000879   Thumb Code    82  stm32f10x_gpio.o(i.GPIO_PinRemapConfig)
    GPIO_QuickInit                           0x080008d1   Thumb Code    40  stm32f10x_gpio.o(i.GPIO_QuickInit)
    GPIO_ReadInputDataBit                    0x080008f9   Thumb Code    14  stm32f10x_gpio.o(i.GPIO_ReadInputDataBit)
    GPIO_ResetBits                           0x08000907   Thumb Code     4  stm32f10x_gpio.o(i.GPIO_ResetBits)
    GPIO_SetBits                             0x0800090b   Thumb Code     4  stm32f10x_gpio.o(i.GPIO_SetBits)
    GetEPRxAddr                              0x08000911   Thumb Code    22  usb_regs.o(i.GetEPRxAddr)
    GetEPRxCount                             0x08000931   Thumb Code    24  usb_regs.o(i.GetEPRxCount)
    GetEPTxAddr                              0x08000951   Thumb Code    20  usb_regs.o(i.GetEPTxAddr)
    Get_SerialNum                            0x0800096d   Thumb Code    44  hw_config.o(i.Get_SerialNum)
    HardFault_Handler                        0x080009a1   Thumb Code     2  stm32f10x_it.o(i.HardFault_Handler)
    In0_Process                              0x080009a5   Thumb Code    80  usb_core.o(i.In0_Process)
    Init_SysTick                             0x08000a01   Thumb Code    32  stm32fx_delay.o(i.Init_SysTick)
    Jump_To_APP                              0x08000a5d   Thumb Code    42  boot_main.o(i.Jump_To_APP)
    Key_Init                                 0x08000a95   Thumb Code    26  boot_main.o(i.Key_Init)
    Key_Int_Init                             0x08000ab9   Thumb Code    88  boot_main.o(i.Key_Int_Init)
    Leave_LowPowerMode                       0x08000b15   Thumb Code    18  hw_config.o(i.Leave_LowPowerMode)
    MemManage_Handler                        0x08000b31   Thumb Code     2  stm32f10x_it.o(i.MemManage_Handler)
    NMI_Handler                              0x08000b33   Thumb Code     2  stm32f10x_it.o(i.NMI_Handler)
    NOP_Process                              0x08000b35   Thumb Code     2  usb_core.o(i.NOP_Process)
    NVIC_DeInit                              0x08000b37   Thumb Code    52  boot_main.o(i.NVIC_DeInit)
    NVIC_Init                                0x08000b6d   Thumb Code    94  misc.o(i.NVIC_Init)
    NVIC_SetVectorTable                      0x08000bd1   Thumb Code    12  misc.o(i.NVIC_SetVectorTable)
    Out0_Process                             0x08000cb9   Thumb Code    62  usb_core.o(i.Out0_Process)
    PMAToUserBufferCopy                      0x08000d01   Thumb Code    26  usb_mem.o(i.PMAToUserBufferCopy)
    PWR_EnterSTOPMode                        0x08000d21   Thumb Code    42  stm32f10x_pwr.o(i.PWR_EnterSTOPMode)
    PendSV_Handler                           0x08000d55   Thumb Code     2  stm32f10x_it.o(i.PendSV_Handler)
    Post0_Process                            0x08000d59   Thumb Code    52  usb_core.o(i.Post0_Process)
    PowerOn                                  0x08000d9d   Thumb Code    36  usb_pwr.o(i.PowerOn)
    Power_OFF                                0x08000dc9   Thumb Code    90  boot_main.o(i.Power_OFF)
    QUEUE_PacketIn                           0x08000e39   Thumb Code    48  usb_queue.o(i.QUEUE_PacketIn)
    QUEUE_PacketOut                          0x08000e69   Thumb Code    56  usb_queue.o(i.QUEUE_PacketOut)
    RCC_APB2PeriphClockCmd                   0x08000ea1   Thumb Code    18  stm32f10x_rcc.o(i.RCC_APB2PeriphClockCmd)
    RCC_DeInit                               0x08000eb9   Thumb Code    50  stm32f10x_rcc.o(i.RCC_DeInit)
    Resume                                   0x08000ef9   Thumb Code   140  usb_pwr.o(i.Resume)
    Resume_Init                              0x08000f8d   Thumb Code    26  usb_pwr.o(i.Resume_Init)
    SOF_Callback                             0x08000fad   Thumb Code    76  usb_endp.o(i.SOF_Callback)
    SetBTABLE                                0x08001005   Thumb Code    10  usb_regs.o(i.SetBTABLE)
    SetDeviceAddress                         0x08001015   Thumb Code    58  usb_core.o(i.SetDeviceAddress)
    SetEPRxAddr                              0x0800105d   Thumb Code    24  usb_regs.o(i.SetEPRxAddr)
    SetEPRxCount                             0x0800107d   Thumb Code    54  usb_regs.o(i.SetEPRxCount)
    SetEPRxStatus                            0x080010bd   Thumb Code    44  usb_regs.o(i.SetEPRxStatus)
    SetEPRxValid                             0x080010ed   Thumb Code    32  usb_regs.o(i.SetEPRxValid)
    SetEPTxAddr                              0x08001111   Thumb Code    22  usb_regs.o(i.SetEPTxAddr)
    SetEPTxCount                             0x08001131   Thumb Code    20  usb_regs.o(i.SetEPTxCount)
    SetEPTxStatus                            0x0800114d   Thumb Code    44  usb_regs.o(i.SetEPTxStatus)
    SetEPTxValid                             0x0800117d   Thumb Code    32  usb_regs.o(i.SetEPTxValid)
    SetEPType                                0x080011a1   Thumb Code    24  usb_regs.o(i.SetEPType)
    Setup0_Process                           0x08001265   Thumb Code    92  usb_core.o(i.Setup0_Process)
    Standard_ClearFeature                    0x080012cd   Thumb Code   232  usb_core.o(i.Standard_ClearFeature)
    Standard_GetConfiguration                0x080013c9   Thumb Code    30  usb_core.o(i.Standard_GetConfiguration)
    Standard_GetDescriptorData               0x080013f1   Thumb Code    24  usb_core.o(i.Standard_GetDescriptorData)
    Standard_GetInterface                    0x0800140d   Thumb Code    30  usb_core.o(i.Standard_GetInterface)
    Standard_GetStatus                       0x08001435   Thumb Code   130  usb_core.o(i.Standard_GetStatus)
    Standard_SetConfiguration                0x080014c9   Thumb Code    42  usb_core.o(i.Standard_SetConfiguration)
    Standard_SetDeviceFeature                0x08001501   Thumb Code    26  usb_core.o(i.Standard_SetDeviceFeature)
    Standard_SetEndPointFeature              0x08001525   Thumb Code   118  usb_core.o(i.Standard_SetEndPointFeature)
    Standard_SetInterface                    0x080015ad   Thumb Code    60  usb_core.o(i.Standard_SetInterface)
    Suspend                                  0x080015f5   Thumb Code   172  usb_pwr.o(i.Suspend)
    SysTick_Handler                          0x080016b5   Thumb Code     2  stm32f10x_it.o(i.SysTick_Handler)
    SystemInit                               0x080016b9   Thumb Code    64  system_stm32f10x.o(i.SystemInit)
    TIM3_IRQHandler                          0x08001709   Thumb Code    16  stm32f10x_it.o(i.TIM3_IRQHandler)
    USBWakeUp_IRQHandler                     0x0800171d   Thumb Code     8  usb_it.o(i.USBWakeUp_IRQHandler)
    USB_Cable_Config                         0x08001725   Thumb Code    20  hw_config.o(i.USB_Cable_Config)
    USB_Istr                                 0x0800173d   Thumb Code   310  usb_istr.o(i.USB_Istr)
    USB_LP_CAN1_RX0_IRQHandler               0x0800188d   Thumb Code     4  usb_it.o(i.USB_LP_CAN1_RX0_IRQHandler)
    USB_RxWrite                              0x08001891   Thumb Code    10  hw_config.o(i.USB_RxWrite)
    USB_SIL_Init                             0x080018a1   Thumb Code    24  usb_sil.o(i.USB_SIL_Init)
    USB_SIL_Read                             0x080018c1   Thumb Code    36  usb_sil.o(i.USB_SIL_Read)
    USB_TxRead                               0x080018e5   Thumb Code    10  hw_config.o(i.USB_TxRead)
    UsageFault_Handler                       0x080018f5   Thumb Code     2  stm32f10x_it.o(i.UsageFault_Handler)
    UserToPMABufferCopy                      0x080018f9   Thumb Code    38  usb_mem.o(i.UserToPMABufferCopy)
    Virtual_Com_Port_Data_Setup              0x08001925   Thumb Code    68  usb_prop.o(i.Virtual_Com_Port_Data_Setup)
    Virtual_Com_Port_GetConfigDescriptor     0x08001979   Thumb Code     6  usb_prop.o(i.Virtual_Com_Port_GetConfigDescriptor)
    Virtual_Com_Port_GetDeviceDescriptor     0x08001985   Thumb Code     6  usb_prop.o(i.Virtual_Com_Port_GetDeviceDescriptor)
    Virtual_Com_Port_GetLineCoding           0x08001991   Thumb Code    18  usb_prop.o(i.Virtual_Com_Port_GetLineCoding)
    Virtual_Com_Port_GetStringDescriptor     0x080019ad   Thumb Code    24  usb_prop.o(i.Virtual_Com_Port_GetStringDescriptor)
    Virtual_Com_Port_Get_Interface_Setting   0x080019cd   Thumb Code    14  usb_prop.o(i.Virtual_Com_Port_Get_Interface_Setting)
    Virtual_Com_Port_NoData_Setup            0x080019dd   Thumb Code    30  usb_prop.o(i.Virtual_Com_Port_NoData_Setup)
    Virtual_Com_Port_Reset                   0x08001a01   Thumb Code   208  usb_prop.o(i.Virtual_Com_Port_Reset)
    Virtual_Com_Port_SetLineCoding           0x08001ae1   Thumb Code    18  usb_prop.o(i.Virtual_Com_Port_SetLineCoding)
    Virtual_Com_Port_Status_In               0x08001afd   Thumb Code    14  usb_prop.o(i.Virtual_Com_Port_Status_In)
    Virtual_Com_Port_Status_Out              0x08001b11   Thumb Code     2  usb_prop.o(i.Virtual_Com_Port_Status_Out)
    Virtual_Com_Port_init                    0x08001b15   Thumb Code    28  usb_prop.o(i.Virtual_Com_Port_init)
    __scatterload_copy                       0x08001b39   Thumb Code    14  handlers.o(i.__scatterload_copy)
    __scatterload_null                       0x08001b47   Thumb Code     2  handlers.o(i.__scatterload_null)
    __scatterload_zeroinit                   0x08001b49   Thumb Code    14  handlers.o(i.__scatterload_zeroinit)
    led_disp                                 0x08001b59   Thumb Code    84  boot_main.o(i.led_disp)
    led_init                                 0x08001bb5   Thumb Code    70  boot_main.o(i.led_init)
    main                                     0x08001c0d   Thumb Code    78  boot_main.o(i.main)
    normal_start_scan                        0x08001c71   Thumb Code    70  boot_main.o(i.normal_start_scan)
    Virtual_Com_Port_DeviceDescriptor        0x08001cc8   Data          18  usb_desc.o(.constdata)
    Virtual_Com_Port_ConfigDescriptor        0x08001cda   Data          67  usb_desc.o(.constdata)
    Virtual_Com_Port_StringLangID            0x08001d1d   Data           4  usb_desc.o(.constdata)
    Virtual_Com_Port_StringVendor            0x08001d21   Data          14  usb_desc.o(.constdata)
    Virtual_Com_Port_StringProduct           0x08001d2f   Data          34  usb_desc.o(.constdata)
    Region$$Table$$Base                      0x08001d54   Number         0  anon$$obj.o(Region$$Table)
    Region$$Table$$Limit                     0x08001d74   Number         0  anon$$obj.o(Region$$Table)
    fac_us                                   0x20000000   Data           4  stm32fx_delay.o(.data)
    fac_ms                                   0x20000004   Data           4  stm32fx_delay.o(.data)
    Virtual_Com_Port_StringSerial            0x20000008   Data          34  usb_desc.o(.data)
    bIntPackSOF                              0x20000034   Data           1  usb_istr.o(.data)
    wIstr                                    0x20000036   Data           2  usb_istr.o(.data)
    esof_counter                             0x20000038   Data           4  usb_istr.o(.data)
    wCNTR                                    0x2000003c   Data           4  usb_istr.o(.data)
    pEpInt_IN                                0x20000040   Data          28  usb_istr.o(.data)
    pEpInt_OUT                               0x2000005c   Data          28  usb_istr.o(.data)
    Request                                  0x20000078   Data           1  usb_prop.o(.data)
    linecoding                               0x2000007c   Data           8  usb_prop.o(.data)
    Device_Descriptor                        0x20000084   Data           8  usb_prop.o(.data)
    Config_Descriptor                        0x2000008c   Data           8  usb_prop.o(.data)
    Device_Property                          0x20000094   Data          48  usb_prop.o(.data)
    String_Descriptor                        0x200000c4   Data          32  usb_prop.o(.data)
    Device_Table                             0x200000e4   Data           2  usb_prop.o(.data)
    bDeviceState                             0x200000e8   Data           4  usb_pwr.o(.data)
    fSuspendEnabled                          0x200000ec   Data           1  usb_pwr.o(.data)
    ResumeS                                  0x200000f0   Data           2  usb_pwr.o(.data)
    remotewakeupon                           0x200000f4   Data           4  usb_pwr.o(.data)
    Data_Mul_MaxPacketSize                   0x200000f8   Data           1  usb_core.o(.data)
    StatusInfo                               0x200000fa   Data           2  usb_core.o(.data)
    EPindex                                  0x200000fc   Data           1  usb_init.o(.data)
    pInformation                             0x20000100   Data           4  usb_init.o(.data)
    pProperty                                0x20000104   Data           4  usb_init.o(.data)
    pUser_Standard_Requests                  0x20000108   Data           4  usb_init.o(.data)
    wInterrupt_Mask                          0x2000010c   Data           2  usb_init.o(.data)
    SaveRState                               0x2000010e   Data           2  usb_int.o(.data)
    SaveTState                               0x20000110   Data           2  usb_int.o(.data)
    EP                                       0x20000bb4   Data          32  usb_pwr.o(.bss)
    Device_Info                              0x20000bd4   Data          28  usb_init.o(.bss)
    __initial_sp                             0x20000ff0   Data           0  startup_stm32f10x_md_boot.o(STACK)



==============================================================================

Memory Map of the image

  Image Entry point : 0x080000ed

  Load Region LR_IROM1 (Base: 0x08000000, Size: 0x00001e88, Max: 0x00003400, ABSOLUTE)

    Execution Region ER_IROM1 (Base: 0x08000000, Size: 0x00001d74, Max: 0x00003400, ABSOLUTE)

    Base Addr    Size         Type   Attr      Idx    E Section Name        Object

    0x08000000   0x000000ec   Data   RO            3    RESET               startup_stm32f10x_md_boot.o
    0x080000ec   0x00000000   Code   RO         2639  * .ARM.Collect$$$$00000000  mc_w.l(entry.o)
    0x080000ec   0x00000004   Code   RO         2909    .ARM.Collect$$$$00000001  mc_w.l(entry2.o)
    0x080000f0   0x00000004   Code   RO         2912    .ARM.Collect$$$$00000004  mc_w.l(entry5.o)
    0x080000f4   0x00000000   Code   RO         2914    .ARM.Collect$$$$00000008  mc_w.l(entry7b.o)
    0x080000f4   0x00000000   Code   RO         2916    .ARM.Collect$$$$0000000A  mc_w.l(entry8b.o)
    0x080000f4   0x00000008   Code   RO         2917    .ARM.Collect$$$$0000000B  mc_w.l(entry9a.o)
    0x080000fc   0x00000000   Code   RO         2919    .ARM.Collect$$$$0000000D  mc_w.l(entry10a.o)
    0x080000fc   0x00000000   Code   RO         2921    .ARM.Collect$$$$0000000F  mc_w.l(entry11a.o)
    0x080000fc   0x00000004   Code   RO         2910    .ARM.Collect$$$$00002712  mc_w.l(entry2.o)
    0x08000100   0x00000020   Code   RO           10    .emb_text           core_cm3.o
    0x08000120   0x00000018   Code   RO         2480    .emb_text           boot_main.o
    0x08000138   0x00000024   Code   RO            4    .text               startup_stm32f10x_md_boot.o
    0x0800015c   0x00000024   Code   RO         2939    .text               mc_w.l(init.o)
    0x08000180   0x00000002   Code   RO         2576    i.BusFault_Handler  stm32f10x_it.o
    0x08000182   0x0000000a   Code   RO         2096    i.ByteSwap          usb_regs.o
    0x0800018c   0x0000015c   Code   RO         1968    i.CTR_LP            usb_int.o
    0x080002e8   0x00000028   Code   RO         2097    i.ClearDTOG_RX      usb_regs.o
    0x08000310   0x00000028   Code   RO         2098    i.ClearDTOG_TX      usb_regs.o
    0x08000338   0x00000020   Code   RO         2103    i.Clear_Status_Out  usb_regs.o
    0x08000358   0x000000b4   Code   RO         1822    i.DataStageIn       usb_core.o
    0x0800040c   0x000000a4   Code   RO         1823    i.DataStageOut      usb_core.o
    0x080004b0   0x0000019c   Code   RO         1824    i.Data_Setup0       usb_core.o
    0x0800064c   0x00000002   Code   RO         2577    i.DebugMon_Handler  stm32f10x_it.o
    0x0800064e   0x00000010   Code   RO         1051    i.DelayMs_Tick      stm32fx_delay.o
    0x0800065e   0x00000002   PAD
    0x08000660   0x0000002c   Code   RO         1053    i.DelayUs_Tick      stm32fx_delay.o
    0x0800068c   0x00000044   Code   RO         1606    i.EP1_IN_Callback   usb_endp.o
    0x080006d0   0x00000020   Code   RO         1607    i.EP3_OUT_Callback  usb_endp.o
    0x080006f0   0x00000020   Code   RO         2481    i.EXTI3_IRQHandler  boot_main.o
    0x08000710   0x0000000c   Code   RO          653    i.EXTI_ClearITPendingBit  stm32f10x_exti.o
    0x0800071c   0x00000020   Code   RO          657    i.EXTI_GetITStatus  stm32f10x_exti.o
    0x0800073c   0x00000070   Code   RO          658    i.EXTI_Init         stm32f10x_exti.o
    0x080007ac   0x00000028   Code   RO          313    i.GPIO_EXTILineConfig  stm32f10x_gpio.o
    0x080007d4   0x000000a2   Code   RO          316    i.GPIO_Init         stm32f10x_gpio.o
    0x08000876   0x00000002   PAD
    0x08000878   0x00000058   Code   RO          318    i.GPIO_PinRemapConfig  stm32f10x_gpio.o
    0x080008d0   0x00000028   Code   RO          319    i.GPIO_QuickInit    stm32f10x_gpio.o
    0x080008f8   0x0000000e   Code   RO          321    i.GPIO_ReadInputDataBit  stm32f10x_gpio.o
    0x08000906   0x00000004   Code   RO          324    i.GPIO_ResetBits    stm32f10x_gpio.o
    0x0800090a   0x00000004   Code   RO          325    i.GPIO_SetBits      stm32f10x_gpio.o
    0x0800090e   0x00000002   PAD
    0x08000910   0x00000020   Code   RO         2115    i.GetEPRxAddr       usb_regs.o
    0x08000930   0x00000020   Code   RO         2116    i.GetEPRxCount      usb_regs.o
    0x08000950   0x0000001c   Code   RO         2118    i.GetEPTxAddr       usb_regs.o
    0x0800096c   0x00000034   Code   RO         1432    i.Get_SerialNum     hw_config.o
    0x080009a0   0x00000002   Code   RO         2578    i.HardFault_Handler  stm32f10x_it.o
    0x080009a2   0x00000002   PAD
    0x080009a4   0x0000005c   Code   RO         1825    i.In0_Process       usb_core.o
    0x08000a00   0x00000024   Code   RO         1054    i.Init_SysTick      stm32fx_delay.o
    0x08000a24   0x00000038   Code   RO         1433    i.IntToUnicode      hw_config.o
    0x08000a5c   0x00000038   Code   RO         2482    i.Jump_To_APP       boot_main.o
    0x08000a94   0x00000024   Code   RO         2483    i.Key_Init          boot_main.o
    0x08000ab8   0x0000005c   Code   RO         2484    i.Key_Int_Init      boot_main.o
    0x08000b14   0x0000001c   Code   RO         1434    i.Leave_LowPowerMode  hw_config.o
    0x08000b30   0x00000002   Code   RO         2579    i.MemManage_Handler  stm32f10x_it.o
    0x08000b32   0x00000002   Code   RO         2580    i.NMI_Handler       stm32f10x_it.o
    0x08000b34   0x00000002   Code   RO         1826    i.NOP_Process       usb_core.o
    0x08000b36   0x00000034   Code   RO         2485    i.NVIC_DeInit       boot_main.o
    0x08000b6a   0x00000002   PAD
    0x08000b6c   0x00000064   Code   RO           90    i.NVIC_Init         misc.o
    0x08000bd0   0x00000014   Code   RO           92    i.NVIC_SetVectorTable  misc.o
    0x08000be4   0x000000d4   Code   RO         1827    i.NoData_Setup0     usb_core.o
    0x08000cb8   0x00000048   Code   RO         1828    i.Out0_Process      usb_core.o
    0x08000d00   0x00000020   Code   RO         1997    i.PMAToUserBufferCopy  usb_mem.o
    0x08000d20   0x00000034   Code   RO         1102    i.PWR_EnterSTOPMode  stm32f10x_pwr.o
    0x08000d54   0x00000002   Code   RO         2581    i.PendSV_Handler    stm32f10x_it.o
    0x08000d56   0x00000002   PAD
    0x08000d58   0x00000044   Code   RO         1829    i.Post0_Process     usb_core.o
    0x08000d9c   0x0000002c   Code   RO         1778    i.PowerOn           usb_pwr.o
    0x08000dc8   0x00000070   Code   RO         2487    i.Power_OFF         boot_main.o
    0x08000e38   0x00000030   Code   RO         2018    i.QUEUE_PacketIn    usb_queue.o
    0x08000e68   0x00000038   Code   RO         2020    i.QUEUE_PacketOut   usb_queue.o
    0x08000ea0   0x00000018   Code   RO          710    i.RCC_APB2PeriphClockCmd  stm32f10x_rcc.o
    0x08000eb8   0x00000040   Code   RO          717    i.RCC_DeInit        stm32f10x_rcc.o
    0x08000ef8   0x00000094   Code   RO         1779    i.Resume            usb_pwr.o
    0x08000f8c   0x00000020   Code   RO         1780    i.Resume_Init       usb_pwr.o
    0x08000fac   0x00000058   Code   RO         1608    i.SOF_Callback      usb_endp.o
    0x08001004   0x00000010   Code   RO         2126    i.SetBTABLE         usb_regs.o
    0x08001014   0x00000048   Code   RO         1830    i.SetDeviceAddress  usb_core.o
    0x0800105c   0x00000020   Code   RO         2140    i.SetEPRxAddr       usb_regs.o
    0x0800107c   0x00000040   Code   RO         2141    i.SetEPRxCount      usb_regs.o
    0x080010bc   0x00000030   Code   RO         2142    i.SetEPRxStatus     usb_regs.o
    0x080010ec   0x00000024   Code   RO         2143    i.SetEPRxValid      usb_regs.o
    0x08001110   0x00000020   Code   RO         2144    i.SetEPTxAddr       usb_regs.o
    0x08001130   0x0000001c   Code   RO         2145    i.SetEPTxCount      usb_regs.o
    0x0800114c   0x00000030   Code   RO         2146    i.SetEPTxStatus     usb_regs.o
    0x0800117c   0x00000024   Code   RO         2147    i.SetEPTxValid      usb_regs.o
    0x080011a0   0x0000001c   Code   RO         2148    i.SetEPType         usb_regs.o
    0x080011bc   0x000000a8   Code   RO           24    i.SetSysClockTo72   system_stm32f10x.o
    0x08001264   0x00000068   Code   RO         1831    i.Setup0_Process    usb_core.o
    0x080012cc   0x000000fc   Code   RO         1832    i.Standard_ClearFeature  usb_core.o
    0x080013c8   0x00000028   Code   RO         1833    i.Standard_GetConfiguration  usb_core.o
    0x080013f0   0x0000001c   Code   RO         1834    i.Standard_GetDescriptorData  usb_core.o
    0x0800140c   0x00000028   Code   RO         1835    i.Standard_GetInterface  usb_core.o
    0x08001434   0x00000094   Code   RO         1836    i.Standard_GetStatus  usb_core.o
    0x080014c8   0x00000038   Code   RO         1837    i.Standard_SetConfiguration  usb_core.o
    0x08001500   0x00000024   Code   RO         1838    i.Standard_SetDeviceFeature  usb_core.o
    0x08001524   0x00000088   Code   RO         1839    i.Standard_SetEndPointFeature  usb_core.o
    0x080015ac   0x00000048   Code   RO         1840    i.Standard_SetInterface  usb_core.o
    0x080015f4   0x000000c0   Code   RO         1781    i.Suspend           usb_pwr.o
    0x080016b4   0x00000002   Code   RO         2582    i.SysTick_Handler   stm32f10x_it.o
    0x080016b6   0x00000002   PAD
    0x080016b8   0x00000050   Code   RO           26    i.SystemInit        system_stm32f10x.o
    0x08001708   0x00000014   Code   RO         2583    i.TIM3_IRQHandler   stm32f10x_it.o
    0x0800171c   0x00000008   Code   RO         1656    i.USBWakeUp_IRQHandler  usb_it.o
    0x08001724   0x00000018   Code   RO         1437    i.USB_Cable_Config  hw_config.o
    0x0800173c   0x00000150   Code   RO         1636    i.USB_Istr          usb_istr.o
    0x0800188c   0x00000004   Code   RO         1657    i.USB_LP_CAN1_RX0_IRQHandler  usb_it.o
    0x08001890   0x00000010   Code   RO         1441    i.USB_RxWrite       hw_config.o
    0x080018a0   0x00000020   Code   RO         2456    i.USB_SIL_Init      usb_sil.o
    0x080018c0   0x00000024   Code   RO         2457    i.USB_SIL_Read      usb_sil.o
    0x080018e4   0x00000010   Code   RO         1442    i.USB_TxRead        hw_config.o
    0x080018f4   0x00000002   Code   RO         2584    i.UsageFault_Handler  stm32f10x_it.o
    0x080018f6   0x00000002   PAD
    0x080018f8   0x0000002c   Code   RO         1998    i.UserToPMABufferCopy  usb_mem.o
    0x08001924   0x00000054   Code   RO         1674    i.Virtual_Com_Port_Data_Setup  usb_prop.o
    0x08001978   0x0000000c   Code   RO         1675    i.Virtual_Com_Port_GetConfigDescriptor  usb_prop.o
    0x08001984   0x0000000c   Code   RO         1676    i.Virtual_Com_Port_GetDeviceDescriptor  usb_prop.o
    0x08001990   0x0000001c   Code   RO         1677    i.Virtual_Com_Port_GetLineCoding  usb_prop.o
    0x080019ac   0x00000020   Code   RO         1678    i.Virtual_Com_Port_GetStringDescriptor  usb_prop.o
    0x080019cc   0x0000000e   Code   RO         1679    i.Virtual_Com_Port_Get_Interface_Setting  usb_prop.o
    0x080019da   0x00000002   PAD
    0x080019dc   0x00000024   Code   RO         1680    i.Virtual_Com_Port_NoData_Setup  usb_prop.o
    0x08001a00   0x000000e0   Code   RO         1681    i.Virtual_Com_Port_Reset  usb_prop.o
    0x08001ae0   0x0000001c   Code   RO         1684    i.Virtual_Com_Port_SetLineCoding  usb_prop.o
    0x08001afc   0x00000014   Code   RO         1685    i.Virtual_Com_Port_Status_In  usb_prop.o
    0x08001b10   0x00000002   Code   RO         1686    i.Virtual_Com_Port_Status_Out  usb_prop.o
    0x08001b12   0x00000002   PAD
    0x08001b14   0x00000024   Code   RO         1687    i.Virtual_Com_Port_init  usb_prop.o
    0x08001b38   0x0000000e   Code   RO         2951    i.__scatterload_copy  mc_w.l(handlers.o)
    0x08001b46   0x00000002   Code   RO         2952    i.__scatterload_null  mc_w.l(handlers.o)
    0x08001b48   0x0000000e   Code   RO         2953    i.__scatterload_zeroinit  mc_w.l(handlers.o)
    0x08001b56   0x00000002   PAD
    0x08001b58   0x0000005c   Code   RO         2490    i.led_disp          boot_main.o
    0x08001bb4   0x00000058   Code   RO         2491    i.led_init          boot_main.o
    0x08001c0c   0x00000064   Code   RO         2492    i.main              boot_main.o
    0x08001c70   0x00000058   Code   RO         2493    i.normal_start_scan  boot_main.o
    0x08001cc8   0x00000012   Data   RO         1586    .constdata          usb_desc.o
    0x08001cda   0x00000043   Data   RO         1587    .constdata          usb_desc.o
    0x08001d1d   0x00000004   Data   RO         1588    .constdata          usb_desc.o
    0x08001d21   0x0000000e   Data   RO         1589    .constdata          usb_desc.o
    0x08001d2f   0x00000022   Data   RO         1590    .constdata          usb_desc.o
    0x08001d51   0x00000003   PAD
    0x08001d54   0x00000020   Data   RO         2949    Region$$Table       anon$$obj.o


    Execution Region RW_IRAM1 (Base: 0x20000000, Size: 0x00000ff0, Max: 0x00005000, ABSOLUTE)

    Base Addr    Size         Type   Attr      Idx    E Section Name        Object

    0x20000000   0x00000008   Data   RW         1056    .data               stm32fx_delay.o
    0x20000008   0x00000022   Data   RW         1591    .data               usb_desc.o
    0x2000002a   0x00000002   PAD
    0x2000002c   0x00000008   Data   RW         1610    .data               usb_endp.o
    0x20000034   0x0000000c   Data   RW         1637    .data               usb_istr.o
    0x20000040   0x0000001c   Data   RW         1638    .data               usb_istr.o
    0x2000005c   0x0000001c   Data   RW         1639    .data               usb_istr.o
    0x20000078   0x0000006c   Data   RW         1688    .data               usb_prop.o
    0x200000e4   0x00000002   Data   RW         1689    .data               usb_prop.o
    0x200000e6   0x00000002   PAD
    0x200000e8   0x00000004   Data   RW         1783    .data               usb_pwr.o
    0x200000ec   0x00000001   Data   RW         1784    .data               usb_pwr.o
    0x200000ed   0x00000003   PAD
    0x200000f0   0x00000008   Data   RW         1785    .data               usb_pwr.o
    0x200000f8   0x00000004   Data   RW         1841    .data               usb_core.o
    0x200000fc   0x00000001   Data   RW         1943    .data               usb_init.o
    0x200000fd   0x00000003   PAD
    0x20000100   0x0000000c   Data   RW         1944    .data               usb_init.o
    0x2000010c   0x00000002   Data   RW         1946    .data               usb_init.o
    0x2000010e   0x00000004   Data   RW         1969    .data               usb_int.o
    0x20000112   0x00000002   PAD
    0x20000114   0x00000a20   Zero   RW         1446    .bss                hw_config.o
    0x20000b34   0x00000080   Zero   RW         1609    .bss                usb_endp.o
    0x20000bb4   0x00000020   Zero   RW         1782    .bss                usb_pwr.o
    0x20000bd4   0x0000001c   Zero   RW         1942    .bss                usb_init.o
    0x20000bf0   0x00000400   Zero   RW            1    STACK               startup_stm32f10x_md_boot.o


==============================================================================

Image component sizes


      Code (inc. data)   RO Data    RW Data    ZI Data      Debug   Object Name

       772        124          0          0          0       6379   boot_main.o
        32          0          0          0          0       5064   core_cm3.o
       192         34          0          0       2592       9024   hw_config.o
       120         14          0          0          0       1502   misc.o
        36          8        236          0       1024        880   startup_stm32f10x_md_boot.o
       156         14          0          0          0       2156   stm32f10x_exti.o
       352         12          0          0          0       5625   stm32f10x_gpio.o
        36          4          0          0          0       4014   stm32f10x_it.o
        52         10          0          0          0        596   stm32f10x_pwr.o
        88         20          0          0          0       1054   stm32f10x_rcc.o
        96         10          0          8          0       2131   stm32fx_delay.o
       248         24          0          0          0     222277   system_stm32f10x.o
      2186        284          0          4          0      14475   usb_core.o
         0          0        137         34          0       1091   usb_desc.o
       188         24          0          8        128       2356   usb_endp.o
         0          0          0         15         28       3567   usb_init.o
       348         30          0          4          0       1636   usb_int.o
       336         26          0         68          0       1643   usb_istr.o
        12          0          0          0          0        912   usb_it.o
        76         12          0          0          0       1732   usb_mem.o
       528         92          0        110          0      10589   usb_prop.o
       416         48          0         13         32       3812   usb_pwr.o
       104          0          0          0          0       1795   usb_queue.o
       582        100          0          0          0       9321   usb_regs.o
        68          8          0          0          0       1406   usb_sil.o

    ----------------------------------------------------------------------
      7044        898        408        276       3804     315037   Object Totals
         0          0         32          0          0          0   (incl. Generated)
        20          0          3         12          0          0   (incl. Padding)

    ----------------------------------------------------------------------

      Code (inc. data)   RO Data    RW Data    ZI Data      Debug   Library Member Name

         0          0          0          0          0          0   entry.o
         0          0          0          0          0          0   entry10a.o
         0          0          0          0          0          0   entry11a.o
         8          4          0          0          0          0   entry2.o
         4          0          0          0          0          0   entry5.o
         0          0          0          0          0          0   entry7b.o
         0          0          0          0          0          0   entry8b.o
         8          4          0          0          0          0   entry9a.o
        30          0          0          0          0          0   handlers.o
        36          8          0          0          0         68   init.o

    ----------------------------------------------------------------------
        88         16          0          0          0         68   Library Totals
         2          0          0          0          0          0   (incl. Padding)

    ----------------------------------------------------------------------

      Code (inc. data)   RO Data    RW Data    ZI Data      Debug   Library Name

        86         16          0          0          0         68   mc_w.l

    ----------------------------------------------------------------------
        88         16          0          0          0         68   Library Totals

    ----------------------------------------------------------------------

==============================================================================


      Code (inc. data)   RO Data    RW Data    ZI Data      Debug   

      7132        914        408        276       3804     309797   Grand Totals
      7132        914        408        276       3804     309797   ELF Image Totals
      7132        914        408        276          0          0   ROM Totals

==============================================================================

    Total RO  Size (Code + RO Data)                 7540 (   7.36kB)
    Total RW  Size (RW Data + ZI Data)              4080 (   3.98kB)
    Total ROM Size (Code + RO Data + RW Data)       7816 (   7.63kB)

==============================================================================

